##### CALCE ours (cap_at_eol) #####
========================================================================================================
  CALCE  W=64  SP=300  test=CS2_35  rated=1.10 Ah  EOL_AH=0.77 Ah
  runs=[1, 2, 3, 4, 5, 6, 7, 8, 9, 10]  launch=SP300  steps=600
  AE: a non-crossing rollout prints '-' and is NEVER averaged in
========================================================================================================

  === OURS   test=CS2_35  SP300  W=64  root=../checkpoints/per_sp ===
  model  run    launch       t0      AE     AE/k   MAE_eol   MSE_eol   cap@EOL
  ours   1      SP300       300     125     0.37 1.508e-01 4.618e-02    0.2518
  ours   2      SP300       300       -        - 4.832e-02 4.457e-03    0.9712
  ours   3      SP300       300     234     0.69 1.870e-01 4.058e-02    0.6526
  ours   4      SP300       300     204     0.60 2.270e-02 8.277e-04    0.8502
  ours   5      SP300       300       -        - 5.560e-02 5.453e-03    0.9812
  ours   6      SP300       300       -        - 3.751e-02 2.093e-03    0.8722
  ours   7      SP300       300     112     0.33 1.001e-01 1.349e-02    0.6414
  ours   8      SP300       300      28     0.08 3.885e-02 2.078e-03    0.7923
  ours   9      SP300       300       -        - 5.155e-02 4.919e-03    0.9761
  ours   10     SP300       300      78     0.23 4.596e-02 2.612e-03    0.8137

  -> D:\research\degradation_prognostics\Transformer_and_Multi_Scale_Models\src\results\ar_baselines_tju.json

  === CALCE summary (mean over runs; cap@EOL true value = 0.770 Ah) ===
  model  launch     cross   MAE_eol   MSE_eol   cap@EOL   meanAE
  ours   SP300       6/10 7.384e-02 1.227e-02    0.7803    130.2
##### CALCE pf rm (cap_at_eol) #####
D:\anaconda\envs\patchformer\lib\site-packages\pytorch_lightning\utilities\parsing.py:269: UserWarning: Attribute 'logging_metrics' is an instance of `nn.Module` and is already saved during checkpointing. It is recommended to ignore them using `self.save_hyperparameters(ignore=['logging_metrics'])`.
  rank_zero_warn(
D:\anaconda\envs\patchformer\lib\site-packages\pytorch_lightning\utilities\parsing.py:269: UserWarning: Attribute 'loss' is an instance of `nn.Module` and is already saved during checkpointing. It is recommended to ignore them using `self.save_hyperparameters(ignore=['loss'])`.
  rank_zero_warn(
D:\anaconda\envs\patchformer\lib\site-packages\pytorch_lightning\utilities\parsing.py:269: UserWarning: Attribute 'logging_metrics' is an instance of `nn.Module` and is already saved during checkpointing. It is recommended to ignore them using `self.save_hyperparameters(ignore=['logging_metrics'])`.
  rank_zero_warn(
D:\anaconda\envs\patchformer\lib\site-packages\pytorch_lightning\utilities\parsing.py:269: UserWarning: Attribute 'loss' is an instance of `nn.Module` and is already saved during checkpointing. It is recommended to ignore them using `self.save_hyperparameters(ignore=['loss'])`.
  rank_zero_warn(
D:\anaconda\envs\patchformer\lib\site-packages\pytorch_lightning\utilities\parsing.py:269: UserWarning: Attribute 'logging_metrics' is an instance of `nn.Module` and is already saved during checkpointing. It is recommended to ignore them using `self.save_hyperparameters(ignore=['logging_metrics'])`.
  rank_zero_warn(
D:\anaconda\envs\patchformer\lib\site-packages\pytorch_lightning\utilities\parsing.py:269: UserWarning: Attribute 'loss' is an instance of `nn.Module` and is already saved during checkpointing. It is recommended to ignore them using `self.save_hyperparameters(ignore=['loss'])`.
  rank_zero_warn(
D:\anaconda\envs\patchformer\lib\site-packages\pytorch_lightning\utilities\parsing.py:269: UserWarning: Attribute 'logging_metrics' is an instance of `nn.Module` and is already saved during checkpointing. It is recommended to ignore them using `self.save_hyperparameters(ignore=['logging_metrics'])`.
  rank_zero_warn(
D:\anaconda\envs\patchformer\lib\site-packages\pytorch_lightning\utilities\parsing.py:269: UserWarning: Attribute 'loss' is an instance of `nn.Module` and is already saved during checkpointing. It is recommended to ignore them using `self.save_hyperparameters(ignore=['loss'])`.
  rank_zero_warn(
D:\anaconda\envs\patchformer\lib\site-packages\pytorch_lightning\utilities\parsing.py:269: UserWarning: Attribute 'logging_metrics' is an instance of `nn.Module` and is already saved during checkpointing. It is recommended to ignore them using `self.save_hyperparameters(ignore=['logging_metrics'])`.
  rank_zero_warn(
D:\anaconda\envs\patchformer\lib\site-packages\pytorch_lightning\utilities\parsing.py:269: UserWarning: Attribute 'loss' is an instance of `nn.Module` and is already saved during checkpointing. It is recommended to ignore them using `self.save_hyperparameters(ignore=['loss'])`.
  rank_zero_warn(
D:\anaconda\envs\patchformer\lib\site-packages\pytorch_lightning\utilities\parsing.py:269: UserWarning: Attribute 'logging_metrics' is an instance of `nn.Module` and is already saved during checkpointing. It is recommended to ignore them using `self.save_hyperparameters(ignore=['logging_metrics'])`.
  rank_zero_warn(
D:\anaconda\envs\patchformer\lib\site-packages\pytorch_lightning\utilities\parsing.py:269: UserWarning: Attribute 'loss' is an instance of `nn.Module` and is already saved during checkpointing. It is recommended to ignore them using `self.save_hyperparameters(ignore=['loss'])`.
  rank_zero_warn(
D:\anaconda\envs\patchformer\lib\site-packages\pytorch_lightning\utilities\parsing.py:269: UserWarning: Attribute 'logging_metrics' is an instance of `nn.Module` and is already saved during checkpointing. It is recommended to ignore them using `self.save_hyperparameters(ignore=['logging_metrics'])`.
  rank_zero_warn(
D:\anaconda\envs\patchformer\lib\site-packages\pytorch_lightning\utilities\parsing.py:269: UserWarning: Attribute 'loss' is an instance of `nn.Module` and is already saved during checkpointing. It is recommended to ignore them using `self.save_hyperparameters(ignore=['loss'])`.
  rank_zero_warn(
D:\anaconda\envs\patchformer\lib\site-packages\pytorch_lightning\utilities\parsing.py:269: UserWarning: Attribute 'logging_metrics' is an instance of `nn.Module` and is already saved during checkpointing. It is recommended to ignore them using `self.save_hyperparameters(ignore=['logging_metrics'])`.
  rank_zero_warn(
D:\anaconda\envs\patchformer\lib\site-packages\pytorch_lightning\utilities\parsing.py:269: UserWarning: Attribute 'loss' is an instance of `nn.Module` and is already saved during checkpointing. It is recommended to ignore them using `self.save_hyperparameters(ignore=['loss'])`.
  rank_zero_warn(
D:\anaconda\envs\patchformer\lib\site-packages\pytorch_lightning\utilities\parsing.py:269: UserWarning: Attribute 'logging_metrics' is an instance of `nn.Module` and is already saved during checkpointing. It is recommended to ignore them using `self.save_hyperparameters(ignore=['logging_metrics'])`.
  rank_zero_warn(
D:\anaconda\envs\patchformer\lib\site-packages\pytorch_lightning\utilities\parsing.py:269: UserWarning: Attribute 'loss' is an instance of `nn.Module` and is already saved during checkpointing. It is recommended to ignore them using `self.save_hyperparameters(ignore=['loss'])`.
  rank_zero_warn(
D:\anaconda\envs\patchformer\lib\site-packages\pytorch_lightning\utilities\parsing.py:269: UserWarning: Attribute 'logging_metrics' is an instance of `nn.Module` and is already saved during checkpointing. It is recommended to ignore them using `self.save_hyperparameters(ignore=['logging_metrics'])`.
  rank_zero_warn(
D:\anaconda\envs\patchformer\lib\site-packages\pytorch_lightning\utilities\parsing.py:269: UserWarning: Attribute 'loss' is an instance of `nn.Module` and is already saved during checkpointing. It is recommended to ignore them using `self.save_hyperparameters(ignore=['loss'])`.
  rank_zero_warn(
D:\anaconda\envs\patchformer\lib\site-packages\pytorch_lightning\utilities\parsing.py:269: UserWarning: Attribute 'logging_metrics' is an instance of `nn.Module` and is already saved during checkpointing. It is recommended to ignore them using `self.save_hyperparameters(ignore=['logging_metrics'])`.
  rank_zero_warn(
D:\anaconda\envs\patchformer\lib\site-packages\pytorch_lightning\utilities\parsing.py:269: UserWarning: Attribute 'loss' is an instance of `nn.Module` and is already saved during checkpointing. It is recommended to ignore them using `self.save_hyperparameters(ignore=['loss'])`.
  rank_zero_warn(
D:\anaconda\envs\patchformer\lib\site-packages\pytorch_lightning\utilities\parsing.py:269: UserWarning: Attribute 'logging_metrics' is an instance of `nn.Module` and is already saved during checkpointing. It is recommended to ignore them using `self.save_hyperparameters(ignore=['logging_metrics'])`.
  rank_zero_warn(
D:\anaconda\envs\patchformer\lib\site-packages\pytorch_lightning\utilities\parsing.py:269: UserWarning: Attribute 'loss' is an instance of `nn.Module` and is already saved during checkpointing. It is recommended to ignore them using `self.save_hyperparameters(ignore=['loss'])`.
  rank_zero_warn(
D:\anaconda\envs\patchformer\lib\site-packages\pytorch_lightning\utilities\parsing.py:269: UserWarning: Attribute 'logging_metrics' is an instance of `nn.Module` and is already saved during checkpointing. It is recommended to ignore them using `self.save_hyperparameters(ignore=['logging_metrics'])`.
  rank_zero_warn(
D:\anaconda\envs\patchformer\lib\site-packages\pytorch_lightning\utilities\parsing.py:269: UserWarning: Attribute 'loss' is an instance of `nn.Module` and is already saved during checkpointing. It is recommended to ignore them using `self.save_hyperparameters(ignore=['loss'])`.
  rank_zero_warn(
D:\anaconda\envs\patchformer\lib\site-packages\pytorch_lightning\utilities\parsing.py:269: UserWarning: Attribute 'logging_metrics' is an instance of `nn.Module` and is already saved during checkpointing. It is recommended to ignore them using `self.save_hyperparameters(ignore=['logging_metrics'])`.
  rank_zero_warn(
D:\anaconda\envs\patchformer\lib\site-packages\pytorch_lightning\utilities\parsing.py:269: UserWarning: Attribute 'loss' is an instance of `nn.Module` and is already saved during checkpointing. It is recommended to ignore them using `self.save_hyperparameters(ignore=['loss'])`.
  rank_zero_warn(
D:\anaconda\envs\patchformer\lib\site-packages\pytorch_lightning\utilities\parsing.py:269: UserWarning: Attribute 'logging_metrics' is an instance of `nn.Module` and is already saved during checkpointing. It is recommended to ignore them using `self.save_hyperparameters(ignore=['logging_metrics'])`.
  rank_zero_warn(
D:\anaconda\envs\patchformer\lib\site-packages\pytorch_lightning\utilities\parsing.py:269: UserWarning: Attribute 'loss' is an instance of `nn.Module` and is already saved during checkpointing. It is recommended to ignore them using `self.save_hyperparameters(ignore=['loss'])`.
  rank_zero_warn(
D:\anaconda\envs\patchformer\lib\site-packages\pytorch_lightning\utilities\parsing.py:269: UserWarning: Attribute 'logging_metrics' is an instance of `nn.Module` and is already saved during checkpointing. It is recommended to ignore them using `self.save_hyperparameters(ignore=['logging_metrics'])`.
  rank_zero_warn(
D:\anaconda\envs\patchformer\lib\site-packages\pytorch_lightning\utilities\parsing.py:269: UserWarning: Attribute 'loss' is an instance of `nn.Module` and is already saved during checkpointing. It is recommended to ignore them using `self.save_hyperparameters(ignore=['loss'])`.
  rank_zero_warn(
D:\anaconda\envs\patchformer\lib\site-packages\pytorch_lightning\utilities\parsing.py:269: UserWarning: Attribute 'logging_metrics' is an instance of `nn.Module` and is already saved during checkpointing. It is recommended to ignore them using `self.save_hyperparameters(ignore=['logging_metrics'])`.
  rank_zero_warn(
D:\anaconda\envs\patchformer\lib\site-packages\pytorch_lightning\utilities\parsing.py:269: UserWarning: Attribute 'loss' is an instance of `nn.Module` and is already saved during checkpointing. It is recommended to ignore them using `self.save_hyperparameters(ignore=['loss'])`.
  rank_zero_warn(
D:\anaconda\envs\patchformer\lib\site-packages\pytorch_lightning\utilities\parsing.py:269: UserWarning: Attribute 'logging_metrics' is an instance of `nn.Module` and is already saved during checkpointing. It is recommended to ignore them using `self.save_hyperparameters(ignore=['logging_metrics'])`.
  rank_zero_warn(
D:\anaconda\envs\patchformer\lib\site-packages\pytorch_lightning\utilities\parsing.py:269: UserWarning: Attribute 'loss' is an instance of `nn.Module` and is already saved during checkpointing. It is recommended to ignore them using `self.save_hyperparameters(ignore=['loss'])`.
  rank_zero_warn(
D:\anaconda\envs\patchformer\lib\site-packages\pytorch_lightning\utilities\parsing.py:269: UserWarning: Attribute 'logging_metrics' is an instance of `nn.Module` and is already saved during checkpointing. It is recommended to ignore them using `self.save_hyperparameters(ignore=['logging_metrics'])`.
  rank_zero_warn(
D:\anaconda\envs\patchformer\lib\site-packages\pytorch_lightning\utilities\parsing.py:269: UserWarning: Attribute 'loss' is an instance of `nn.Module` and is already saved during checkpointing. It is recommended to ignore them using `self.save_hyperparameters(ignore=['loss'])`.
  rank_zero_warn(
D:\anaconda\envs\patchformer\lib\site-packages\pytorch_lightning\utilities\parsing.py:269: UserWarning: Attribute 'logging_metrics' is an instance of `nn.Module` and is already saved during checkpointing. It is recommended to ignore them using `self.save_hyperparameters(ignore=['logging_metrics'])`.
  rank_zero_warn(
D:\anaconda\envs\patchformer\lib\site-packages\pytorch_lightning\utilities\parsing.py:269: UserWarning: Attribute 'loss' is an instance of `nn.Module` and is already saved during checkpointing. It is recommended to ignore them using `self.save_hyperparameters(ignore=['loss'])`.
  rank_zero_warn(

========================================================================================================
  CALCE  W=64  SP=300  test=CS2_35  rated=1.10 Ah  EOL_AH=0.77 Ah
  runs=[1, 2, 3, 4, 5, 6, 7, 8, 9, 10]  launch=SP300  steps=600
  AE: a non-crossing rollout prints '-' and is NEVER averaged in
========================================================================================================

  === PF   test=CS2_35  EOL=640  rated=1.10  EOL_AH=0.77  seql=64 ===
  model  run    launch       t0      AE     AE/k   MAE_eol   MSE_eol   cap@EOL
  pf     1      SP300       299       -        - 5.185e-02 5.022e-03    0.9739
  pf     2      SP300       299       -        - 4.573e-02 4.005e-03    0.9627
  pf     3      SP300       299       -        - 4.147e-02 3.016e-03    0.9480
  pf     4      SP300       299       -        - 4.419e-02 3.681e-03    0.9586
  pf     5      SP300       299       -        - 4.907e-02 4.628e-03    0.9699
  pf     6      SP300       299       -        - 4.407e-02 3.625e-03    0.9577
  pf     7      SP300       299       -        - 3.483e-02 1.997e-03    0.9226
  pf     8      SP300       299       -        - 4.728e-02 4.270e-03    0.9659
  pf     9      SP300       299       -        - 3.347e-02 1.681e-03    0.8968
  pf     10     SP300       299       -        - 4.599e-02 4.041e-03    0.9632

  === RM   test=CS2_35  EOL=640  rated=1.10  EOL_AH=0.77  seql=64 ===
  model  run    launch       t0      AE     AE/k   MAE_eol   MSE_eol   cap@EOL
  rm     1      SP300       299       -        - 3.385e-02 1.811e-03    0.9203
  rm     2      SP300       299       -        - 4.784e-02 4.383e-03    0.9706
  rm     3      SP300       299       -        - 5.062e-02 4.819e-03    0.9752
  rm     4      SP300       299       -        - 4.925e-02 4.618e-03    0.9731
  rm     5      SP300       299       -        - 3.550e-02 2.086e-03    0.9308
  rm     6      SP300       299       -        - 4.946e-02 4.650e-03    0.9735
  rm     7      SP300       299       -        - 5.079e-02 4.842e-03    0.9755
  rm     8      SP300       299       -        - 5.020e-02 4.761e-03    0.9746
  rm     9      SP300       299       -        - 4.978e-02 4.698e-03    0.9740
  rm     10     SP300       299       -        - 5.149e-02 4.934e-03    0.9764

  -> D:\research\degradation_prognostics\Transformer_and_Multi_Scale_Models\src\results\ar_baselines_tju.json

  === CALCE summary (mean over runs; cap@EOL true value = 0.770 Ah) ===
  model  launch     cross   MAE_eol   MSE_eol   cap@EOL   meanAE
  pf     SP300       0/10 4.379e-02 3.597e-03    0.9519        -
  rm     SP300       0/10 4.688e-02 4.160e-03    0.9644        -

##### MIT ours (cap_at_eol) #####
========================================================================================================
  MIT  W=64  SP=200  test=batch2_cell5  rated=1.07 Ah  EOL_AH=0.86 Ah
  runs=[1, 2, 3, 4, 5, 6, 7, 8, 9, 10]  launch=SP200  steps=320
  AE: a non-crossing rollout prints '-' and is NEVER averaged in
========================================================================================================

  === OURS   test=batch2_cell5  SP200  W=64  root=../checkpoints/per_sp ===
  model  run    launch       t0      AE     AE/k   MAE_eol   MSE_eol   cap@EOL
  ours   1      SP200       200      23     0.08 1.826e-02 6.207e-04    0.8081
  ours   1      SP200       200       -        - 3.092e-02 1.633e-03    0.8974
  ours   2      SP200       200       -        - 1.774e-02 1.115e-03    0.9682
  ours   2      SP200       200       -        - 8.559e-03 1.093e-04    0.9690
  ours   3      SP200       200       3     0.01 7.903e-03 9.232e-05    0.8529
  ours   3      SP200       200       -        - 2.148e-02 7.417e-04    0.9368
  ours   4      SP200       200      35     0.12 2.594e-02 1.333e-03    0.7859
  ours   4      SP200       200       -        - 2.703e-03 1.367e-05    1.0028
  ours   5      SP200       200     106     0.37 1.076e-01 2.351e-02    0.5902
  ours   5      SP200       200       -        - 1.289e-02 2.341e-04    0.9642
  ours   6      SP200       200       -        - 3.205e-02 2.761e-03    1.0133
  ours   6      SP200       200       -        - 8.655e-03 1.182e-04    0.9680
  ours   7      SP200       200      74     0.26 5.715e-02 6.377e-03    0.7415
  ours   7      SP200       200       -        - 9.036e-03 1.098e-04    0.9816
  ours   8      SP200       200       -        - 2.329e-02 1.756e-03    0.9896
  ours   8      SP200       200       -        - 1.288e-02 2.379e-04    0.9634
  ours   9      SP200       200      37     0.13 2.681e-02 1.488e-03    0.7649
  ours   9      SP200       200       -        - 1.279e-02 2.287e-04    0.9787
  ours   10     SP200       200       -        - 2.204e-02 1.634e-03    0.9863
  ours   10     SP200       200       -        - 1.425e-02 3.199e-04    0.9534

  -> D:\research\degradation_prognostics\Transformer_and_Multi_Scale_Models\src\results\ar_baselines_tju.json

  === MIT summary (mean over runs; cap@EOL true value = 0.860 Ah) ===
  model  launch     cross   MAE_eol   MSE_eol   cap@EOL   meanAE
  ours   SP200       6/20 2.365e-02 2.222e-03    0.9058     46.3
##### ALL DONE #####
