##### CALCE ours (EOL-50/100, 10 seeds) #####
========================================================================================================
  CALCE  W=64  SP=300  test=CS2_35  rated=1.10 Ah  EOL_AH=0.77 Ah
  runs=[1, 2, 3, 4, 5, 6, 7, 8, 9, 10]  launch=EOL-50/100  steps=400
  AE: a non-crossing rollout prints '-' and is NEVER averaged in
========================================================================================================

  === OURS   test=CS2_35  SP300  W=64  root=../checkpoints/per_sp ===
  model  run    launch       t0      AE     AE/k   MAE_eol   MSE_eol   cap@EOL
  ours   1      EOL-50      590      25     0.50 1.731e-02 4.788e-04    0.8192
  ours   1      EOL-100     540      12     0.12 3.086e-02 1.392e-03    0.7226
  ours   2      EOL-50      590       -        - 2.689e-02 1.374e-03    0.8650
  ours   2      EOL-100     540       -        - 3.711e-02 2.177e-03    0.8972
  ours   3      EOL-50      590     107     2.14 1.533e-02 4.679e-04    0.8327
  ours   3      EOL-100     540      55     0.55 2.247e-02 6.681e-04    0.8086
  ours   4      EOL-50      590     182     3.64 1.993e-02 1.101e-03    0.8598
  ours   4      EOL-100     540     230     2.30 2.049e-02 9.418e-04    0.8746
  ours   5      EOL-50      590       -        - 1.943e-02 1.023e-03    0.8582
  ours   5      EOL-100     540       -        - 2.006e-02 5.955e-04    0.8299
  ours   6      EOL-50      590     195     3.90 1.893e-02 1.024e-03    0.8610
  ours   6      EOL-100     540       -        - 1.833e-02 4.780e-04    0.8201
  ours   7      EOL-50      590      36     0.72 1.633e-02 5.764e-04    0.8456
  ours   7      EOL-100     540      32     0.32 1.301e-02 2.732e-04    0.8127
  ours   8      EOL-50      590     102     2.04 1.404e-02 4.626e-04    0.8367
  ours   8      EOL-100     540      91     0.91 1.700e-02 4.882e-04    0.8319
  ours   9      EOL-50      590      64     1.28 1.691e-02 6.283e-04    0.8432
  ours   9      EOL-100     540      31     0.31 1.385e-02 3.483e-04    0.8196
  ours   10     EOL-50      590       -        - 1.692e-02 8.150e-04    0.8518
  ours   10     EOL-100     540     240     2.40 1.508e-02 6.344e-04    0.8618

  -> D:\research\degradation_prognostics\Transformer_and_Multi_Scale_Models\src\results\ar_baselines_tju.json

  === CALCE summary (mean over runs; cap@EOL true value = 0.770 Ah) ===
  model  launch     cross   MAE_eol   MSE_eol   cap@EOL   meanAE
  ours   EOL-100     7/10 2.083e-02 7.997e-04    0.8279     98.7
  ours   EOL-50      7/10 1.820e-02 7.950e-04    0.8473    101.6
##### CALCE pf rm (EOL-50/100, 10 runs) #####
D:\anaconda\envs\patchformer\lib\site-packages\pytorch_lightning\utilities\parsing.py:269: UserWarning: Attribute 'logging_metrics' is an instance of `nn.Module` and is already saved during checkpointing. It is recommended to ignore them using `self.save_hyperparameters(ignore=['logging_metrics'])`.
  rank_zero_warn(
D:\anaconda\envs\patchformer\lib\site-packages\pytorch_lightning\utilities\parsing.py:269: UserWarning: Attribute 'loss' is an instance of `nn.Module` and is already saved during checkpointing. It is recommended to ignore them using `self.save_hyperparameters(ignore=['loss'])`.
  rank_zero_warn(
D:\anaconda\envs\patchformer\lib\site-packages\pytorch_lightning\utilities\parsing.py:269: UserWarning: Attribute 'logging_metrics' is an instance of `nn.Module` and is already saved during checkpointing. It is recommended to ignore them using `self.save_hyperparameters(ignore=['logging_metrics'])`.
  rank_zero_warn(
D:\anaconda\envs\patchformer\lib\site-packages\pytorch_lightning\utilities\parsing.py:269: UserWarning: Attribute 'loss' is an instance of `nn.Module` and is already saved during checkpointing. It is recommended to ignore them using `self.save_hyperparameters(ignore=['loss'])`.
  rank_zero_warn(
D:\anaconda\envs\patchformer\lib\site-packages\pytorch_lightning\utilities\parsing.py:269: UserWarning: Attribute 'logging_metrics' is an instance of `nn.Module` and is already saved during checkpointing. It is recommended to ignore them using `self.save_hyperparameters(ignore=['logging_metrics'])`.
  rank_zero_warn(
D:\anaconda\envs\patchformer\lib\site-packages\pytorch_lightning\utilities\parsing.py:269: UserWarning: Attribute 'loss' is an instance of `nn.Module` and is already saved during checkpointing. It is recommended to ignore them using `self.save_hyperparameters(ignore=['loss'])`.
  rank_zero_warn(
D:\anaconda\envs\patchformer\lib\site-packages\pytorch_lightning\utilities\parsing.py:269: UserWarning: Attribute 'logging_metrics' is an instance of `nn.Module` and is already saved during checkpointing. It is recommended to ignore them using `self.save_hyperparameters(ignore=['logging_metrics'])`.
  rank_zero_warn(
D:\anaconda\envs\patchformer\lib\site-packages\pytorch_lightning\utilities\parsing.py:269: UserWarning: Attribute 'loss' is an instance of `nn.Module` and is already saved during checkpointing. It is recommended to ignore them using `self.save_hyperparameters(ignore=['loss'])`.
  rank_zero_warn(
D:\anaconda\envs\patchformer\lib\site-packages\pytorch_lightning\utilities\parsing.py:269: UserWarning: Attribute 'logging_metrics' is an instance of `nn.Module` and is already saved during checkpointing. It is recommended to ignore them using `self.save_hyperparameters(ignore=['logging_metrics'])`.
  rank_zero_warn(
D:\anaconda\envs\patchformer\lib\site-packages\pytorch_lightning\utilities\parsing.py:269: UserWarning: Attribute 'loss' is an instance of `nn.Module` and is already saved during checkpointing. It is recommended to ignore them using `self.save_hyperparameters(ignore=['loss'])`.
  rank_zero_warn(
D:\anaconda\envs\patchformer\lib\site-packages\pytorch_lightning\utilities\parsing.py:269: UserWarning: Attribute 'logging_metrics' is an instance of `nn.Module` and is already saved during checkpointing. It is recommended to ignore them using `self.save_hyperparameters(ignore=['logging_metrics'])`.
  rank_zero_warn(
D:\anaconda\envs\patchformer\lib\site-packages\pytorch_lightning\utilities\parsing.py:269: UserWarning: Attribute 'loss' is an instance of `nn.Module` and is already saved during checkpointing. It is recommended to ignore them using `self.save_hyperparameters(ignore=['loss'])`.
  rank_zero_warn(
D:\anaconda\envs\patchformer\lib\site-packages\pytorch_lightning\utilities\parsing.py:269: UserWarning: Attribute 'logging_metrics' is an instance of `nn.Module` and is already saved during checkpointing. It is recommended to ignore them using `self.save_hyperparameters(ignore=['logging_metrics'])`.
  rank_zero_warn(
D:\anaconda\envs\patchformer\lib\site-packages\pytorch_lightning\utilities\parsing.py:269: UserWarning: Attribute 'loss' is an instance of `nn.Module` and is already saved during checkpointing. It is recommended to ignore them using `self.save_hyperparameters(ignore=['loss'])`.
  rank_zero_warn(
D:\anaconda\envs\patchformer\lib\site-packages\pytorch_lightning\utilities\parsing.py:269: UserWarning: Attribute 'logging_metrics' is an instance of `nn.Module` and is already saved during checkpointing. It is recommended to ignore them using `self.save_hyperparameters(ignore=['logging_metrics'])`.
  rank_zero_warn(
D:\anaconda\envs\patchformer\lib\site-packages\pytorch_lightning\utilities\parsing.py:269: UserWarning: Attribute 'loss' is an instance of `nn.Module` and is already saved during checkpointing. It is recommended to ignore them using `self.save_hyperparameters(ignore=['loss'])`.
  rank_zero_warn(
D:\anaconda\envs\patchformer\lib\site-packages\pytorch_lightning\utilities\parsing.py:269: UserWarning: Attribute 'logging_metrics' is an instance of `nn.Module` and is already saved during checkpointing. It is recommended to ignore them using `self.save_hyperparameters(ignore=['logging_metrics'])`.
  rank_zero_warn(
D:\anaconda\envs\patchformer\lib\site-packages\pytorch_lightning\utilities\parsing.py:269: UserWarning: Attribute 'loss' is an instance of `nn.Module` and is already saved during checkpointing. It is recommended to ignore them using `self.save_hyperparameters(ignore=['loss'])`.
  rank_zero_warn(
D:\anaconda\envs\patchformer\lib\site-packages\pytorch_lightning\utilities\parsing.py:269: UserWarning: Attribute 'logging_metrics' is an instance of `nn.Module` and is already saved during checkpointing. It is recommended to ignore them using `self.save_hyperparameters(ignore=['logging_metrics'])`.
  rank_zero_warn(
D:\anaconda\envs\patchformer\lib\site-packages\pytorch_lightning\utilities\parsing.py:269: UserWarning: Attribute 'loss' is an instance of `nn.Module` and is already saved during checkpointing. It is recommended to ignore them using `self.save_hyperparameters(ignore=['loss'])`.
  rank_zero_warn(
D:\anaconda\envs\patchformer\lib\site-packages\pytorch_lightning\utilities\parsing.py:269: UserWarning: Attribute 'logging_metrics' is an instance of `nn.Module` and is already saved during checkpointing. It is recommended to ignore them using `self.save_hyperparameters(ignore=['logging_metrics'])`.
  rank_zero_warn(
D:\anaconda\envs\patchformer\lib\site-packages\pytorch_lightning\utilities\parsing.py:269: UserWarning: Attribute 'loss' is an instance of `nn.Module` and is already saved during checkpointing. It is recommended to ignore them using `self.save_hyperparameters(ignore=['loss'])`.
  rank_zero_warn(
D:\anaconda\envs\patchformer\lib\site-packages\pytorch_lightning\utilities\parsing.py:269: UserWarning: Attribute 'logging_metrics' is an instance of `nn.Module` and is already saved during checkpointing. It is recommended to ignore them using `self.save_hyperparameters(ignore=['logging_metrics'])`.
  rank_zero_warn(
D:\anaconda\envs\patchformer\lib\site-packages\pytorch_lightning\utilities\parsing.py:269: UserWarning: Attribute 'loss' is an instance of `nn.Module` and is already saved during checkpointing. It is recommended to ignore them using `self.save_hyperparameters(ignore=['loss'])`.
  rank_zero_warn(
D:\anaconda\envs\patchformer\lib\site-packages\pytorch_lightning\utilities\parsing.py:269: UserWarning: Attribute 'logging_metrics' is an instance of `nn.Module` and is already saved during checkpointing. It is recommended to ignore them using `self.save_hyperparameters(ignore=['logging_metrics'])`.
  rank_zero_warn(
D:\anaconda\envs\patchformer\lib\site-packages\pytorch_lightning\utilities\parsing.py:269: UserWarning: Attribute 'loss' is an instance of `nn.Module` and is already saved during checkpointing. It is recommended to ignore them using `self.save_hyperparameters(ignore=['loss'])`.
  rank_zero_warn(
D:\anaconda\envs\patchformer\lib\site-packages\pytorch_lightning\utilities\parsing.py:269: UserWarning: Attribute 'logging_metrics' is an instance of `nn.Module` and is already saved during checkpointing. It is recommended to ignore them using `self.save_hyperparameters(ignore=['logging_metrics'])`.
  rank_zero_warn(
D:\anaconda\envs\patchformer\lib\site-packages\pytorch_lightning\utilities\parsing.py:269: UserWarning: Attribute 'loss' is an instance of `nn.Module` and is already saved during checkpointing. It is recommended to ignore them using `self.save_hyperparameters(ignore=['loss'])`.
  rank_zero_warn(
D:\anaconda\envs\patchformer\lib\site-packages\pytorch_lightning\utilities\parsing.py:269: UserWarning: Attribute 'logging_metrics' is an instance of `nn.Module` and is already saved during checkpointing. It is recommended to ignore them using `self.save_hyperparameters(ignore=['logging_metrics'])`.
  rank_zero_warn(
D:\anaconda\envs\patchformer\lib\site-packages\pytorch_lightning\utilities\parsing.py:269: UserWarning: Attribute 'loss' is an instance of `nn.Module` and is already saved during checkpointing. It is recommended to ignore them using `self.save_hyperparameters(ignore=['loss'])`.
  rank_zero_warn(
D:\anaconda\envs\patchformer\lib\site-packages\pytorch_lightning\utilities\parsing.py:269: UserWarning: Attribute 'logging_metrics' is an instance of `nn.Module` and is already saved during checkpointing. It is recommended to ignore them using `self.save_hyperparameters(ignore=['logging_metrics'])`.
  rank_zero_warn(
D:\anaconda\envs\patchformer\lib\site-packages\pytorch_lightning\utilities\parsing.py:269: UserWarning: Attribute 'loss' is an instance of `nn.Module` and is already saved during checkpointing. It is recommended to ignore them using `self.save_hyperparameters(ignore=['loss'])`.
  rank_zero_warn(
D:\anaconda\envs\patchformer\lib\site-packages\pytorch_lightning\utilities\parsing.py:269: UserWarning: Attribute 'logging_metrics' is an instance of `nn.Module` and is already saved during checkpointing. It is recommended to ignore them using `self.save_hyperparameters(ignore=['logging_metrics'])`.
  rank_zero_warn(
D:\anaconda\envs\patchformer\lib\site-packages\pytorch_lightning\utilities\parsing.py:269: UserWarning: Attribute 'loss' is an instance of `nn.Module` and is already saved during checkpointing. It is recommended to ignore them using `self.save_hyperparameters(ignore=['loss'])`.
  rank_zero_warn(
D:\anaconda\envs\patchformer\lib\site-packages\pytorch_lightning\utilities\parsing.py:269: UserWarning: Attribute 'logging_metrics' is an instance of `nn.Module` and is already saved during checkpointing. It is recommended to ignore them using `self.save_hyperparameters(ignore=['logging_metrics'])`.
  rank_zero_warn(
D:\anaconda\envs\patchformer\lib\site-packages\pytorch_lightning\utilities\parsing.py:269: UserWarning: Attribute 'loss' is an instance of `nn.Module` and is already saved during checkpointing. It is recommended to ignore them using `self.save_hyperparameters(ignore=['loss'])`.
  rank_zero_warn(
D:\anaconda\envs\patchformer\lib\site-packages\pytorch_lightning\utilities\parsing.py:269: UserWarning: Attribute 'logging_metrics' is an instance of `nn.Module` and is already saved during checkpointing. It is recommended to ignore them using `self.save_hyperparameters(ignore=['logging_metrics'])`.
  rank_zero_warn(
D:\anaconda\envs\patchformer\lib\site-packages\pytorch_lightning\utilities\parsing.py:269: UserWarning: Attribute 'loss' is an instance of `nn.Module` and is already saved during checkpointing. It is recommended to ignore them using `self.save_hyperparameters(ignore=['loss'])`.
  rank_zero_warn(
D:\anaconda\envs\patchformer\lib\site-packages\pytorch_lightning\utilities\parsing.py:269: UserWarning: Attribute 'logging_metrics' is an instance of `nn.Module` and is already saved during checkpointing. It is recommended to ignore them using `self.save_hyperparameters(ignore=['logging_metrics'])`.
  rank_zero_warn(
D:\anaconda\envs\patchformer\lib\site-packages\pytorch_lightning\utilities\parsing.py:269: UserWarning: Attribute 'loss' is an instance of `nn.Module` and is already saved during checkpointing. It is recommended to ignore them using `self.save_hyperparameters(ignore=['loss'])`.
  rank_zero_warn(

========================================================================================================
  CALCE  W=64  SP=300  test=CS2_35  rated=1.10 Ah  EOL_AH=0.77 Ah
  runs=[1, 2, 3, 4, 5, 6, 7, 8, 9, 10]  launch=EOL-50/100  steps=400
  AE: a non-crossing rollout prints '-' and is NEVER averaged in
========================================================================================================

  === PF   test=CS2_35  EOL=640  rated=1.10  EOL_AH=0.77  seql=64 ===
  model  run    launch       t0      AE     AE/k   MAE_eol   MSE_eol   cap@EOL
  pf     1      EOL-50      589       -        - 2.507e-02 1.558e-03    0.8685
  pf     1      EOL-100     539       -        - 3.502e-02 2.043e-03    0.8946
  pf     2      EOL-50      589       -        - 1.964e-02 1.059e-03    0.8557
  pf     2      EOL-100     539       -        - 2.287e-02 1.215e-03    0.8795
  pf     3      EOL-50      589       -        - 1.998e-02 1.088e-03    0.8552
  pf     3      EOL-100     539       -        - 2.233e-02 1.189e-03    0.8786
  pf     4      EOL-50      589       -        - 2.278e-02 1.347e-03    0.8673
  pf     4      EOL-100     539       -        - 3.141e-02 1.725e-03    0.8901
  pf     5      EOL-50      589       -        - 2.082e-02 1.221e-03    0.8599
  pf     5      EOL-100     539       -        - 2.810e-02 1.517e-03    0.8854
  pf     6      EOL-50      589       -        - 1.842e-02 9.039e-04    0.8494
  pf     6      EOL-100     539       -        - 1.528e-02 8.044e-04    0.8671
  pf     7      EOL-50      589       -        - 1.775e-02 7.554e-04    0.8404
  pf     7      EOL-100     539       -        - 1.188e-02 5.063e-04    0.8500
  pf     8      EOL-50      589       -        - 2.171e-02 1.256e-03    0.8647
  pf     8      EOL-100     539       -        - 3.147e-02 1.697e-03    0.8898
  pf     9      EOL-50      589      56     1.12 1.783e-02 5.509e-04    0.8241
  pf     9      EOL-100     539      33     0.33 1.629e-02 3.949e-04    0.8042
  pf     10     EOL-50      589       -        - 2.173e-02 1.295e-03    0.8643
  pf     10     EOL-100     539       -        - 3.017e-02 1.671e-03    0.8887

  === RM   test=CS2_35  EOL=640  rated=1.10  EOL_AH=0.77  seql=64 ===
  model  run    launch       t0      AE     AE/k   MAE_eol   MSE_eol   cap@EOL
  rm     1      EOL-50      589       -        - 1.985e-02 7.339e-04    0.8416
  rm     1      EOL-100     539       -        - 1.346e-02 5.794e-04    0.8582
  rm     2      EOL-50      589       -        - 2.336e-02 1.363e-03    0.8663
  rm     2      EOL-100     539       -        - 3.413e-02 1.951e-03    0.8963
  rm     3      EOL-50      589       -        - 2.218e-02 1.237e-03    0.8628
  rm     3      EOL-100     539       -        - 3.314e-02 1.879e-03    0.8952
  rm     4      EOL-50      589       -        - 2.226e-02 1.245e-03    0.8631
  rm     4      EOL-100     539       -        - 3.256e-02 1.841e-03    0.8946
  rm     5      EOL-50      589       -        - 1.983e-02 7.876e-04    0.8448
  rm     5      EOL-100     539       -        - 1.471e-02 6.948e-04    0.8644
  rm     6      EOL-50      589       -        - 2.264e-02 1.285e-03    0.8642
  rm     6      EOL-100     539       -        - 3.358e-02 1.911e-03    0.8957
  rm     7      EOL-50      589       -        - 2.243e-02 1.263e-03    0.8636
  rm     7      EOL-100     539       -        - 3.363e-02 1.913e-03    0.8957
  rm     8      EOL-50      589       -        - 2.230e-02 1.250e-03    0.8632
  rm     8      EOL-100     539       -        - 3.321e-02 1.885e-03    0.8953
  rm     9      EOL-50      589       -        - 2.223e-02 1.243e-03    0.8630
  rm     9      EOL-100     539       -        - 3.300e-02 1.870e-03    0.8951
  rm     10     EOL-50      589       -        - 2.186e-02 1.198e-03    0.8617
  rm     10     EOL-100     539       -        - 3.267e-02 1.847e-03    0.8947

  -> D:\research\degradation_prognostics\Transformer_and_Multi_Scale_Models\src\results\ar_baselines_tju.json

  === CALCE summary (mean over runs; cap@EOL true value = 0.770 Ah) ===
  model  launch     cross   MAE_eol   MSE_eol   cap@EOL   meanAE
  pf     EOL-100     1/10 2.448e-02 1.276e-03    0.8728     33.0
  pf     EOL-50      1/10 2.058e-02 1.103e-03    0.8549     56.0
  rm     EOL-100     0/10 2.941e-02 1.637e-03    0.8885        -
  rm     EOL-50      0/10 2.190e-02 1.161e-03    0.8594        -

##### MIT ours (EOL-50/100, 10 seeds) #####
========================================================================================================
  MIT  W=64  SP=200  test=batch2_cell5  rated=1.07 Ah  EOL_AH=0.86 Ah
  runs=[1, 2, 3, 4, 5, 6, 7, 8, 9, 10]  launch=EOL-50/100  steps=200
  AE: a non-crossing rollout prints '-' and is NEVER averaged in
========================================================================================================

  === OURS   test=batch2_cell5  SP200  W=64  root=../checkpoints/per_sp ===
  model  run    launch       t0      AE     AE/k   MAE_eol   MSE_eol   cap@EOL
  ours   1      EOL-50      439       2     0.04 2.387e-03 6.534e-06    0.8630
  ours   1      EOL-100     389      12     0.12 9.427e-03 1.517e-04    0.8821
  ours   1      EOL-50      676      11     0.22 7.993e-03 1.211e-04    0.8356
  ours   1      EOL-100     626       6     0.06 8.436e-03 9.311e-05    0.8693
  ours   2      EOL-50      439       2     0.04 2.712e-03 8.133e-06    0.8636
  ours   2      EOL-100     389       -        - 1.791e-02 5.162e-04    0.9033
  ours   2      EOL-50      676      17     0.34 1.659e-02 3.757e-04    0.8248
  ours   2      EOL-100     626      19     0.19 1.029e-02 2.510e-04    0.8216
  ours   3      EOL-50      439       1     0.02 2.000e-03 4.199e-06    0.8610
  ours   3      EOL-100     389      16     0.16 1.432e-02 3.160e-04    0.8902
  ours   3      EOL-50      676       8     0.16 4.559e-03 4.232e-05    0.8445
  ours   3      EOL-100     626       -        - 1.486e-02 3.225e-04    0.8938
  ours   4      EOL-50      439       2     0.04 2.612e-03 7.693e-06    0.8636
  ours   4      EOL-100     389      13     0.13 1.036e-02 1.680e-04    0.8830
  ours   4      EOL-50      676      11     0.22 8.082e-03 1.171e-04    0.8366
  ours   4      EOL-100     626       -        - 1.564e-02 3.215e-04    0.8898
  ours   5      EOL-50      439      14     0.28 1.802e-02 5.003e-04    0.8169
  ours   5      EOL-100     389      24     0.24 2.590e-02 1.208e-03    0.7854
  ours   5      EOL-50      676      16     0.32 1.522e-02 3.675e-04    0.8200
  ours   5      EOL-100     626      27     0.27 2.118e-02 9.060e-04    0.7912
  ours   6      EOL-50      439       1     0.02 1.377e-03 2.119e-06    0.8605
  ours   6      EOL-100     389      10     0.10 1.062e-02 1.588e-04    0.8789
  ours   6      EOL-50      676       -        - 2.057e-02 5.525e-04    0.9051
  ours   6      EOL-100     626       -        - 3.348e-02 1.691e-03    0.9444
  ours   7      EOL-50      439       3     0.06 4.202e-03 2.171e-05    0.8529
  ours   7      EOL-100     389       4     0.04 3.204e-03 1.717e-05    0.8517
  ours   7      EOL-50      676       4     0.08 5.174e-03 2.854e-05    0.8660
  ours   7      EOL-100     626       -        - 3.174e-02 1.544e-03    0.9413
  ours   8      EOL-50      439       5     0.10 6.429e-03 5.381e-05    0.8698
  ours   8      EOL-100     389       -        - 2.105e-02 6.998e-04    0.9095
  ours   8      EOL-50      676       9     0.18 6.315e-03 8.246e-05    0.8367
  ours   8      EOL-100     626       -        - 1.750e-02 4.551e-04    0.9019
  ours   9      EOL-50      439       2     0.04 1.987e-03 5.802e-06    0.8539
  ours   9      EOL-100     389       4     0.04 2.802e-03 1.459e-05    0.8496
  ours   9      EOL-50      676      12     0.24 8.979e-03 1.529e-04    0.8305
  ours   9      EOL-100     626       6     0.06 9.036e-03 1.042e-04    0.8710
  ours   10     EOL-50      439       0     0.00 3.705e-04 2.815e-07    0.8579
  ours   10     EOL-100     389       -        - 2.975e-02 1.482e-03    0.9404
  ours   10     EOL-50      676       8     0.16 4.865e-03 5.275e-05    0.8411
  ours   10     EOL-100     626      11     0.11 9.108e-03 1.225e-04    0.8778

  -> D:\research\degradation_prognostics\Transformer_and_Multi_Scale_Models\src\results\ar_baselines_tju.json

  === MIT summary (mean over runs; cap@EOL true value = 0.860 Ah) ===
  model  launch     cross   MAE_eol   MSE_eol   cap@EOL   meanAE
  ours   EOL-100    12/20 1.583e-02 5.271e-04    0.8788     12.7
  ours   EOL-50     19/20 7.022e-03 1.252e-04    0.8502      6.7
##### MIT pf rm (EOL-50/100, 10 runs) #####
D:\anaconda\envs\patchformer\lib\site-packages\pytorch_lightning\utilities\parsing.py:269: UserWarning: Attribute 'logging_metrics' is an instance of `nn.Module` and is already saved during checkpointing. It is recommended to ignore them using `self.save_hyperparameters(ignore=['logging_metrics'])`.
  rank_zero_warn(
D:\anaconda\envs\patchformer\lib\site-packages\pytorch_lightning\utilities\parsing.py:269: UserWarning: Attribute 'loss' is an instance of `nn.Module` and is already saved during checkpointing. It is recommended to ignore them using `self.save_hyperparameters(ignore=['loss'])`.
  rank_zero_warn(
D:\anaconda\envs\patchformer\lib\site-packages\pytorch_lightning\utilities\parsing.py:269: UserWarning: Attribute 'logging_metrics' is an instance of `nn.Module` and is already saved during checkpointing. It is recommended to ignore them using `self.save_hyperparameters(ignore=['logging_metrics'])`.
  rank_zero_warn(
D:\anaconda\envs\patchformer\lib\site-packages\pytorch_lightning\utilities\parsing.py:269: UserWarning: Attribute 'loss' is an instance of `nn.Module` and is already saved during checkpointing. It is recommended to ignore them using `self.save_hyperparameters(ignore=['loss'])`.
  rank_zero_warn(
D:\anaconda\envs\patchformer\lib\site-packages\pytorch_lightning\utilities\parsing.py:269: UserWarning: Attribute 'logging_metrics' is an instance of `nn.Module` and is already saved during checkpointing. It is recommended to ignore them using `self.save_hyperparameters(ignore=['logging_metrics'])`.
  rank_zero_warn(
D:\anaconda\envs\patchformer\lib\site-packages\pytorch_lightning\utilities\parsing.py:269: UserWarning: Attribute 'loss' is an instance of `nn.Module` and is already saved during checkpointing. It is recommended to ignore them using `self.save_hyperparameters(ignore=['loss'])`.
  rank_zero_warn(
D:\anaconda\envs\patchformer\lib\site-packages\pytorch_lightning\utilities\parsing.py:269: UserWarning: Attribute 'logging_metrics' is an instance of `nn.Module` and is already saved during checkpointing. It is recommended to ignore them using `self.save_hyperparameters(ignore=['logging_metrics'])`.
  rank_zero_warn(
D:\anaconda\envs\patchformer\lib\site-packages\pytorch_lightning\utilities\parsing.py:269: UserWarning: Attribute 'loss' is an instance of `nn.Module` and is already saved during checkpointing. It is recommended to ignore them using `self.save_hyperparameters(ignore=['loss'])`.
  rank_zero_warn(
D:\anaconda\envs\patchformer\lib\site-packages\pytorch_lightning\utilities\parsing.py:269: UserWarning: Attribute 'logging_metrics' is an instance of `nn.Module` and is already saved during checkpointing. It is recommended to ignore them using `self.save_hyperparameters(ignore=['logging_metrics'])`.
  rank_zero_warn(
D:\anaconda\envs\patchformer\lib\site-packages\pytorch_lightning\utilities\parsing.py:269: UserWarning: Attribute 'loss' is an instance of `nn.Module` and is already saved during checkpointing. It is recommended to ignore them using `self.save_hyperparameters(ignore=['loss'])`.
  rank_zero_warn(
D:\anaconda\envs\patchformer\lib\site-packages\pytorch_lightning\utilities\parsing.py:269: UserWarning: Attribute 'logging_metrics' is an instance of `nn.Module` and is already saved during checkpointing. It is recommended to ignore them using `self.save_hyperparameters(ignore=['logging_metrics'])`.
  rank_zero_warn(
D:\anaconda\envs\patchformer\lib\site-packages\pytorch_lightning\utilities\parsing.py:269: UserWarning: Attribute 'loss' is an instance of `nn.Module` and is already saved during checkpointing. It is recommended to ignore them using `self.save_hyperparameters(ignore=['loss'])`.
  rank_zero_warn(
D:\anaconda\envs\patchformer\lib\site-packages\pytorch_lightning\utilities\parsing.py:269: UserWarning: Attribute 'logging_metrics' is an instance of `nn.Module` and is already saved during checkpointing. It is recommended to ignore them using `self.save_hyperparameters(ignore=['logging_metrics'])`.
  rank_zero_warn(
D:\anaconda\envs\patchformer\lib\site-packages\pytorch_lightning\utilities\parsing.py:269: UserWarning: Attribute 'loss' is an instance of `nn.Module` and is already saved during checkpointing. It is recommended to ignore them using `self.save_hyperparameters(ignore=['loss'])`.
  rank_zero_warn(
D:\anaconda\envs\patchformer\lib\site-packages\pytorch_lightning\utilities\parsing.py:269: UserWarning: Attribute 'logging_metrics' is an instance of `nn.Module` and is already saved during checkpointing. It is recommended to ignore them using `self.save_hyperparameters(ignore=['logging_metrics'])`.
  rank_zero_warn(
D:\anaconda\envs\patchformer\lib\site-packages\pytorch_lightning\utilities\parsing.py:269: UserWarning: Attribute 'loss' is an instance of `nn.Module` and is already saved during checkpointing. It is recommended to ignore them using `self.save_hyperparameters(ignore=['loss'])`.
  rank_zero_warn(
D:\anaconda\envs\patchformer\lib\site-packages\pytorch_lightning\utilities\parsing.py:269: UserWarning: Attribute 'logging_metrics' is an instance of `nn.Module` and is already saved during checkpointing. It is recommended to ignore them using `self.save_hyperparameters(ignore=['logging_metrics'])`.
  rank_zero_warn(
D:\anaconda\envs\patchformer\lib\site-packages\pytorch_lightning\utilities\parsing.py:269: UserWarning: Attribute 'loss' is an instance of `nn.Module` and is already saved during checkpointing. It is recommended to ignore them using `self.save_hyperparameters(ignore=['loss'])`.
  rank_zero_warn(
D:\anaconda\envs\patchformer\lib\site-packages\pytorch_lightning\utilities\parsing.py:269: UserWarning: Attribute 'logging_metrics' is an instance of `nn.Module` and is already saved during checkpointing. It is recommended to ignore them using `self.save_hyperparameters(ignore=['logging_metrics'])`.
  rank_zero_warn(
D:\anaconda\envs\patchformer\lib\site-packages\pytorch_lightning\utilities\parsing.py:269: UserWarning: Attribute 'loss' is an instance of `nn.Module` and is already saved during checkpointing. It is recommended to ignore them using `self.save_hyperparameters(ignore=['loss'])`.
  rank_zero_warn(
D:\anaconda\envs\patchformer\lib\site-packages\pytorch_lightning\utilities\parsing.py:269: UserWarning: Attribute 'logging_metrics' is an instance of `nn.Module` and is already saved during checkpointing. It is recommended to ignore them using `self.save_hyperparameters(ignore=['logging_metrics'])`.
  rank_zero_warn(
D:\anaconda\envs\patchformer\lib\site-packages\pytorch_lightning\utilities\parsing.py:269: UserWarning: Attribute 'loss' is an instance of `nn.Module` and is already saved during checkpointing. It is recommended to ignore them using `self.save_hyperparameters(ignore=['loss'])`.
  rank_zero_warn(
D:\anaconda\envs\patchformer\lib\site-packages\pytorch_lightning\utilities\parsing.py:269: UserWarning: Attribute 'logging_metrics' is an instance of `nn.Module` and is already saved during checkpointing. It is recommended to ignore them using `self.save_hyperparameters(ignore=['logging_metrics'])`.
  rank_zero_warn(
D:\anaconda\envs\patchformer\lib\site-packages\pytorch_lightning\utilities\parsing.py:269: UserWarning: Attribute 'loss' is an instance of `nn.Module` and is already saved during checkpointing. It is recommended to ignore them using `self.save_hyperparameters(ignore=['loss'])`.
  rank_zero_warn(
D:\anaconda\envs\patchformer\lib\site-packages\pytorch_lightning\utilities\parsing.py:269: UserWarning: Attribute 'logging_metrics' is an instance of `nn.Module` and is already saved during checkpointing. It is recommended to ignore them using `self.save_hyperparameters(ignore=['logging_metrics'])`.
  rank_zero_warn(
D:\anaconda\envs\patchformer\lib\site-packages\pytorch_lightning\utilities\parsing.py:269: UserWarning: Attribute 'loss' is an instance of `nn.Module` and is already saved during checkpointing. It is recommended to ignore them using `self.save_hyperparameters(ignore=['loss'])`.
  rank_zero_warn(
D:\anaconda\envs\patchformer\lib\site-packages\pytorch_lightning\utilities\parsing.py:269: UserWarning: Attribute 'logging_metrics' is an instance of `nn.Module` and is already saved during checkpointing. It is recommended to ignore them using `self.save_hyperparameters(ignore=['logging_metrics'])`.
  rank_zero_warn(
D:\anaconda\envs\patchformer\lib\site-packages\pytorch_lightning\utilities\parsing.py:269: UserWarning: Attribute 'loss' is an instance of `nn.Module` and is already saved during checkpointing. It is recommended to ignore them using `self.save_hyperparameters(ignore=['loss'])`.
  rank_zero_warn(
D:\anaconda\envs\patchformer\lib\site-packages\pytorch_lightning\utilities\parsing.py:269: UserWarning: Attribute 'logging_metrics' is an instance of `nn.Module` and is already saved during checkpointing. It is recommended to ignore them using `self.save_hyperparameters(ignore=['logging_metrics'])`.
  rank_zero_warn(
D:\anaconda\envs\patchformer\lib\site-packages\pytorch_lightning\utilities\parsing.py:269: UserWarning: Attribute 'loss' is an instance of `nn.Module` and is already saved during checkpointing. It is recommended to ignore them using `self.save_hyperparameters(ignore=['loss'])`.
  rank_zero_warn(
D:\anaconda\envs\patchformer\lib\site-packages\pytorch_lightning\utilities\parsing.py:269: UserWarning: Attribute 'logging_metrics' is an instance of `nn.Module` and is already saved during checkpointing. It is recommended to ignore them using `self.save_hyperparameters(ignore=['logging_metrics'])`.
  rank_zero_warn(
D:\anaconda\envs\patchformer\lib\site-packages\pytorch_lightning\utilities\parsing.py:269: UserWarning: Attribute 'loss' is an instance of `nn.Module` and is already saved during checkpointing. It is recommended to ignore them using `self.save_hyperparameters(ignore=['loss'])`.
  rank_zero_warn(
D:\anaconda\envs\patchformer\lib\site-packages\pytorch_lightning\utilities\parsing.py:269: UserWarning: Attribute 'logging_metrics' is an instance of `nn.Module` and is already saved during checkpointing. It is recommended to ignore them using `self.save_hyperparameters(ignore=['logging_metrics'])`.
  rank_zero_warn(
D:\anaconda\envs\patchformer\lib\site-packages\pytorch_lightning\utilities\parsing.py:269: UserWarning: Attribute 'loss' is an instance of `nn.Module` and is already saved during checkpointing. It is recommended to ignore them using `self.save_hyperparameters(ignore=['loss'])`.
  rank_zero_warn(
D:\anaconda\envs\patchformer\lib\site-packages\pytorch_lightning\utilities\parsing.py:269: UserWarning: Attribute 'logging_metrics' is an instance of `nn.Module` and is already saved during checkpointing. It is recommended to ignore them using `self.save_hyperparameters(ignore=['logging_metrics'])`.
  rank_zero_warn(
D:\anaconda\envs\patchformer\lib\site-packages\pytorch_lightning\utilities\parsing.py:269: UserWarning: Attribute 'loss' is an instance of `nn.Module` and is already saved during checkpointing. It is recommended to ignore them using `self.save_hyperparameters(ignore=['loss'])`.
  rank_zero_warn(
D:\anaconda\envs\patchformer\lib\site-packages\pytorch_lightning\utilities\parsing.py:269: UserWarning: Attribute 'logging_metrics' is an instance of `nn.Module` and is already saved during checkpointing. It is recommended to ignore them using `self.save_hyperparameters(ignore=['logging_metrics'])`.
  rank_zero_warn(
D:\anaconda\envs\patchformer\lib\site-packages\pytorch_lightning\utilities\parsing.py:269: UserWarning: Attribute 'loss' is an instance of `nn.Module` and is already saved during checkpointing. It is recommended to ignore them using `self.save_hyperparameters(ignore=['loss'])`.
  rank_zero_warn(
D:\anaconda\envs\patchformer\lib\site-packages\pytorch_lightning\utilities\parsing.py:269: UserWarning: Attribute 'logging_metrics' is an instance of `nn.Module` and is already saved during checkpointing. It is recommended to ignore them using `self.save_hyperparameters(ignore=['logging_metrics'])`.
  rank_zero_warn(
D:\anaconda\envs\patchformer\lib\site-packages\pytorch_lightning\utilities\parsing.py:269: UserWarning: Attribute 'loss' is an instance of `nn.Module` and is already saved during checkpointing. It is recommended to ignore them using `self.save_hyperparameters(ignore=['loss'])`.
  rank_zero_warn(

========================================================================================================
  MIT  W=64  SP=200  test=batch2_cell5  rated=1.07 Ah  EOL_AH=0.86 Ah
  runs=[1, 2, 3, 4, 5, 6, 7, 8, 9, 10]  launch=EOL-50/100  steps=200
  AE: a non-crossing rollout prints '-' and is NEVER averaged in
========================================================================================================

  === PF   test=batch2_cell5  EOL=489  rated=1.07  EOL_AH=0.86  seql=64 ===
  model  run    launch       t0      AE     AE/k   MAE_eol   MSE_eol   cap@EOL
  pf     1      EOL-50      438      14     0.28 1.751e-02 5.081e-04    0.8092
  pf     1      EOL-100     388      24     0.24 2.699e-02 1.491e-03    0.7602
  pf     2      EOL-50      438      10     0.20 1.081e-02 1.840e-04    0.8305
  pf     2      EOL-100     388      21     0.21 2.245e-02 8.420e-04    0.7943
  pf     3      EOL-50      438      15     0.30 1.924e-02 5.910e-04    0.8086
  pf     3      EOL-100     388      27     0.27 3.036e-02 1.741e-03    0.7672
  pf     4      EOL-50      438       -        - 1.202e-02 2.089e-04    0.8886
  pf     4      EOL-100     388       -        - 2.730e-02 1.256e-03    0.9340
  pf     5      EOL-50      438      11     0.22 1.249e-02 2.571e-04    0.8243
  pf     5      EOL-100     388      18     0.18 1.612e-02 5.101e-04    0.8019
  pf     6      EOL-50      438      22     0.44 4.640e-02 3.723e-03    0.7180
  pf     6      EOL-100     388      43     0.43 9.518e-02 1.791e-02    0.5816
  pf     7      EOL-50      438       2     0.04 1.070e-03 2.607e-06    0.8552
  pf     7      EOL-100     388       2     0.02 2.270e-03 7.991e-06    0.8639
  pf     8      EOL-50      438       -        - 1.296e-02 2.490e-04    0.8917
  pf     8      EOL-100     388       -        - 2.223e-02 8.613e-04    0.9230
  pf     9      EOL-50      438       3     0.06 3.232e-03 1.265e-05    0.8649
  pf     9      EOL-100     388       -        - 2.161e-02 7.660e-04    0.9156
  pf     10     EOL-50      438      22     0.44 4.508e-02 3.599e-03    0.7109
  pf     10     EOL-100     388      43     0.43 1.221e-01 3.534e-02    0.3096

  === RM   test=batch2_cell5  EOL=489  rated=1.07  EOL_AH=0.86  seql=64 ===
  model  run    launch       t0      AE     AE/k   MAE_eol   MSE_eol   cap@EOL
  rm     1      EOL-50      438       3     0.06 4.987e-03 2.631e-05    0.8647
  rm     1      EOL-100     388       -        - 1.674e-02 4.437e-04    0.8999
  rm     2      EOL-50      438       3     0.06 5.602e-03 3.336e-05    0.8657
  rm     2      EOL-100     388       -        - 1.900e-02 5.705e-04    0.9059
  rm     3      EOL-50      438       1     0.02 4.043e-03 1.725e-05    0.8617
  rm     3      EOL-100     388       -        - 1.696e-02 4.509e-04    0.8996
  rm     4      EOL-50      438       0     0.00 3.311e-03 1.241e-05    0.8593
  rm     4      EOL-100     388       -        - 1.729e-02 4.653e-04    0.8997
  rm     5      EOL-50      438       4     0.08 6.048e-03 3.938e-05    0.8670
  rm     5      EOL-100     388       -        - 1.888e-02 5.655e-04    0.9059
  rm     6      EOL-50      438       2     0.04 4.530e-03 2.155e-05    0.8625
  rm     6      EOL-100     388       -        - 1.892e-02 5.609e-04    0.9048
  rm     7      EOL-50      438       4     0.08 6.253e-03 4.192e-05    0.8669
  rm     7      EOL-100     388       -        - 2.055e-02 6.682e-04    0.9102
  rm     8      EOL-50      438       1     0.02 3.933e-03 1.652e-05    0.8610
  rm     8      EOL-100     388       -        - 1.756e-02 4.826e-04    0.9010
  rm     9      EOL-50      438       6     0.12 4.788e-03 4.737e-05    0.8408
  rm     9      EOL-100     388       -        - 2.594e-02 1.002e-03    0.9175
  rm     10     EOL-50      438       2     0.04 4.325e-03 1.964e-05    0.8625
  rm     10     EOL-100     388       -        - 1.708e-02 4.582e-04    0.9001

  -> D:\research\degradation_prognostics\Transformer_and_Multi_Scale_Models\src\results\ar_baselines_tju.json

  === MIT summary (mean over runs; cap@EOL true value = 0.860 Ah) ===
  model  launch     cross   MAE_eol   MSE_eol   cap@EOL   meanAE
  pf     EOL-100     7/10 3.866e-02 6.072e-03    0.7651     25.4
  pf     EOL-50      8/10 1.808e-02 9.336e-04    0.8202     12.4
  rm     EOL-100     0/10 1.889e-02 5.667e-04    0.9045        -
  rm     EOL-50     10/10 4.782e-03 2.757e-05    0.8612      2.6

##### ALL DONE #####
