=== ours  ks=(10, 20, 40, 80, 160, 320)  runs=[1, 2, 3, 4, 5, 6, 7, 8, 9, 10] ===
  verification seeds done: 10/10
  [verify] ours teacher-forced SP300: MAE=0.003724 (ref 0.0037 common (train-cell min-max)) R2=0.9976 (ref 0.9976) -> PASS
  ours seed 1 SP300 k=320 (T=268): MAE=285.12mAh cross=409 AE=180 (full 409/180) d1=0.0e+00 [22s]
  ours seed 1 SP400 k=160 (T=428): MAE=37.73mAh cross=None AE=None (full None/None) d1=0.0e+00 [15s]
  ours seed 1 SP500 k= 10 (T=578): MAE=7.51mAh cross=None AE=None (full 598/9) d1=0.0e+00 [9s]
  ours seed 1 SP500 k= 20 (T=568): MAE=10.84mAh cross=None AE=None (full None/None) d1=0.0e+00 [8s]
  ours seed 1 SP500 k= 40 (T=548): MAE=15.39mAh cross=582 AE=7 (full 582/7) d1=0.0e+00 [9s]
  ours seed 1 SP500 k= 80 (T=508): MAE=27.34mAh cross=None AE=None (full None/None) d1=0.0e+00 [11s]
  ours seed 2 SP300 k=320 (T=268): MAE=114.59mAh cross=None AE=None (full None/None) d1=0.0e+00 [22s]
  ours seed 2 SP400 k=160 (T=428): MAE=51.87mAh cross=548 AE=41 (full 548/41) d1=0.0e+00 [15s]
  ours seed 2 SP500 k= 10 (T=578): MAE=7.53mAh cross=None AE=None (full None/None) d1=0.0e+00 [8s]
  ours seed 2 SP500 k= 20 (T=568): MAE=13.76mAh cross=None AE=None (full None/None) d1=0.0e+00 [8s]
  ours seed 2 SP500 k= 40 (T=548): MAE=7.81mAh cross=None AE=None (full None/None) d1=0.0e+00 [9s]
  ours seed 2 SP500 k= 80 (T=508): MAE=27.04mAh cross=None AE=None (full None/None) d1=0.0e+00 [11s]
  ours seed 3 SP300 k=320 (T=268): MAE=128.51mAh cross=None AE=None (full None/None) d1=0.0e+00 [22s]
  ours seed 3 SP400 k=160 (T=428): MAE=151.50mAh cross=507 AE=82 (full 507/82) d1=0.0e+00 [16s]
  ours seed 3 SP500 k= 10 (T=578): MAE=12.74mAh cross=None AE=None (full None/None) d1=0.0e+00 [8s]
  ours seed 3 SP500 k= 20 (T=568): MAE=15.57mAh cross=None AE=None (full None/None) d1=0.0e+00 [9s]
  ours seed 3 SP500 k= 40 (T=548): MAE=7.91mAh cross=None AE=None (full 593/4) d1=0.0e+00 [9s]
  ours seed 3 SP500 k= 80 (T=508): MAE=30.63mAh cross=None AE=None (full None/None) d1=0.0e+00 [12s]
  ours seed 4 SP300 k=320 (T=268): MAE=369.70mAh cross=365 AE=224 (full 365/224) d1=0.0e+00 [25s]
  ours seed 4 SP400 k=160 (T=428): MAE=148.90mAh cross=508 AE=81 (full 508/81) d1=0.0e+00 [16s]
  ours seed 4 SP500 k= 10 (T=578): MAE=6.32mAh cross=None AE=None (full 597/8) d1=0.0e+00 [8s]
  ours seed 4 SP500 k= 20 (T=568): MAE=10.63mAh cross=None AE=None (full None/None) d1=0.0e+00 [9s]
  ours seed 4 SP500 k= 40 (T=548): MAE=37.80mAh cross=571 AE=18 (full 571/18) d1=0.0e+00 [10s]
  ours seed 4 SP500 k= 80 (T=508): MAE=21.52mAh cross=None AE=None (full None/None) d1=0.0e+00 [12s]
  ours seed 5 SP300 k=320 (T=268): MAE=121.16mAh cross=None AE=None (full None/None) d1=0.0e+00 [26s]
  ours seed 5 SP400 k=160 (T=428): MAE=92.91mAh cross=523 AE=66 (full 523/66) d1=0.0e+00 [21s]
  ours seed 5 SP500 k= 10 (T=578): MAE=7.70mAh cross=None AE=None (full 599/10) d1=0.0e+00 [11s]
  ours seed 5 SP500 k= 20 (T=568): MAE=10.54mAh cross=None AE=None (full None/None) d1=0.0e+00 [11s]
  ours seed 5 SP500 k= 40 (T=548): MAE=6.28mAh cross=None AE=None (full None/None) d1=0.0e+00 [13s]
  ours seed 5 SP500 k= 80 (T=508): MAE=23.95mAh cross=None AE=None (full None/None) d1=0.0e+00 [15s]
  ours seed 6 SP300 k=320 (T=268): MAE=130.16mAh cross=None AE=None (full None/None) d1=0.0e+00 [28s]
  ours seed 6 SP400 k=160 (T=428): MAE=72.57mAh cross=None AE=None (full None/None) d1=0.0e+00 [17s]
  ours seed 6 SP500 k= 10 (T=578): MAE=9.87mAh cross=None AE=None (full None/None) d1=0.0e+00 [9s]
  ours seed 6 SP500 k= 20 (T=568): MAE=12.78mAh cross=None AE=None (full None/None) d1=0.0e+00 [10s]
  ours seed 6 SP500 k= 40 (T=548): MAE=5.41mAh cross=None AE=None (full 601/12) d1=0.0e+00 [11s]
  ours seed 6 SP500 k= 80 (T=508): MAE=24.00mAh cross=None AE=None (full None/None) d1=0.0e+00 [13s]
  ours seed 7 SP300 k=320 (T=268): MAE=174.38mAh cross=442 AE=147 (full 442/147) d1=0.0e+00 [25s]
  ours seed 7 SP400 k=160 (T=428): MAE=17.62mAh cross=None AE=None (full None/None) d1=0.0e+00 [17s]
  ours seed 7 SP500 k= 10 (T=578): MAE=2.03mAh cross=588 AE=1 (full 588/1) d1=0.0e+00 [10s]
  ours seed 7 SP500 k= 20 (T=568): MAE=7.86mAh cross=584 AE=5 (full 584/5) d1=0.0e+00 [10s]
  ours seed 7 SP500 k= 40 (T=548): MAE=13.92mAh cross=580 AE=9 (full 580/9) d1=0.0e+00 [11s]
  ours seed 7 SP500 k= 80 (T=508): MAE=146.21mAh cross=539 AE=50 (full 539/50) d1=0.0e+00 [13s]
  ours seed 8 SP300 k=320 (T=268): MAE=74.04mAh cross=None AE=None (full None/None) d1=0.0e+00 [26s]
  ours seed 8 SP400 k=160 (T=428): MAE=61.26mAh cross=None AE=None (full None/None) d1=0.0e+00 [20s]
  ours seed 8 SP500 k= 10 (T=578): MAE=4.33mAh cross=None AE=None (full 592/3) d1=0.0e+00 [10s]
  ours seed 8 SP500 k= 20 (T=568): MAE=5.97mAh cross=None AE=None (full 599/10) d1=0.0e+00 [10s]
  ours seed 8 SP500 k= 40 (T=548): MAE=21.51mAh cross=576 AE=13 (full 576/13) d1=0.0e+00 [13s]
  ours seed 8 SP500 k= 80 (T=508): MAE=60.76mAh cross=551 AE=38 (full 551/38) d1=0.0e+00 [16s]
  ours seed 9 SP300 k=320 (T=268): MAE=124.04mAh cross=None AE=None (full None/None) d1=0.0e+00 [27s]
  ours seed 9 SP400 k=160 (T=428): MAE=102.07mAh cross=517 AE=72 (full 517/72) d1=0.0e+00 [16s]
  ours seed 9 SP500 k= 10 (T=578): MAE=9.37mAh cross=None AE=None (full None/None) d1=0.0e+00 [10s]
  ours seed 9 SP500 k= 20 (T=568): MAE=13.97mAh cross=None AE=None (full None/None) d1=0.0e+00 [11s]
  ours seed 9 SP500 k= 40 (T=548): MAE=6.20mAh cross=None AE=None (full None/None) d1=0.0e+00 [12s]
  ours seed 9 SP500 k= 80 (T=508): MAE=26.72mAh cross=None AE=None (full None/None) d1=0.0e+00 [14s]
  ours seed10 SP300 k=320 (T=268): MAE=55.91mAh cross=None AE=None (full None/None) d1=0.0e+00 [26s]
  ours seed10 SP400 k=160 (T=428): MAE=27.04mAh cross=None AE=None (full None/None) d1=0.0e+00 [17s]
  ours seed10 SP500 k= 10 (T=578): MAE=9.94mAh cross=None AE=None (full 607/18) d1=0.0e+00 [9s]
  ours seed10 SP500 k= 20 (T=568): MAE=13.62mAh cross=None AE=None (full None/None) d1=0.0e+00 [10s]
  ours seed10 SP500 k= 40 (T=548): MAE=14.92mAh cross=585 AE=4 (full 585/4) d1=0.0e+00 [12s]
  ours seed10 SP500 k= 80 (T=508): MAE=24.40mAh cross=None AE=None (full None/None) d1=0.0e+00 [15s]

saved D:\research\degradation_prognostics\Transformer_and_Multi_Scale_Models\src\results\ar_ktable_panasonic.json
