========================================================================================================
  NASA  W=30  SP=50  test=B0005  rated=2.00 Ah  EOL_AH=1.40 Ah
  runs=[1, 2, 3]  launches=EOL-20/30/40/50/60  steps=200
  AE: a non-crossing rollout prints '-' and is NEVER averaged in
========================================================================================================
Load Dataset B0005.mat ...
Load Dataset B0006.mat ...
Load Dataset B0007.mat ...
Load Dataset B0018.mat ...
Load Dataset B0005.mat ...
Load Dataset B0006.mat ...
Load Dataset B0007.mat ...
Load Dataset B0018.mat ...

  === PF   test=B0005  EOL=124  rated=2.00  EOL_AH=1.40  seql=30 ===
  model  run    launch       t0      AE     AE/k   MAE_eol   MSE_eol    MAE@50    MSE@50     cross
  pf     1      EOL-20      103       8     0.40 2.094e-02 6.667e-04 3.961e-02 2.089e-03         Y
  pf     1      EOL-30       93       8     0.27 1.491e-02 4.334e-04 2.614e-02 1.056e-03         Y
  pf     1      EOL-40       83       9     0.23 2.771e-02 1.058e-03 2.900e-02 1.090e-03         Y
  pf     1      EOL-50       73      11     0.22 2.747e-02 1.154e-03 2.716e-02 1.140e-03         Y
  pf     1      EOL-60       63      10     0.17 2.144e-02 8.364e-04 1.805e-02 6.782e-04         Y
  pf     2      EOL-20      103       7     0.35 1.563e-02 4.062e-04 2.154e-02 6.351e-04         Y
  pf     2      EOL-30       93       5     0.17 1.052e-02 2.270e-04 1.389e-02 3.000e-04         Y
  pf     2      EOL-40       83       7     0.17 2.356e-02 8.436e-04 2.147e-02 7.217e-04         Y
  pf     2      EOL-50       73      10     0.20 2.856e-02 1.190e-03 2.851e-02 1.194e-03         Y
  pf     2      EOL-60       63      11     0.18 2.526e-02 1.054e-03 2.331e-02 9.969e-04         Y
  pf     3      EOL-20      103      11     0.55 4.614e-02 3.382e-03 2.092e-01 7.768e-02         Y
  pf     3      EOL-30       93      14     0.47 6.495e-02 6.934e-03 1.717e-01 5.427e-02         Y
  pf     3      EOL-40       83      27     0.68 2.271e-01 7.991e-02 3.203e-01 1.665e-01         Y
  pf     3      EOL-50       73      35     0.70 3.777e-01 2.376e-01 3.647e-01 2.211e-01         Y
  pf     3      EOL-60       63      35     0.58 2.978e-01 1.791e-01 1.826e-01 6.709e-02         Y

  === RM   test=B0005  EOL=124  rated=2.00  EOL_AH=1.40  seql=30 ===
  model  run    launch       t0      AE     AE/k   MAE_eol   MSE_eol    MAE@50    MSE@50     cross
  rm     1      EOL-20      103       2     0.10 1.092e-02 1.551e-04 1.916e-02 5.723e-04         Y
  rm     1      EOL-30       93       5     0.17 1.184e-02 1.796e-04 1.760e-02 4.302e-04         Y
  rm     1      EOL-40       83       -        - 2.111e-02 6.748e-04 2.934e-02 1.378e-03         n
  rm     1      EOL-50       73       -        - 2.904e-02 1.117e-03 2.839e-02 1.064e-03         n
  rm     1      EOL-60       63       -        - 4.475e-02 2.335e-03 3.937e-02 1.770e-03         n
  rm     2      EOL-20      103       -        - 2.129e-02 5.621e-04 4.797e-02 3.047e-03         n
  rm     2      EOL-30       93       -        - 2.203e-02 6.684e-04 3.998e-02 2.297e-03         n
  rm     2      EOL-40       83       -        - 2.085e-02 7.579e-04 2.893e-02 1.413e-03         n
  rm     2      EOL-50       73       -        - 1.916e-02 6.808e-04 1.905e-02 6.820e-04         n
  rm     2      EOL-60       63       -        - 6.292e-02 4.646e-03 5.398e-02 3.285e-03         n
  rm     3      EOL-20      103       -        - 1.510e-02 2.588e-04 3.749e-02 1.984e-03         n
  rm     3      EOL-30       93       -        - 1.360e-02 2.391e-04 2.690e-02 1.104e-03         n
  rm     3      EOL-40       83       -        - 1.929e-02 6.147e-04 2.716e-02 1.234e-03         n
  rm     3      EOL-50       73       -        - 2.534e-02 9.583e-04 2.457e-02 8.956e-04         n
  rm     3      EOL-60       63       -        - 4.768e-02 2.676e-03 4.094e-02 1.887e-03         n

  -> D:\research\degradation_prognostics\Transformer_and_Multi_Scale_Models\src\results\ar_baselines_tju.json

  === NASA summary (mean over runs) ===
  model  launch     cross   MAE_eol   MSE_eol    MAE@50    MSE@50   meanAE
  pf     EOL-20      3/3 2.757e-02 1.485e-03 9.012e-02 2.680e-02      8.7
  pf     EOL-30      3/3 3.013e-02 2.531e-03 7.056e-02 1.854e-02      9.0
  pf     EOL-40      3/3 9.279e-02 2.727e-02 1.236e-01 5.610e-02     14.3
  pf     EOL-50      3/3 1.446e-01 7.999e-02 1.401e-01 7.448e-02     18.7
  pf     EOL-60      3/3 1.148e-01 6.032e-02 7.466e-02 2.292e-02     18.7
  rm     EOL-20      1/3 1.577e-02 3.253e-04 3.487e-02 1.868e-03      2.0
  rm     EOL-30      1/3 1.582e-02 3.624e-04 2.816e-02 1.277e-03      5.0
  rm     EOL-40      0/3 2.042e-02 6.825e-04 2.848e-02 1.342e-03        -
  rm     EOL-50      0/3 2.452e-02 9.188e-04 2.400e-02 8.805e-04        -
  rm     EOL-60      0/3 5.178e-02 3.219e-03 4.477e-02 2.314e-03        -

