common space: lo=1.7590938807 hi=2.7784485817
  pf SP300 run 1: tf MAE=0.0033Ah R2=0.9977 AE=1 (stored 0.0033/0.9977/1) | roll MAE=0.3918(c) R2=-4.574 cross=165 AE=124 | d1=1.5e-07 [13s]
  pf SP300 run 2: tf MAE=0.0033Ah R2=0.9977 AE=1 (stored 0.0033/0.9977/1) | roll MAE=0.1841(c) R2=-0.502 cross=None AE=None | d1=3.0e-08 [20s]
  pf SP300 run 3: tf MAE=0.0034Ah R2=0.9977 AE=1 (stored 0.0034/0.9977/1) | roll MAE=0.2446(c) R2=-1.423 cross=None AE=None | d1=8.3e-09 [27s]
  pf SP300 run 4: tf MAE=0.0034Ah R2=0.9977 AE=1 (stored 0.0034/0.9977/1) | roll MAE=0.2355(c) R2=-1.283 cross=None AE=None | d1=2.0e-08 [33s]
  pf SP300 run 5: tf MAE=0.0033Ah R2=0.9977 AE=1 (stored 0.0033/0.9977/1) | roll MAE=0.2834(c) R2=-2.036 cross=None AE=None | d1=7.6e-08 [40s]
  pf SP300 run 6: tf MAE=0.0035Ah R2=0.9976 AE=1 (stored 0.0035/0.9976/1) | roll MAE=0.1858(c) R2=-0.110 cross=174 AE=115 | d1=1.2e-07 [46s]
  pf SP300 run 7: tf MAE=0.0033Ah R2=0.9977 AE=1 (stored 0.0033/0.9977/1) | roll MAE=0.1619(c) R2=0.101 cross=208 AE=81 | d1=4.9e-08 [52s]
  pf SP300 run 8: tf MAE=0.0033Ah R2=0.9977 AE=1 (stored 0.0033/0.9977/1) | roll MAE=0.2456(c) R2=-1.436 cross=None AE=None | d1=6.4e-08 [58s]
  pf SP300 run 9: tf MAE=0.0033Ah R2=0.9977 AE=1 (stored 0.0033/0.9977/1) | roll MAE=0.3061(c) R2=-2.172 cross=171 AE=118 | d1=2.1e-08 [65s]
  pf SP300 run10: tf MAE=0.0032Ah R2=0.9977 AE=1 (stored 0.0032/0.9977/1) | roll MAE=0.2162(c) R2=-0.492 cross=171 AE=118 | d1=6.1e-08 [71s]
  pf SP400 run 1: tf MAE=0.0035Ah R2=0.9966 AE=1 (stored 0.0035/0.9966/1) | roll MAE=0.1539(c) R2=-0.187 cross=142 AE=47 | d1=1.5e-08 [5s]
  pf SP400 run 2: tf MAE=0.0035Ah R2=0.9966 AE=1 (stored 0.0035/0.9966/1) | roll MAE=0.1221(c) R2=0.293 cross=148 AE=41 | d1=4.1e-08 [11s]
  pf SP400 run 3: tf MAE=0.0038Ah R2=0.9965 AE=1 (stored 0.0038/0.9965/1) | roll MAE=0.2650(c) R2=-2.387 cross=None AE=None | d1=7.4e-08 [16s]
  pf SP400 run 4: tf MAE=0.0038Ah R2=0.9965 AE=1 (stored 0.0038/0.9965/1) | roll MAE=0.0402(c) R2=0.918 cross=164 AE=25 | d1=1.2e-07 [21s]
  pf SP400 run 5: tf MAE=0.0038Ah R2=0.9965 AE=1 (stored 0.0038/0.9965/1) | roll MAE=0.2667(c) R2=-2.420 cross=None AE=None | d1=1.0e-08 [26s]
  pf SP400 run 6: tf MAE=0.0042Ah R2=0.9963 AE=0 (stored 0.0042/0.9963/1) | roll MAE=0.0974(c) R2=0.569 cross=130 AE=59 | d1=1.2e-07 [31s]
  pf SP400 run 7: tf MAE=0.0039Ah R2=0.9966 AE=1 (stored 0.0039/0.9966/1) | roll MAE=0.2580(c) R2=-2.252 cross=None AE=None | d1=1.1e-07 [36s]
  pf SP400 run 8: tf MAE=0.0039Ah R2=0.9963 AE=1 (stored 0.0039/0.9963/1) | roll MAE=24.4367(c) R2=-172408.598 cross=121 AE=68 | d1=4.4e-08 [42s]
  pf SP400 run 9: tf MAE=0.0036Ah R2=0.9965 AE=1 (stored 0.0036/0.9965/1) | roll MAE=0.1399(c) R2=-0.017 cross=150 AE=39 | d1=8.4e-08 [47s]
  pf SP400 run10: tf MAE=0.0036Ah R2=0.9964 AE=1 (stored 0.0036/0.9964/1) | roll MAE=0.1842(c) R2=-0.504 cross=121 AE=68 | d1=3.2e-08 [52s]
  pf SP500 run 1: tf MAE=0.0181Ah R2=0.9639 AE=3 (stored 0.0181/0.9639/3) | roll MAE=85234734445459600.0000(c) R2=-6778946378387749582366621258727030784.000 cross=17 AE=72 | d1=2.0e-08 [5s]
  pf SP500 run 2: tf MAE=0.0166Ah R2=0.9673 AE=3 (stored 0.0166/0.9673/3) | roll MAE=6962510770095.9639(c) R2=-43155867341092349586272419840.000 cross=21 AE=68 | d1=7.0e-08 [9s]
  pf SP500 run 3: tf MAE=0.0161Ah R2=0.9717 AE=3 (stored 0.0161/0.9717/4) | roll MAE=481332532266579264.0000(c) R2=-44830487792066288720029269694254940160.000 cross=14 AE=75 | d1=1.2e-07 [14s]
  pf SP500 run 4: tf MAE=0.0143Ah R2=0.9768 AE=3 (stored 0.0143/0.9768/3) | roll MAE=399936559133097472.0000(c) R2=-26495607827724422560848013342248271872.000 cross=19 AE=70 | d1=8.8e-08 [18s]
  pf SP500 run 5: tf MAE=0.0153Ah R2=0.9786 AE=4 (stored 0.0153/0.9786/4) | roll MAE=1383725250654648320.0000(c) R2=-197258876539481736135788621088816103424.000 cross=10 AE=79 | d1=3.0e-09 [23s]
  pf SP500 run 6: tf MAE=0.0180Ah R2=0.9668 AE=3 (stored 0.0180/0.9668/4) | roll MAE=799313680487763712.0000(c) R2=-82048163599505316735586912191914180608.000 cross=15 AE=74 | d1=1.4e-07 [27s]
  pf SP500 run 7: tf MAE=0.0175Ah R2=0.9650 AE=3 (stored 0.0175/0.9650/3) | roll MAE=889107874009948416.0000(c) R2=-115359757210260193841776819736185667584.000 cross=18 AE=71 | d1=1.1e-07 [32s]
  pf SP500 run 8: tf MAE=0.0170Ah R2=0.9700 AE=3 (stored 0.0170/0.9700/4) | roll MAE=767847470895838592.0000(c) R2=-78082407911506688054287434771324731392.000 cross=14 AE=75 | d1=1.1e-07 [36s]
  pf SP500 run 9: tf MAE=0.0161Ah R2=0.9720 AE=4 (stored 0.0161/0.9720/4) | roll MAE=408478464654122112.0000(c) R2=-31263214543688216110411081017735512064.000 cross=16 AE=73 | d1=7.2e-08 [41s]
  pf SP500 run10: tf MAE=0.0184Ah R2=0.9661 AE=4 (stored 0.0184/0.9661/4) | roll MAE=1279382704851721984.0000(c) R2=-153459695609876232326871828533052702720.000 cross=13 AE=76 | d1=5.0e-08 [46s]
  rm SP300 run 1: tf MAE=0.0172Ah R2=0.9715 AE=3 (stored 0.0172/0.9715/2) | roll MAE=0.2829(c) R2=-2.025 cross=None AE=None | d1=6.0e-08 [5s]
  rm SP300 run 2: tf MAE=0.0173Ah R2=0.9719 AE=3 (stored 0.0173/0.9719/2) | roll MAE=0.2842(c) R2=-2.047 cross=None AE=None | d1=9.8e-08 [13s]
  rm SP300 run 3: tf MAE=0.0173Ah R2=0.9721 AE=3 (stored 0.0173/0.9721/2) | roll MAE=0.2860(c) R2=-2.076 cross=None AE=None | d1=4.8e-08 [21s]
  rm SP300 run 4: tf MAE=0.0176Ah R2=0.9738 AE=3 (stored 0.0176/0.9738/3) | roll MAE=0.2918(c) R2=-2.171 cross=None AE=None | d1=1.1e-07 [28s]
  rm SP300 run 5: tf MAE=0.0177Ah R2=0.9743 AE=4 (stored 0.0177/0.9743/3) | roll MAE=0.2938(c) R2=-2.202 cross=None AE=None | d1=9.7e-08 [32s]
  rm SP300 run 6: tf MAE=0.0172Ah R2=0.9716 AE=3 (stored 0.0172/0.9716/2) | roll MAE=0.2837(c) R2=-2.039 cross=None AE=None | d1=2.0e-08 [37s]
  rm SP300 run 7: tf MAE=0.0176Ah R2=0.9739 AE=3 (stored 0.0176/0.9739/3) | roll MAE=0.2921(c) R2=-2.176 cross=None AE=None | d1=9.9e-08 [44s]
  rm SP300 run 8: tf MAE=0.0173Ah R2=0.9723 AE=3 (stored 0.0173/0.9723/2) | roll MAE=0.2849(c) R2=-2.058 cross=None AE=None | d1=1.2e-07 [50s]
  rm SP300 run 9: tf MAE=0.0172Ah R2=0.9715 AE=2 (stored 0.0172/0.9715/2) | roll MAE=0.2800(c) R2=-1.979 cross=None AE=None | d1=1.0e-07 [55s]
  rm SP300 run10: tf MAE=0.0173Ah R2=0.9719 AE=3 (stored 0.0173/0.9719/2) | roll MAE=0.2817(c) R2=-2.006 cross=None AE=None | d1=1.8e-08 [62s]
  rm SP400 run 1: tf MAE=0.0182Ah R2=0.9564 AE=2 (stored 0.0182/0.9564/2) | roll MAE=0.2645(c) R2=-2.367 cross=None AE=None | d1=7.1e-08 [4s]
  rm SP400 run 2: tf MAE=0.0182Ah R2=0.9561 AE=2 (stored 0.0182/0.9561/2) | roll MAE=0.2624(c) R2=-2.325 cross=None AE=None | d1=2.1e-08 [9s]
  rm SP400 run 3: tf MAE=0.0182Ah R2=0.9563 AE=2 (stored 0.0182/0.9563/2) | roll MAE=0.2649(c) R2=-2.374 cross=None AE=None | d1=1.3e-07 [14s]
  rm SP400 run 4: tf MAE=0.0182Ah R2=0.9562 AE=2 (stored 0.0182/0.9562/2) | roll MAE=0.2615(c) R2=-2.306 cross=None AE=None | d1=7.7e-09 [18s]
  rm SP400 run 5: tf MAE=0.0182Ah R2=0.9562 AE=2 (stored 0.0182/0.9562/2) | roll MAE=0.2649(c) R2=-2.374 cross=None AE=None | d1=1.3e-08 [22s]
  rm SP400 run 6: tf MAE=0.0182Ah R2=0.9563 AE=2 (stored 0.0182/0.9563/2) | roll MAE=0.2667(c) R2=-2.409 cross=None AE=None | d1=7.9e-08 [27s]
  rm SP400 run 7: tf MAE=0.0182Ah R2=0.9566 AE=2 (stored 0.0182/0.9566/2) | roll MAE=0.2658(c) R2=-2.392 cross=None AE=None | d1=8.7e-08 [31s]
  rm SP400 run 8: tf MAE=0.0182Ah R2=0.9558 AE=2 (stored 0.0182/0.9558/2) | roll MAE=0.2641(c) R2=-2.357 cross=None AE=None | d1=1.3e-07 [36s]
  rm SP400 run 9: tf MAE=0.0182Ah R2=0.9566 AE=2 (stored 0.0182/0.9566/2) | roll MAE=0.2667(c) R2=-2.408 cross=None AE=None | d1=8.0e-08 [41s]
  rm SP400 run10: tf MAE=0.0182Ah R2=0.9564 AE=2 (stored 0.0182/0.9564/2) | roll MAE=0.2620(c) R2=-2.317 cross=None AE=None | d1=8.2e-08 [45s]
  rm SP500 run 1: tf MAE=0.0213Ah R2=0.9183 AE=2 (stored 0.0213/0.9183/2) | roll MAE=0.2177(c) R2=-2.417 cross=None AE=None | d1=4.5e-08 [3s]
  rm SP500 run 2: tf MAE=0.0212Ah R2=0.9187 AE=2 (stored 0.0212/0.9187/2) | roll MAE=0.2203(c) R2=-2.483 cross=None AE=None | d1=6.3e-08 [7s]
  rm SP500 run 3: tf MAE=0.0213Ah R2=0.9171 AE=2 (stored 0.0213/0.9171/2) | roll MAE=0.2142(c) R2=-2.330 cross=None AE=None | d1=5.7e-08 [10s]
  rm SP500 run 4: tf MAE=0.0212Ah R2=0.9195 AE=3 (stored 0.0212/0.9195/2) | roll MAE=0.2219(c) R2=-2.523 cross=None AE=None | d1=8.2e-08 [14s]
  rm SP500 run 5: tf MAE=0.0213Ah R2=0.9191 AE=2 (stored 0.0213/0.9191/2) | roll MAE=0.2170(c) R2=-2.401 cross=None AE=None | d1=4.6e-08 [17s]
  rm SP500 run 6: tf MAE=0.0212Ah R2=0.9185 AE=2 (stored 0.0212/0.9185/2) | roll MAE=0.2189(c) R2=-2.447 cross=None AE=None | d1=6.1e-08 [21s]
  rm SP500 run 7: tf MAE=0.0212Ah R2=0.9181 AE=2 (stored 0.0212/0.9181/2) | roll MAE=0.2185(c) R2=-2.438 cross=None AE=None | d1=5.1e-08 [25s]
  rm SP500 run 8: tf MAE=0.0212Ah R2=0.9183 AE=2 (stored 0.0212/0.9183/2) | roll MAE=0.2178(c) R2=-2.420 cross=None AE=None | d1=8.6e-08 [29s]
  rm SP500 run 9: tf MAE=0.0212Ah R2=0.9177 AE=2 (stored 0.0212/0.9177/2) | roll MAE=0.2152(c) R2=-2.354 cross=None AE=None | d1=1.2e-07 [33s]
  rm SP500 run10: tf MAE=0.0212Ah R2=0.9179 AE=2 (stored 0.0212/0.9179/2) | roll MAE=0.2180(c) R2=-2.425 cross=None AE=None | d1=4.3e-08 [37s]
  [verify] pf SP300: teacher-forced MAE 0.003329 vs ref 0.003300 (Ah) rel=8.88e-03 -> PASS
  [verify] pf SP400: teacher-forced MAE 0.003740 vs ref 0.003700 (Ah) rel=1.09e-02 -> PASS
  [verify] pf SP500: teacher-forced MAE 0.016741 vs ref 0.016700 (Ah) rel=2.46e-03 -> PASS
  [verify] rm SP300: teacher-forced MAE 0.017354 vs ref 0.017400 (Ah) rel=2.64e-03 -> PASS
  [verify] rm SP400: teacher-forced MAE 0.018204 vs ref 0.018200 (Ah) rel=2.29e-04 -> PASS
  [verify] rm SP500: teacher-forced MAE 0.021229 vs ref 0.021200 (Ah) rel=1.37e-03 -> PASS
  [per-run] pf: n=30 max|dMAE|=6.17083381268535e-09 max|dR2|=1.800560744946722e-08 max|dAE|=1 traj(n=0) max|dy|=None
  [per-run] rm: n=30 max|dMAE|=1.402462229682655e-09 max|dR2|=1.2714458264007078e-08 max|dAE|=1 traj(n=30) max|dy|=2.384185791015625e-07

saved D:\research\degradation_prognostics\Transformer_and_Multi_Scale_Models\src\results\ar_rollout_panasonic.json
