##### CALCE ours (SP300, 10 seeds) #####
========================================================================================================
  CALCE  W=64  SP=300  test=CS2_35  rated=1.10 Ah  EOL_AH=0.77 Ah
  runs=[1, 2, 3, 4, 5, 6, 7, 8, 9, 10]  launches=EOL-50/100  steps=600
  AE: a non-crossing rollout prints '-' and is NEVER averaged in
========================================================================================================

  === OURS   test=CS2_35  SP300  W=64  root=../checkpoints/per_sp ===
  model  run    launch       t0      AE     AE/k   MAE_eol   MSE_eol    MAE@50    MSE@50     cross
  ours   1      SP300       300     125     0.37 1.508e-01 4.618e-02 5.850e-03 6.651e-05         Y
  ours   2      SP300       300       -        - 4.832e-02 4.457e-03 7.490e-03 9.249e-05         n
  ours   3      SP300       300     234     0.69 1.870e-01 4.058e-02 3.379e-02 1.751e-03         Y
  ours   4      SP300       300     204     0.60 2.270e-02 8.277e-04 6.685e-03 6.836e-05         Y
  ours   5      SP300       300       -        - 5.560e-02 5.453e-03 1.377e-02 2.541e-04         n
  ours   6      SP300       300       -        - 3.751e-02 2.093e-03 9.606e-03 1.375e-04         n
  ours   7      SP300       300     112     0.33 1.001e-01 1.349e-02 1.274e-02 2.563e-04         Y
  ours   8      SP300       300      28     0.08 3.885e-02 2.078e-03 9.582e-03 1.539e-04         Y
  ours   9      SP300       300       -        - 5.155e-02 4.919e-03 1.079e-02 1.500e-04         n
  ours   10     SP300       300      78     0.23 4.596e-02 2.612e-03 6.756e-03 7.876e-05         Y

  -> D:\research\degradation_prognostics\Transformer_and_Multi_Scale_Models\src\results\ar_baselines_tju.json

  === CALCE summary (mean over runs) ===
  model  launch     cross   MAE_eol   MSE_eol    MAE@50    MSE@50   meanAE
##### CALCE pf rm (SP300, 10 runs) #####
D:\anaconda\envs\patchformer\lib\site-packages\pytorch_lightning\utilities\parsing.py:269: UserWarning: Attribute 'logging_metrics' is an instance of `nn.Module` and is already saved during checkpointing. It is recommended to ignore them using `self.save_hyperparameters(ignore=['logging_metrics'])`.
  rank_zero_warn(
D:\anaconda\envs\patchformer\lib\site-packages\pytorch_lightning\utilities\parsing.py:269: UserWarning: Attribute 'loss' is an instance of `nn.Module` and is already saved during checkpointing. It is recommended to ignore them using `self.save_hyperparameters(ignore=['loss'])`.
  rank_zero_warn(
D:\anaconda\envs\patchformer\lib\site-packages\pytorch_lightning\utilities\parsing.py:269: UserWarning: Attribute 'logging_metrics' is an instance of `nn.Module` and is already saved during checkpointing. It is recommended to ignore them using `self.save_hyperparameters(ignore=['logging_metrics'])`.
  rank_zero_warn(
D:\anaconda\envs\patchformer\lib\site-packages\pytorch_lightning\utilities\parsing.py:269: UserWarning: Attribute 'loss' is an instance of `nn.Module` and is already saved during checkpointing. It is recommended to ignore them using `self.save_hyperparameters(ignore=['loss'])`.
  rank_zero_warn(
D:\anaconda\envs\patchformer\lib\site-packages\pytorch_lightning\utilities\parsing.py:269: UserWarning: Attribute 'logging_metrics' is an instance of `nn.Module` and is already saved during checkpointing. It is recommended to ignore them using `self.save_hyperparameters(ignore=['logging_metrics'])`.
  rank_zero_warn(
D:\anaconda\envs\patchformer\lib\site-packages\pytorch_lightning\utilities\parsing.py:269: UserWarning: Attribute 'loss' is an instance of `nn.Module` and is already saved during checkpointing. It is recommended to ignore them using `self.save_hyperparameters(ignore=['loss'])`.
  rank_zero_warn(
D:\anaconda\envs\patchformer\lib\site-packages\pytorch_lightning\utilities\parsing.py:269: UserWarning: Attribute 'logging_metrics' is an instance of `nn.Module` and is already saved during checkpointing. It is recommended to ignore them using `self.save_hyperparameters(ignore=['logging_metrics'])`.
  rank_zero_warn(
D:\anaconda\envs\patchformer\lib\site-packages\pytorch_lightning\utilities\parsing.py:269: UserWarning: Attribute 'loss' is an instance of `nn.Module` and is already saved during checkpointing. It is recommended to ignore them using `self.save_hyperparameters(ignore=['loss'])`.
  rank_zero_warn(
D:\anaconda\envs\patchformer\lib\site-packages\pytorch_lightning\utilities\parsing.py:269: UserWarning: Attribute 'logging_metrics' is an instance of `nn.Module` and is already saved during checkpointing. It is recommended to ignore them using `self.save_hyperparameters(ignore=['logging_metrics'])`.
  rank_zero_warn(
D:\anaconda\envs\patchformer\lib\site-packages\pytorch_lightning\utilities\parsing.py:269: UserWarning: Attribute 'loss' is an instance of `nn.Module` and is already saved during checkpointing. It is recommended to ignore them using `self.save_hyperparameters(ignore=['loss'])`.
  rank_zero_warn(
D:\anaconda\envs\patchformer\lib\site-packages\pytorch_lightning\utilities\parsing.py:269: UserWarning: Attribute 'logging_metrics' is an instance of `nn.Module` and is already saved during checkpointing. It is recommended to ignore them using `self.save_hyperparameters(ignore=['logging_metrics'])`.
  rank_zero_warn(
D:\anaconda\envs\patchformer\lib\site-packages\pytorch_lightning\utilities\parsing.py:269: UserWarning: Attribute 'loss' is an instance of `nn.Module` and is already saved during checkpointing. It is recommended to ignore them using `self.save_hyperparameters(ignore=['loss'])`.
  rank_zero_warn(
D:\anaconda\envs\patchformer\lib\site-packages\pytorch_lightning\utilities\parsing.py:269: UserWarning: Attribute 'logging_metrics' is an instance of `nn.Module` and is already saved during checkpointing. It is recommended to ignore them using `self.save_hyperparameters(ignore=['logging_metrics'])`.
  rank_zero_warn(
D:\anaconda\envs\patchformer\lib\site-packages\pytorch_lightning\utilities\parsing.py:269: UserWarning: Attribute 'loss' is an instance of `nn.Module` and is already saved during checkpointing. It is recommended to ignore them using `self.save_hyperparameters(ignore=['loss'])`.
  rank_zero_warn(
D:\anaconda\envs\patchformer\lib\site-packages\pytorch_lightning\utilities\parsing.py:269: UserWarning: Attribute 'logging_metrics' is an instance of `nn.Module` and is already saved during checkpointing. It is recommended to ignore them using `self.save_hyperparameters(ignore=['logging_metrics'])`.
  rank_zero_warn(
D:\anaconda\envs\patchformer\lib\site-packages\pytorch_lightning\utilities\parsing.py:269: UserWarning: Attribute 'loss' is an instance of `nn.Module` and is already saved during checkpointing. It is recommended to ignore them using `self.save_hyperparameters(ignore=['loss'])`.
  rank_zero_warn(
D:\anaconda\envs\patchformer\lib\site-packages\pytorch_lightning\utilities\parsing.py:269: UserWarning: Attribute 'logging_metrics' is an instance of `nn.Module` and is already saved during checkpointing. It is recommended to ignore them using `self.save_hyperparameters(ignore=['logging_metrics'])`.
  rank_zero_warn(
D:\anaconda\envs\patchformer\lib\site-packages\pytorch_lightning\utilities\parsing.py:269: UserWarning: Attribute 'loss' is an instance of `nn.Module` and is already saved during checkpointing. It is recommended to ignore them using `self.save_hyperparameters(ignore=['loss'])`.
  rank_zero_warn(
D:\anaconda\envs\patchformer\lib\site-packages\pytorch_lightning\utilities\parsing.py:269: UserWarning: Attribute 'logging_metrics' is an instance of `nn.Module` and is already saved during checkpointing. It is recommended to ignore them using `self.save_hyperparameters(ignore=['logging_metrics'])`.
  rank_zero_warn(
D:\anaconda\envs\patchformer\lib\site-packages\pytorch_lightning\utilities\parsing.py:269: UserWarning: Attribute 'loss' is an instance of `nn.Module` and is already saved during checkpointing. It is recommended to ignore them using `self.save_hyperparameters(ignore=['loss'])`.
  rank_zero_warn(
D:\anaconda\envs\patchformer\lib\site-packages\pytorch_lightning\utilities\parsing.py:269: UserWarning: Attribute 'logging_metrics' is an instance of `nn.Module` and is already saved during checkpointing. It is recommended to ignore them using `self.save_hyperparameters(ignore=['logging_metrics'])`.
  rank_zero_warn(
D:\anaconda\envs\patchformer\lib\site-packages\pytorch_lightning\utilities\parsing.py:269: UserWarning: Attribute 'loss' is an instance of `nn.Module` and is already saved during checkpointing. It is recommended to ignore them using `self.save_hyperparameters(ignore=['loss'])`.
  rank_zero_warn(
D:\anaconda\envs\patchformer\lib\site-packages\pytorch_lightning\utilities\parsing.py:269: UserWarning: Attribute 'logging_metrics' is an instance of `nn.Module` and is already saved during checkpointing. It is recommended to ignore them using `self.save_hyperparameters(ignore=['logging_metrics'])`.
  rank_zero_warn(
D:\anaconda\envs\patchformer\lib\site-packages\pytorch_lightning\utilities\parsing.py:269: UserWarning: Attribute 'loss' is an instance of `nn.Module` and is already saved during checkpointing. It is recommended to ignore them using `self.save_hyperparameters(ignore=['loss'])`.
  rank_zero_warn(
D:\anaconda\envs\patchformer\lib\site-packages\pytorch_lightning\utilities\parsing.py:269: UserWarning: Attribute 'logging_metrics' is an instance of `nn.Module` and is already saved during checkpointing. It is recommended to ignore them using `self.save_hyperparameters(ignore=['logging_metrics'])`.
  rank_zero_warn(
D:\anaconda\envs\patchformer\lib\site-packages\pytorch_lightning\utilities\parsing.py:269: UserWarning: Attribute 'loss' is an instance of `nn.Module` and is already saved during checkpointing. It is recommended to ignore them using `self.save_hyperparameters(ignore=['loss'])`.
  rank_zero_warn(
D:\anaconda\envs\patchformer\lib\site-packages\pytorch_lightning\utilities\parsing.py:269: UserWarning: Attribute 'logging_metrics' is an instance of `nn.Module` and is already saved during checkpointing. It is recommended to ignore them using `self.save_hyperparameters(ignore=['logging_metrics'])`.
  rank_zero_warn(
D:\anaconda\envs\patchformer\lib\site-packages\pytorch_lightning\utilities\parsing.py:269: UserWarning: Attribute 'loss' is an instance of `nn.Module` and is already saved during checkpointing. It is recommended to ignore them using `self.save_hyperparameters(ignore=['loss'])`.
  rank_zero_warn(
D:\anaconda\envs\patchformer\lib\site-packages\pytorch_lightning\utilities\parsing.py:269: UserWarning: Attribute 'logging_metrics' is an instance of `nn.Module` and is already saved during checkpointing. It is recommended to ignore them using `self.save_hyperparameters(ignore=['logging_metrics'])`.
  rank_zero_warn(
D:\anaconda\envs\patchformer\lib\site-packages\pytorch_lightning\utilities\parsing.py:269: UserWarning: Attribute 'loss' is an instance of `nn.Module` and is already saved during checkpointing. It is recommended to ignore them using `self.save_hyperparameters(ignore=['loss'])`.
  rank_zero_warn(
D:\anaconda\envs\patchformer\lib\site-packages\pytorch_lightning\utilities\parsing.py:269: UserWarning: Attribute 'logging_metrics' is an instance of `nn.Module` and is already saved during checkpointing. It is recommended to ignore them using `self.save_hyperparameters(ignore=['logging_metrics'])`.
  rank_zero_warn(
D:\anaconda\envs\patchformer\lib\site-packages\pytorch_lightning\utilities\parsing.py:269: UserWarning: Attribute 'loss' is an instance of `nn.Module` and is already saved during checkpointing. It is recommended to ignore them using `self.save_hyperparameters(ignore=['loss'])`.
  rank_zero_warn(
D:\anaconda\envs\patchformer\lib\site-packages\pytorch_lightning\utilities\parsing.py:269: UserWarning: Attribute 'logging_metrics' is an instance of `nn.Module` and is already saved during checkpointing. It is recommended to ignore them using `self.save_hyperparameters(ignore=['logging_metrics'])`.
  rank_zero_warn(
D:\anaconda\envs\patchformer\lib\site-packages\pytorch_lightning\utilities\parsing.py:269: UserWarning: Attribute 'loss' is an instance of `nn.Module` and is already saved during checkpointing. It is recommended to ignore them using `self.save_hyperparameters(ignore=['loss'])`.
  rank_zero_warn(
D:\anaconda\envs\patchformer\lib\site-packages\pytorch_lightning\utilities\parsing.py:269: UserWarning: Attribute 'logging_metrics' is an instance of `nn.Module` and is already saved during checkpointing. It is recommended to ignore them using `self.save_hyperparameters(ignore=['logging_metrics'])`.
  rank_zero_warn(
D:\anaconda\envs\patchformer\lib\site-packages\pytorch_lightning\utilities\parsing.py:269: UserWarning: Attribute 'loss' is an instance of `nn.Module` and is already saved during checkpointing. It is recommended to ignore them using `self.save_hyperparameters(ignore=['loss'])`.
  rank_zero_warn(
D:\anaconda\envs\patchformer\lib\site-packages\pytorch_lightning\utilities\parsing.py:269: UserWarning: Attribute 'logging_metrics' is an instance of `nn.Module` and is already saved during checkpointing. It is recommended to ignore them using `self.save_hyperparameters(ignore=['logging_metrics'])`.
  rank_zero_warn(
D:\anaconda\envs\patchformer\lib\site-packages\pytorch_lightning\utilities\parsing.py:269: UserWarning: Attribute 'loss' is an instance of `nn.Module` and is already saved during checkpointing. It is recommended to ignore them using `self.save_hyperparameters(ignore=['loss'])`.
  rank_zero_warn(
D:\anaconda\envs\patchformer\lib\site-packages\pytorch_lightning\utilities\parsing.py:269: UserWarning: Attribute 'logging_metrics' is an instance of `nn.Module` and is already saved during checkpointing. It is recommended to ignore them using `self.save_hyperparameters(ignore=['logging_metrics'])`.
  rank_zero_warn(
D:\anaconda\envs\patchformer\lib\site-packages\pytorch_lightning\utilities\parsing.py:269: UserWarning: Attribute 'loss' is an instance of `nn.Module` and is already saved during checkpointing. It is recommended to ignore them using `self.save_hyperparameters(ignore=['loss'])`.
  rank_zero_warn(

========================================================================================================
  CALCE  W=64  SP=300  test=CS2_35  rated=1.10 Ah  EOL_AH=0.77 Ah
  runs=[1, 2, 3, 4, 5, 6, 7, 8, 9, 10]  launch=SP300  steps=600
  AE: a non-crossing rollout prints '-' and is NEVER averaged in
========================================================================================================

  === PF   test=CS2_35  EOL=640  rated=1.10  EOL_AH=0.77  seql=64 ===
  model  run    launch       t0      AE     AE/k   MAE_eol   MSE_eol    MAE@50    MSE@50     cross
  pf     1      SP300       299       -        - 5.185e-02 5.022e-03 8.986e-03 1.144e-04         n
  pf     2      SP300       299       -        - 4.573e-02 4.005e-03 4.187e-03 3.122e-05         n
  pf     3      SP300       299       -        - 4.147e-02 3.016e-03 6.406e-03 5.996e-05         n
  pf     4      SP300       299       -        - 4.419e-02 3.681e-03 4.362e-03 2.984e-05         n
  pf     5      SP300       299       -        - 4.907e-02 4.628e-03 6.714e-03 6.807e-05         n
  pf     6      SP300       299       -        - 4.407e-02 3.625e-03 3.436e-03 2.026e-05         n
  pf     7      SP300       299       -        - 3.483e-02 1.997e-03 9.018e-03 1.159e-04         n
  pf     8      SP300       299       -        - 4.728e-02 4.270e-03 6.782e-03 6.339e-05         n
  pf     9      SP300       299       -        - 3.347e-02 1.681e-03 1.145e-02 1.706e-04         n
  pf     10     SP300       299       -        - 4.599e-02 4.041e-03 3.993e-03 2.646e-05         n

  === RM   test=CS2_35  EOL=640  rated=1.10  EOL_AH=0.77  seql=64 ===
  model  run    launch       t0      AE     AE/k   MAE_eol   MSE_eol    MAE@50    MSE@50     cross
  rm     1      SP300       299       -        - 3.385e-02 1.811e-03 1.362e-02 2.253e-04         n
  rm     2      SP300       299       -        - 4.784e-02 4.383e-03 7.224e-03 7.188e-05         n
  rm     3      SP300       299       -        - 5.062e-02 4.819e-03 9.514e-03 1.320e-04         n
  rm     4      SP300       299       -        - 4.925e-02 4.618e-03 8.345e-03 1.009e-04         n
  rm     5      SP300       299       -        - 3.550e-02 2.086e-03 1.190e-02 1.800e-04         n
  rm     6      SP300       299       -        - 4.946e-02 4.650e-03 8.515e-03 1.054e-04         n
  rm     7      SP300       299       -        - 5.079e-02 4.842e-03 9.677e-03 1.358e-04         n
  rm     8      SP300       299       -        - 5.020e-02 4.761e-03 9.131e-03 1.225e-04         n
  rm     9      SP300       299       -        - 4.978e-02 4.698e-03 8.771e-03 1.128e-04         n
  rm     10     SP300       299       -        - 5.149e-02 4.934e-03 1.036e-02 1.518e-04         n

  -> D:\research\degradation_prognostics\Transformer_and_Multi_Scale_Models\src\results\ar_baselines_tju.json

  === CALCE summary (mean over runs) ===
  model  launch     cross   MAE_eol   MSE_eol    MAE@50    MSE@50   meanAE

##### MIT ours (SP200, 10 seeds) #####
========================================================================================================
  MIT  W=64  SP=200  test=batch2_cell5  rated=1.07 Ah  EOL_AH=0.86 Ah
  runs=[1, 2, 3, 4, 5, 6, 7, 8, 9, 10]  launch=SP200  steps=320
  AE: a non-crossing rollout prints '-' and is NEVER averaged in
========================================================================================================

  === OURS   test=batch2_cell5  SP200  W=64  root=../checkpoints/per_sp ===
  model  run    launch       t0      AE     AE/k   MAE_eol   MSE_eol    MAE@50    MSE@50     cross
  ours   1      SP200       200      23     0.08 1.826e-02 6.207e-04 2.336e-04 9.523e-08         Y
  ours   1      SP200       200       -        - 3.092e-02 1.633e-03 1.283e-03 2.309e-06         n
  ours   2      SP200       200       -        - 1.774e-02 1.115e-03 2.977e-04 1.418e-07         n
  ours   2      SP200       200       -        - 8.559e-03 1.093e-04 7.810e-04 7.979e-07         n
  ours   3      SP200       200       3     0.01 7.903e-03 9.232e-05 4.776e-04 3.410e-07         Y
  ours   3      SP200       200       -        - 2.148e-02 7.417e-04 1.190e-03 1.909e-06         n
  ours   4      SP200       200      35     0.12 2.594e-02 1.333e-03 4.106e-04 2.388e-07         Y
  ours   4      SP200       200       -        - 2.703e-03 1.367e-05 5.387e-04 3.629e-07         n
  ours   5      SP200       200     106     0.37 1.076e-01 2.351e-02 8.703e-04 1.067e-06         Y
  ours   5      SP200       200       -        - 1.289e-02 2.341e-04 1.159e-03 1.786e-06         n
  ours   6      SP200       200       -        - 3.205e-02 2.761e-03 5.351e-04 5.134e-07         n
  ours   6      SP200       200       -        - 8.655e-03 1.182e-04 5.779e-04 4.292e-07         n
  ours   7      SP200       200      74     0.26 5.715e-02 6.377e-03 4.780e-04 3.634e-07         Y
  ours   7      SP200       200       -        - 9.036e-03 1.098e-04 7.683e-04 8.086e-07         n
  ours   8      SP200       200       -        - 2.329e-02 1.756e-03 1.328e-04 8.424e-08         n
  ours   8      SP200       200       -        - 1.288e-02 2.379e-04 1.108e-03 1.605e-06         n
  ours   9      SP200       200      37     0.13 2.681e-02 1.488e-03 5.886e-04 5.257e-07         Y
  ours   9      SP200       200       -        - 1.279e-02 2.287e-04 8.775e-04 1.064e-06         n
  ours   10     SP200       200       -        - 2.204e-02 1.634e-03 1.616e-04 6.802e-08         n
  ours   10     SP200       200       -        - 1.425e-02 3.199e-04 9.214e-04 1.134e-06         n

  -> D:\research\degradation_prognostics\Transformer_and_Multi_Scale_Models\src\results\ar_baselines_tju.json

  === MIT summary (mean over runs) ===
  model  launch     cross   MAE_eol   MSE_eol    MAE@50    MSE@50   meanAE
##### MIT pf rm (SP200, 10 runs) #####
D:\anaconda\envs\patchformer\lib\site-packages\pytorch_lightning\utilities\parsing.py:269: UserWarning: Attribute 'logging_metrics' is an instance of `nn.Module` and is already saved during checkpointing. It is recommended to ignore them using `self.save_hyperparameters(ignore=['logging_metrics'])`.
  rank_zero_warn(
D:\anaconda\envs\patchformer\lib\site-packages\pytorch_lightning\utilities\parsing.py:269: UserWarning: Attribute 'loss' is an instance of `nn.Module` and is already saved during checkpointing. It is recommended to ignore them using `self.save_hyperparameters(ignore=['loss'])`.
  rank_zero_warn(
D:\anaconda\envs\patchformer\lib\site-packages\pytorch_lightning\utilities\parsing.py:269: UserWarning: Attribute 'logging_metrics' is an instance of `nn.Module` and is already saved during checkpointing. It is recommended to ignore them using `self.save_hyperparameters(ignore=['logging_metrics'])`.
  rank_zero_warn(
D:\anaconda\envs\patchformer\lib\site-packages\pytorch_lightning\utilities\parsing.py:269: UserWarning: Attribute 'loss' is an instance of `nn.Module` and is already saved during checkpointing. It is recommended to ignore them using `self.save_hyperparameters(ignore=['loss'])`.
  rank_zero_warn(
D:\anaconda\envs\patchformer\lib\site-packages\pytorch_lightning\utilities\parsing.py:269: UserWarning: Attribute 'logging_metrics' is an instance of `nn.Module` and is already saved during checkpointing. It is recommended to ignore them using `self.save_hyperparameters(ignore=['logging_metrics'])`.
  rank_zero_warn(
D:\anaconda\envs\patchformer\lib\site-packages\pytorch_lightning\utilities\parsing.py:269: UserWarning: Attribute 'loss' is an instance of `nn.Module` and is already saved during checkpointing. It is recommended to ignore them using `self.save_hyperparameters(ignore=['loss'])`.
  rank_zero_warn(
D:\anaconda\envs\patchformer\lib\site-packages\pytorch_lightning\utilities\parsing.py:269: UserWarning: Attribute 'logging_metrics' is an instance of `nn.Module` and is already saved during checkpointing. It is recommended to ignore them using `self.save_hyperparameters(ignore=['logging_metrics'])`.
  rank_zero_warn(
D:\anaconda\envs\patchformer\lib\site-packages\pytorch_lightning\utilities\parsing.py:269: UserWarning: Attribute 'loss' is an instance of `nn.Module` and is already saved during checkpointing. It is recommended to ignore them using `self.save_hyperparameters(ignore=['loss'])`.
  rank_zero_warn(
D:\anaconda\envs\patchformer\lib\site-packages\pytorch_lightning\utilities\parsing.py:269: UserWarning: Attribute 'logging_metrics' is an instance of `nn.Module` and is already saved during checkpointing. It is recommended to ignore them using `self.save_hyperparameters(ignore=['logging_metrics'])`.
  rank_zero_warn(
D:\anaconda\envs\patchformer\lib\site-packages\pytorch_lightning\utilities\parsing.py:269: UserWarning: Attribute 'loss' is an instance of `nn.Module` and is already saved during checkpointing. It is recommended to ignore them using `self.save_hyperparameters(ignore=['loss'])`.
  rank_zero_warn(
D:\anaconda\envs\patchformer\lib\site-packages\pytorch_lightning\utilities\parsing.py:269: UserWarning: Attribute 'logging_metrics' is an instance of `nn.Module` and is already saved during checkpointing. It is recommended to ignore them using `self.save_hyperparameters(ignore=['logging_metrics'])`.
  rank_zero_warn(
D:\anaconda\envs\patchformer\lib\site-packages\pytorch_lightning\utilities\parsing.py:269: UserWarning: Attribute 'loss' is an instance of `nn.Module` and is already saved during checkpointing. It is recommended to ignore them using `self.save_hyperparameters(ignore=['loss'])`.
  rank_zero_warn(
D:\anaconda\envs\patchformer\lib\site-packages\pytorch_lightning\utilities\parsing.py:269: UserWarning: Attribute 'logging_metrics' is an instance of `nn.Module` and is already saved during checkpointing. It is recommended to ignore them using `self.save_hyperparameters(ignore=['logging_metrics'])`.
  rank_zero_warn(
D:\anaconda\envs\patchformer\lib\site-packages\pytorch_lightning\utilities\parsing.py:269: UserWarning: Attribute 'loss' is an instance of `nn.Module` and is already saved during checkpointing. It is recommended to ignore them using `self.save_hyperparameters(ignore=['loss'])`.
  rank_zero_warn(
D:\anaconda\envs\patchformer\lib\site-packages\pytorch_lightning\utilities\parsing.py:269: UserWarning: Attribute 'logging_metrics' is an instance of `nn.Module` and is already saved during checkpointing. It is recommended to ignore them using `self.save_hyperparameters(ignore=['logging_metrics'])`.
  rank_zero_warn(
D:\anaconda\envs\patchformer\lib\site-packages\pytorch_lightning\utilities\parsing.py:269: UserWarning: Attribute 'loss' is an instance of `nn.Module` and is already saved during checkpointing. It is recommended to ignore them using `self.save_hyperparameters(ignore=['loss'])`.
  rank_zero_warn(
D:\anaconda\envs\patchformer\lib\site-packages\pytorch_lightning\utilities\parsing.py:269: UserWarning: Attribute 'logging_metrics' is an instance of `nn.Module` and is already saved during checkpointing. It is recommended to ignore them using `self.save_hyperparameters(ignore=['logging_metrics'])`.
  rank_zero_warn(
D:\anaconda\envs\patchformer\lib\site-packages\pytorch_lightning\utilities\parsing.py:269: UserWarning: Attribute 'loss' is an instance of `nn.Module` and is already saved during checkpointing. It is recommended to ignore them using `self.save_hyperparameters(ignore=['loss'])`.
  rank_zero_warn(
D:\anaconda\envs\patchformer\lib\site-packages\pytorch_lightning\utilities\parsing.py:269: UserWarning: Attribute 'logging_metrics' is an instance of `nn.Module` and is already saved during checkpointing. It is recommended to ignore them using `self.save_hyperparameters(ignore=['logging_metrics'])`.
  rank_zero_warn(
D:\anaconda\envs\patchformer\lib\site-packages\pytorch_lightning\utilities\parsing.py:269: UserWarning: Attribute 'loss' is an instance of `nn.Module` and is already saved during checkpointing. It is recommended to ignore them using `self.save_hyperparameters(ignore=['loss'])`.
  rank_zero_warn(
D:\anaconda\envs\patchformer\lib\site-packages\pytorch_lightning\utilities\parsing.py:269: UserWarning: Attribute 'logging_metrics' is an instance of `nn.Module` and is already saved during checkpointing. It is recommended to ignore them using `self.save_hyperparameters(ignore=['logging_metrics'])`.
  rank_zero_warn(
D:\anaconda\envs\patchformer\lib\site-packages\pytorch_lightning\utilities\parsing.py:269: UserWarning: Attribute 'loss' is an instance of `nn.Module` and is already saved during checkpointing. It is recommended to ignore them using `self.save_hyperparameters(ignore=['loss'])`.
  rank_zero_warn(
D:\anaconda\envs\patchformer\lib\site-packages\pytorch_lightning\utilities\parsing.py:269: UserWarning: Attribute 'logging_metrics' is an instance of `nn.Module` and is already saved during checkpointing. It is recommended to ignore them using `self.save_hyperparameters(ignore=['logging_metrics'])`.
  rank_zero_warn(
D:\anaconda\envs\patchformer\lib\site-packages\pytorch_lightning\utilities\parsing.py:269: UserWarning: Attribute 'loss' is an instance of `nn.Module` and is already saved during checkpointing. It is recommended to ignore them using `self.save_hyperparameters(ignore=['loss'])`.
  rank_zero_warn(
D:\anaconda\envs\patchformer\lib\site-packages\pytorch_lightning\utilities\parsing.py:269: UserWarning: Attribute 'logging_metrics' is an instance of `nn.Module` and is already saved during checkpointing. It is recommended to ignore them using `self.save_hyperparameters(ignore=['logging_metrics'])`.
  rank_zero_warn(
D:\anaconda\envs\patchformer\lib\site-packages\pytorch_lightning\utilities\parsing.py:269: UserWarning: Attribute 'loss' is an instance of `nn.Module` and is already saved during checkpointing. It is recommended to ignore them using `self.save_hyperparameters(ignore=['loss'])`.
  rank_zero_warn(
D:\anaconda\envs\patchformer\lib\site-packages\pytorch_lightning\utilities\parsing.py:269: UserWarning: Attribute 'logging_metrics' is an instance of `nn.Module` and is already saved during checkpointing. It is recommended to ignore them using `self.save_hyperparameters(ignore=['logging_metrics'])`.
  rank_zero_warn(
D:\anaconda\envs\patchformer\lib\site-packages\pytorch_lightning\utilities\parsing.py:269: UserWarning: Attribute 'loss' is an instance of `nn.Module` and is already saved during checkpointing. It is recommended to ignore them using `self.save_hyperparameters(ignore=['loss'])`.
  rank_zero_warn(
D:\anaconda\envs\patchformer\lib\site-packages\pytorch_lightning\utilities\parsing.py:269: UserWarning: Attribute 'logging_metrics' is an instance of `nn.Module` and is already saved during checkpointing. It is recommended to ignore them using `self.save_hyperparameters(ignore=['logging_metrics'])`.
  rank_zero_warn(
D:\anaconda\envs\patchformer\lib\site-packages\pytorch_lightning\utilities\parsing.py:269: UserWarning: Attribute 'loss' is an instance of `nn.Module` and is already saved during checkpointing. It is recommended to ignore them using `self.save_hyperparameters(ignore=['loss'])`.
  rank_zero_warn(
D:\anaconda\envs\patchformer\lib\site-packages\pytorch_lightning\utilities\parsing.py:269: UserWarning: Attribute 'logging_metrics' is an instance of `nn.Module` and is already saved during checkpointing. It is recommended to ignore them using `self.save_hyperparameters(ignore=['logging_metrics'])`.
  rank_zero_warn(
D:\anaconda\envs\patchformer\lib\site-packages\pytorch_lightning\utilities\parsing.py:269: UserWarning: Attribute 'loss' is an instance of `nn.Module` and is already saved during checkpointing. It is recommended to ignore them using `self.save_hyperparameters(ignore=['loss'])`.
  rank_zero_warn(
D:\anaconda\envs\patchformer\lib\site-packages\pytorch_lightning\utilities\parsing.py:269: UserWarning: Attribute 'logging_metrics' is an instance of `nn.Module` and is already saved during checkpointing. It is recommended to ignore them using `self.save_hyperparameters(ignore=['logging_metrics'])`.
  rank_zero_warn(
D:\anaconda\envs\patchformer\lib\site-packages\pytorch_lightning\utilities\parsing.py:269: UserWarning: Attribute 'loss' is an instance of `nn.Module` and is already saved during checkpointing. It is recommended to ignore them using `self.save_hyperparameters(ignore=['loss'])`.
  rank_zero_warn(
D:\anaconda\envs\patchformer\lib\site-packages\pytorch_lightning\utilities\parsing.py:269: UserWarning: Attribute 'logging_metrics' is an instance of `nn.Module` and is already saved during checkpointing. It is recommended to ignore them using `self.save_hyperparameters(ignore=['logging_metrics'])`.
  rank_zero_warn(
D:\anaconda\envs\patchformer\lib\site-packages\pytorch_lightning\utilities\parsing.py:269: UserWarning: Attribute 'loss' is an instance of `nn.Module` and is already saved during checkpointing. It is recommended to ignore them using `self.save_hyperparameters(ignore=['loss'])`.
  rank_zero_warn(
D:\anaconda\envs\patchformer\lib\site-packages\pytorch_lightning\utilities\parsing.py:269: UserWarning: Attribute 'logging_metrics' is an instance of `nn.Module` and is already saved during checkpointing. It is recommended to ignore them using `self.save_hyperparameters(ignore=['logging_metrics'])`.
  rank_zero_warn(
D:\anaconda\envs\patchformer\lib\site-packages\pytorch_lightning\utilities\parsing.py:269: UserWarning: Attribute 'loss' is an instance of `nn.Module` and is already saved during checkpointing. It is recommended to ignore them using `self.save_hyperparameters(ignore=['loss'])`.
  rank_zero_warn(
D:\anaconda\envs\patchformer\lib\site-packages\pytorch_lightning\utilities\parsing.py:269: UserWarning: Attribute 'logging_metrics' is an instance of `nn.Module` and is already saved during checkpointing. It is recommended to ignore them using `self.save_hyperparameters(ignore=['logging_metrics'])`.
  rank_zero_warn(
D:\anaconda\envs\patchformer\lib\site-packages\pytorch_lightning\utilities\parsing.py:269: UserWarning: Attribute 'loss' is an instance of `nn.Module` and is already saved during checkpointing. It is recommended to ignore them using `self.save_hyperparameters(ignore=['loss'])`.
  rank_zero_warn(

========================================================================================================
  MIT  W=64  SP=200  test=batch2_cell5  rated=1.07 Ah  EOL_AH=0.86 Ah
  runs=[1, 2, 3, 4, 5, 6, 7, 8, 9, 10]  launch=SP200  steps=320
  AE: a non-crossing rollout prints '-' and is NEVER averaged in
========================================================================================================

  === PF   test=batch2_cell5  EOL=489  rated=1.07  EOL_AH=0.86  seql=64 ===
  model  run    launch       t0      AE     AE/k   MAE_eol   MSE_eol   cap@EOL
  pf     1      SP200       199     105     0.36 1.203e-01 3.016e-02    0.5651
  pf     2      SP200       199     112     0.39 1.506e-01 5.199e-02    0.1836
  pf     3      SP200       199     130     0.45 1.202e-01 2.373e-02    0.6929
  pf     4      SP200       199       -        - 1.138e-02 2.621e-04    0.9151
  pf     5      SP200       199     131     0.45 1.655e-01 4.861e-02    0.4286
  pf     6      SP200       199     150     0.52 2.462e-01 1.864e-01    2.4187
  pf     7      SP200       199      76     0.26 6.888e-02 8.634e-03    0.6779
  pf     8      SP200       199       -        - 1.130e-02 2.066e-04    0.8949
  pf     9      SP200       199       -        - 2.090e-02 1.308e-03    0.9712
  pf     10     SP200       199     153     0.53 3.102e-01 1.824e-01    0.4149

  === RM   test=batch2_cell5  EOL=489  rated=1.07  EOL_AH=0.86  seql=64 ===
  model  run    launch       t0      AE     AE/k   MAE_eol   MSE_eol   cap@EOL
  rm     1      SP200       199       8     0.03 6.198e-03 5.839e-05    0.8731
  rm     2      SP200       199       -        - 8.484e-03 2.437e-04    0.9118
  rm     3      SP200       199      16     0.06 6.294e-03 8.553e-05    0.8886
  rm     4      SP200       199       -        - 7.402e-03 1.684e-04    0.9018
  rm     5      SP200       199       -        - 7.705e-03 1.766e-04    0.9047
  rm     6      SP200       199       -        - 1.080e-02 4.335e-04    0.9266
  rm     7      SP200       199       -        - 1.175e-02 5.148e-04    0.9332
  rm     8      SP200       199       -        - 7.148e-03 1.457e-04    0.8992
  rm     9      SP200       199       -        - 4.430e-02 4.448e-03    1.0441
  rm     10     SP200       199      17     0.06 6.355e-03 8.895e-05    0.8896

  -> D:\research\degradation_prognostics\Transformer_and_Multi_Scale_Models\src\results\ar_baselines_tju.json

  === MIT summary (mean over runs; cap@EOL true value = 0.860 Ah) ===
  model  launch     cross   MAE_eol   MSE_eol   cap@EOL   meanAE
  pf     SP200       7/10 1.225e-01 5.337e-02    0.8163    122.4
  rm     SP200       3/10 1.164e-02 6.363e-04    0.9173     13.7

##### ALL DONE #####
