    [ep   1/100] loss=0.76400  13s, 12.6s/ep, eta 1251s
    [ep   6/100] loss=0.53380  67s, 10.9s/ep, eta 1027s
    [ar] calibrated lam=6.75 from tf=0.34496 ar=0.01277
    [ep  11/100] loss=0.46798  128s, 12.1s/ep, eta 1075s  | tf=0.43247 ar=0.01273 lam=0.34 K=4
    [ep  16/100] loss=0.41274  211s, 16.7s/ep, eta 1403s  | tf=0.44216 ar=0.01107 lam=2.03 K=4
    [ep  21/100] loss=0.39857  302s, 18.1s/ep, eta 1430s  | tf=0.38206 ar=0.01040 lam=3.71 K=4
    [ep  26/100] loss=0.39851  402s, 20.0s/ep, eta 1482s  | tf=0.40624 ar=0.01394 lam=5.40 K=8
    [ep  31/100] loss=0.36060  528s, 25.3s/ep, eta 1748s  | tf=0.31656 ar=0.01360 lam=6.75 K=8
    [ep  36/100] loss=0.34808  648s, 23.9s/ep, eta 1532s  | tf=0.33483 ar=0.01006 lam=6.75 K=8
    [ep  41/100] loss=0.32658  791s, 28.5s/ep, eta 1684s  | tf=0.32454 ar=0.01042 lam=6.75 K=8
    [ep  46/100] loss=0.32984  911s, 23.9s/ep, eta 1293s  | tf=0.26863 ar=0.00951 lam=6.75 K=8
    [ep  51/100] loss=0.33008  1023s, 22.4s/ep, eta 1097s  | tf=0.30587 ar=0.01307 lam=6.75 K=16
    [ep  56/100] loss=0.31955  1198s, 35.2s/ep, eta 1547s  | tf=0.35586 ar=0.01234 lam=6.75 K=16
    [ep  61/100] loss=0.30945  1367s, 33.8s/ep, eta 1319s  | tf=0.28290 ar=0.01195 lam=6.75 K=16
    [ep  66/100] loss=0.30009  1549s, 36.4s/ep, eta 1237s  | tf=0.29135 ar=0.01072 lam=6.75 K=16
    [ep  71/100] loss=0.29433  1731s, 36.3s/ep, eta 1052s  | tf=0.29520 ar=0.01059 lam=6.75 K=16
    [ep  76/100] loss=0.29239  1896s, 33.0s/ep, eta 792s  | tf=0.31585 ar=0.01010 lam=6.75 K=16
    [ep  81/100] loss=0.33132  2057s, 32.3s/ep, eta 614s  | tf=0.32151 ar=0.01278 lam=6.75 K=16
    [ep  86/100] loss=0.29545  2216s, 31.9s/ep, eta 446s  | tf=0.29377 ar=0.01111 lam=6.75 K=16
    [ep  91/100] loss=0.30299  2639s, 84.5s/ep, eta 761s  | tf=0.27959 ar=0.01310 lam=6.75 K=16
    [ep  96/100] loss=0.43454  3078s, 87.8s/ep, eta 351s  | tf=0.39897 ar=0.01380 lam=6.75 K=16
    [ep 100/100] loss=0.36332  3204s, 31.5s/ep, eta 0s  | tf=0.35374 ar=0.01524 lam=6.75 K=16
calce SP500 seed1 (epochs=100): AE=[2] MAE=0.0106 R2=0.9875 trainN=2715+436
=== per-SP means over seeds ===
SP500: AE=2.00 MAE=0.0106 RMSE=0.0219 R2=0.9875
