    [ep   1/100] loss=0.76400  42s, 41.8s/ep, eta 4137s
    [ep   6/100] loss=0.53380  94s, 10.4s/ep, eta 981s
    [ep  11/100] loss=0.46268  151s, 11.4s/ep, eta 1013s  | tf=0.39775 ar=0.00409 lam=1.21 K=4
    [ep  16/100] loss=0.42704  242s, 18.2s/ep, eta 1530s  | tf=0.37202 ar=0.00557 lam=5.01 K=4
    [ep  21/100] loss=0.40996  321s, 15.8s/ep, eta 1250s  | tf=0.37889 ar=0.00535 lam=9.73 K=4
    [ep  26/100] loss=0.39760  404s, 16.6s/ep, eta 1231s  | tf=0.36466 ar=0.01819 lam=4.01 K=8
    [ep  31/100] loss=0.36006  515s, 22.2s/ep, eta 1531s  | tf=0.33500 ar=0.01454 lam=5.76 K=8
    [ep  36/100] loss=0.33764  623s, 21.6s/ep, eta 1382s  | tf=0.25699 ar=0.01038 lam=6.19 K=8
    [ep  41/100] loss=0.33295  729s, 21.1s/ep, eta 1244s  | tf=0.27731 ar=0.00881 lam=7.87 K=8
    [ep  46/100] loss=0.33835  831s, 20.5s/ep, eta 1109s  | tf=0.31692 ar=0.00712 lam=11.13 K=8
    [ep  51/100] loss=0.31452  945s, 22.7s/ep, eta 1113s  | tf=0.24981 ar=0.01031 lam=6.06 K=16
    [ep  56/100] loss=0.30439  1101s, 31.2s/ep, eta 1373s  | tf=0.27239 ar=0.00871 lam=7.82 K=16
    [ep  61/100] loss=0.30789  1264s, 32.6s/ep, eta 1273s  | tf=0.24072 ar=0.00530 lam=11.35 K=16
    [ep  66/100] loss=0.30224  1419s, 31.0s/ep, eta 1055s  | tf=0.28751 ar=0.00633 lam=11.35 K=16
    [ep  71/100] loss=0.30724  1585s, 33.1s/ep, eta 960s  | tf=0.41228 ar=0.01131 lam=9.11 K=16
    [ep  76/100] loss=0.29859  1744s, 31.8s/ep, eta 763s  | tf=0.43604 ar=0.01343 lam=8.12 K=16
    [ep  81/100] loss=0.72163  1916s, 34.5s/ep, eta 656s  | tf=0.63916 ar=0.01016 lam=15.73 K=16
    [ep  86/100] loss=0.59902  2083s, 33.4s/ep, eta 468s  | tf=0.55019 ar=0.01134 lam=12.13 K=16
    [ep  91/100] loss=0.45037  2250s, 33.3s/ep, eta 299s  | tf=0.33803 ar=0.00834 lam=10.13 K=16
    [ep  96/100] loss=0.39817  2416s, 33.3s/ep, eta 133s  | tf=0.33556 ar=0.00960 lam=8.74 K=16
    [ep 100/100] loss=0.37165  2550s, 33.4s/ep, eta 0s  | tf=0.33064 ar=0.01213 lam=6.81 K=16
calce SP500 seed1 (epochs=100): AE=[2] MAE=0.0096 R2=0.9907 trainN=2715+436
=== per-SP means over seeds ===
SP500: AE=2.00 MAE=0.0096 RMSE=0.0189 R2=0.9907
