=== calce K=32  seeds 1..1  SPs [500]  W=64 ===
    [ep   1/100] loss=1.18807  10s, 10.2s/ep
    [ep   6/100] loss=0.95683  57s, 9.3s/ep
    [ep  11/100] loss=0.80040  103s, 9.4s/ep
    [ep  16/100] loss=0.65772  149s, 9.1s/ep
    [ep  21/100] loss=0.58884  195s, 9.2s/ep
    [ep  26/100] loss=0.56131  242s, 9.5s/ep
    [ep  31/100] loss=0.52271  288s, 9.2s/ep
    [ep  36/100] loss=0.50055  334s, 9.2s/ep
    [ep  41/100] loss=0.47581  380s, 9.2s/ep
    [ep  46/100] loss=0.46487  427s, 9.3s/ep
    [ep  51/100] loss=0.45082  472s, 9.2s/ep
    [ep  56/100] loss=0.44257  518s, 9.1s/ep
    [ep  61/100] loss=0.43363  564s, 9.1s/ep
    [ep  66/100] loss=0.42444  610s, 9.3s/ep
    [ep  71/100] loss=0.42185  656s, 9.2s/ep
    [ep  76/100] loss=0.41309  702s, 9.2s/ep
    [ep  81/100] loss=0.40480  748s, 9.1s/ep
    [ep  86/100] loss=0.39755  794s, 9.3s/ep
    [ep  91/100] loss=0.39475  841s, 9.3s/ep
    [ep  96/100] loss=0.39130  886s, 9.1s/ep
    [ep 100/100] loss=0.39203  923s, 9.2s/ep
  SP500 seed1: MSE=1.440e-03 MAE=0.02302 AE=20.0 R2=0.9625 [926s]
=== per-SP means over seeds ===
  SP500: MSE=1.440e-03 MAE=0.02302 AE=20.00
