  dropped 2 outlier cells (max > 1.2 Ah): ['batch2_cell12', 'batch2_cell44']
====================================================================================================
  MIT cell-count dose-response  pool=39 cells  test=['batch2_cell5', 'batch2_cell47']  W=64  SP300  epochs=100
  lo=0.8250 hi=1.0895 from ALL 39 cells, constant across every N   N=[12]  seeds=[1, 2, 3]
====================================================================================================
     N seed    win    TF MAE    TF R2   AR MSE@50     AR MSE   AR AE  crossed
  ---------------------------------------------------------------------------
    [ep   1/100] loss=0.32811  62s, 62.3s/ep, eta 6169s
    [ep   6/100] loss=0.25301  523s, 92.1s/ep, eta 8654s
    [ep  11/100] loss=0.25197  722s, 39.9s/ep, eta 3547s
    [ep  16/100] loss=0.20385  820s, 19.5s/ep, eta 1642s
    [ep  21/100] loss=0.17660  920s, 20.1s/ep, eta 1591s
    [ep  26/100] loss=0.17036  1010s, 17.9s/ep, eta 1326s
    [ep  31/100] loss=0.15958  1102s, 18.4s/ep, eta 1266s
    [ep  36/100] loss=0.14994  1196s, 18.8s/ep, eta 1205s
    [ep  41/100] loss=0.13176  1307s, 22.1s/ep, eta 1306s
    [ep  46/100] loss=0.13318  1422s, 23.1s/ep, eta 1246s
    [ep  51/100] loss=0.12703  1510s, 17.6s/ep, eta 861s
    [ep  56/100] loss=0.12561  1610s, 20.1s/ep, eta 886s
Traceback (most recent call last):
  File "D:\research\degradation_prognostics\Transformer_and_Multi_Scale_Models\src\train_per_sp_dose.py", line 135, in <module>
    main()
  File "D:\research\degradation_prognostics\Transformer_and_Multi_Scale_Models\src\train_per_sp_dose.py", line 93, in main
    model = train_one(seed, X, Y, W)
            ^^^^^^^^^^^^^^^^^^^^^^^^
  File "D:\research\degradation_prognostics\Transformer_and_Multi_Scale_Models\src\train_per_sp.py", line 451, in train_one
    opt.step()
  File "D:\anaconda\envs\py312\Lib\site-packages\torch\optim\optimizer.py", line 530, in wrapper
    out = func(*args, **kwargs)
          ^^^^^^^^^^^^^^^^^^^^^
  File "D:\anaconda\envs\py312\Lib\site-packages\torch\optim\optimizer.py", line 80, in _use_grad
    ret = func(*args, **kwargs)
          ^^^^^^^^^^^^^^^^^^^^^
  File "D:\anaconda\envs\py312\Lib\site-packages\torch\optim\adam.py", line 222, in step
    self._accelerator_graph_capture_health_check()
  File "D:\anaconda\envs\py312\Lib\site-packages\torch\optim\optimizer.py", line 466, in _accelerator_graph_capture_health_check
    capturing = torch.accelerator.current_stream().is_capturing()
                ^^^^^^^^^^^^^^^^^^^^^^^^^^^^^^^^^^^^^^^^^^^^^^^^^
torch.AcceleratorError: CUDA error: an illegal memory access was encountered
Search for `cudaErrorIllegalAddress' in https://docs.nvidia.com/cuda/cuda-runtime-api/group__CUDART__TYPES.html for more information.
CUDA kernel errors might be asynchronously reported at some other API call, so the stacktrace below might be incorrect.
For debugging consider passing CUDA_LAUNCH_BLOCKING=1

