=== ours  ks=(25, 50, 75, 100)  runs=[1, 2, 3, 4, 5, 6, 7, 8, 9, 10] ===
  verification seeds done: 10/10
  [verify] ours teacher-forced SP300: MAE=0.003724 (ref 0.0037 common (train-cell min-max)) R2=0.9976 (ref 0.9976) -> PASS
  ours seed 1 SP400 k=100 (T=488): MAE=29.33mAh AE=None (cross None, by EOL: None) d1=0.0e+00 [13s]
  ours seed 1 SP500 k= 25 (T=563): MAE=8.26mAh AE=None (cross None, by EOL: None) d1=0.0e+00 [11s]
  ours seed 1 SP500 k= 50 (T=538): MAE=38.21mAh AE=None (cross None, by EOL: None) d1=0.0e+00 [11s]
  ours seed 1 SP500 k= 75 (T=513): MAE=24.58mAh AE=None (cross None, by EOL: None) d1=0.0e+00 [11s]
  ours seed 2 SP400 k=100 (T=488): MAE=21.93mAh AE=-15 (cross 574, by EOL: 574) d1=0.0e+00 [11s]
  ours seed 2 SP500 k= 25 (T=563): MAE=14.64mAh AE=None (cross None, by EOL: None) d1=0.0e+00 [10s]
  ours seed 2 SP500 k= 50 (T=538): MAE=30.09mAh AE=None (cross None, by EOL: None) d1=0.0e+00 [10s]
  ours seed 2 SP500 k= 75 (T=513): MAE=25.45mAh AE=None (cross None, by EOL: None) d1=0.0e+00 [11s]
  ours seed 3 SP400 k=100 (T=488): MAE=21.89mAh AE=None (cross None, by EOL: None) d1=0.0e+00 [13s]
  ours seed 3 SP500 k= 25 (T=563): MAE=10.79mAh AE=None (cross None, by EOL: None) d1=0.0e+00 [10s]
  ours seed 3 SP500 k= 50 (T=538): MAE=32.83mAh AE=-19 (cross 570, by EOL: 570) d1=0.0e+00 [9s]
  ours seed 3 SP500 k= 75 (T=513): MAE=29.34mAh AE=None (cross None, by EOL: None) d1=0.0e+00 [11s]
  ours seed 4 SP400 k=100 (T=488): MAE=74.01mAh AE=-45 (cross 544, by EOL: 544) d1=0.0e+00 [11s]
  ours seed 4 SP500 k= 25 (T=563): MAE=17.93mAh AE=None (cross None, by EOL: None) d1=0.0e+00 [9s]
  ours seed 4 SP500 k= 50 (T=538): MAE=6.26mAh AE=8 (cross 597, by EOL: None) d1=0.0e+00 [9s]
  ours seed 4 SP500 k= 75 (T=513): MAE=20.13mAh AE=None (cross None, by EOL: None) d1=0.0e+00 [10s]
  ours seed 5 SP400 k=100 (T=488): MAE=44.33mAh AE=-34 (cross 555, by EOL: 555) d1=0.0e+00 [11s]
  ours seed 5 SP500 k= 25 (T=563): MAE=13.82mAh AE=None (cross None, by EOL: None) d1=0.0e+00 [9s]
  ours seed 5 SP500 k= 50 (T=538): MAE=10.32mAh AE=None (cross None, by EOL: None) d1=0.0e+00 [10s]
  ours seed 5 SP500 k= 75 (T=513): MAE=23.23mAh AE=None (cross None, by EOL: None) d1=0.0e+00 [12s]
  ours seed 6 SP400 k=100 (T=488): MAE=59.60mAh AE=None (cross None, by EOL: None) d1=0.0e+00 [12s]
  ours seed 6 SP500 k= 25 (T=563): MAE=8.98mAh AE=None (cross None, by EOL: None) d1=0.0e+00 [9s]
  ours seed 6 SP500 k= 50 (T=538): MAE=12.05mAh AE=None (cross None, by EOL: None) d1=0.0e+00 [10s]
  ours seed 6 SP500 k= 75 (T=513): MAE=22.11mAh AE=None (cross None, by EOL: None) d1=0.0e+00 [10s]
  ours seed 7 SP400 k=100 (T=488): MAE=12.04mAh AE=None (cross None, by EOL: None) d1=0.0e+00 [11s]
  ours seed 7 SP500 k= 25 (T=563): MAE=13.43mAh AE=-7 (cross 582, by EOL: 582) d1=0.0e+00 [10s]
  ours seed 7 SP500 k= 50 (T=538): MAE=8.98mAh AE=-5 (cross 584, by EOL: 584) d1=0.0e+00 [10s]
  ours seed 7 SP500 k= 75 (T=513): MAE=136.99mAh AE=-47 (cross 542, by EOL: 542) d1=0.0e+00 [15s]
  ours seed 8 SP400 k=100 (T=488): MAE=38.46mAh AE=None (cross None, by EOL: None) d1=0.0e+00 [12s]
  ours seed 8 SP500 k= 25 (T=563): MAE=3.17mAh AE=1 (cross 590, by EOL: None) d1=0.0e+00 [11s]
  ours seed 8 SP500 k= 50 (T=538): MAE=67.31mAh AE=-28 (cross 561, by EOL: 561) d1=0.0e+00 [11s]
  ours seed 8 SP500 k= 75 (T=513): MAE=59.00mAh AE=-35 (cross 554, by EOL: 554) d1=0.0e+00 [12s]
  ours seed 9 SP400 k=100 (T=488): MAE=46.97mAh AE=-36 (cross 553, by EOL: 553) d1=0.0e+00 [12s]
  ours seed 9 SP500 k= 25 (T=563): MAE=12.55mAh AE=None (cross None, by EOL: None) d1=0.0e+00 [9s]
  ours seed 9 SP500 k= 50 (T=538): MAE=13.63mAh AE=None (cross None, by EOL: None) d1=0.0e+00 [11s]
  ours seed 9 SP500 k= 75 (T=513): MAE=24.92mAh AE=None (cross None, by EOL: None) d1=0.0e+00 [12s]
  ours seed10 SP400 k=100 (T=488): MAE=12.99mAh AE=None (cross None, by EOL: None) d1=0.0e+00 [10s]
  ours seed10 SP500 k= 25 (T=563): MAE=12.16mAh AE=None (cross None, by EOL: None) d1=0.0e+00 [10s]
  ours seed10 SP500 k= 50 (T=538): MAE=7.23mAh AE=5 (cross 594, by EOL: None) d1=0.0e+00 [9s]
  ours seed10 SP500 k= 75 (T=513): MAE=22.64mAh AE=None (cross None, by EOL: None) d1=0.0e+00 [10s]

saved D:/research/degradation_prognostics/Transformer_and_Multi_Scale_Models/src/results/_kt_ours_t.json
