=== ours  ks=(88, 188, 288)  runs=[1, 2, 3, 4, 5, 6, 7, 8, 9, 10] ===
  verification seeds done: 10/10
  [verify] ours teacher-forced SP300: MAE=0.003724 (ref 0.0037 common (train-cell min-max)) R2=0.9976 (ref 0.9976) -> PASS
  ours seed 1 SP300 k=288 (T=300): MAE=255.30mAh AE=-158 (cross 431, by EOL: 431) d1=0.0e+00 [16s]
  ours seed 1 SP400 k=188 (T=400): MAE=30.83mAh AE=None (cross None, by EOL: None) d1=0.0e+00 [12s]
  ours seed 1 SP500 k= 88 (T=500): MAE=37.16mAh AE=None (cross None, by EOL: None) d1=0.0e+00 [10s]
  ours seed 2 SP300 k=288 (T=300): MAE=103.54mAh AE=None (cross None, by EOL: None) d1=0.0e+00 [14s]
  ours seed 2 SP400 k=188 (T=400): MAE=50.70mAh AE=-46 (cross 543, by EOL: 543) d1=0.0e+00 [12s]
  ours seed 2 SP500 k= 88 (T=500): MAE=41.54mAh AE=None (cross None, by EOL: None) d1=0.0e+00 [10s]
  ours seed 3 SP300 k=288 (T=300): MAE=118.93mAh AE=None (cross None, by EOL: None) d1=0.0e+00 [16s]
  ours seed 3 SP400 k=188 (T=400): MAE=165.50mAh AE=-94 (cross 495, by EOL: 495) d1=0.0e+00 [14s]
  ours seed 3 SP500 k= 88 (T=500): MAE=41.04mAh AE=None (cross None, by EOL: None) d1=0.0e+00 [14s]
  ours seed 4 SP300 k=288 (T=300): MAE=345.85mAh AE=-198 (cross 391, by EOL: 391) d1=0.0e+00 [20s]
  ours seed 4 SP400 k=188 (T=400): MAE=160.06mAh AE=-92 (cross 497, by EOL: 497) d1=0.0e+00 [16s]
  ours seed 4 SP500 k= 88 (T=500): MAE=32.49mAh AE=None (cross None, by EOL: None) d1=0.0e+00 [13s]
  ours seed 5 SP300 k=288 (T=300): MAE=113.15mAh AE=None (cross None, by EOL: None) d1=0.0e+00 [19s]
  ours seed 5 SP400 k=188 (T=400): MAE=92.46mAh AE=-72 (cross 517, by EOL: 517) d1=0.0e+00 [14s]
  ours seed 5 SP500 k= 88 (T=500): MAE=32.28mAh AE=None (cross None, by EOL: None) d1=0.0e+00 [11s]
  ours seed 6 SP300 k=288 (T=300): MAE=122.44mAh AE=None (cross None, by EOL: None) d1=0.0e+00 [16s]
  ours seed 6 SP400 k=188 (T=400): MAE=82.72mAh AE=None (cross None, by EOL: None) d1=0.0e+00 [14s]
  ours seed 6 SP500 k= 88 (T=500): MAE=37.53mAh AE=None (cross None, by EOL: None) d1=0.0e+00 [12s]
  ours seed 7 SP300 k=288 (T=300): MAE=163.15mAh AE=-134 (cross 455, by EOL: 455) d1=0.0e+00 [16s]
  ours seed 7 SP400 k=188 (T=400): MAE=17.69mAh AE=None (cross None, by EOL: None) d1=0.0e+00 [14s]
  ours seed 7 SP500 k= 88 (T=500): MAE=130.37mAh AE=-50 (cross 539, by EOL: 539) d1=0.0e+00 [11s]
  ours seed 8 SP300 k=288 (T=300): MAE=123.03mAh AE=None (cross None, by EOL: None) d1=0.0e+00 [16s]
  ours seed 8 SP400 k=188 (T=400): MAE=73.16mAh AE=None (cross None, by EOL: None) d1=0.0e+00 [14s]
  ours seed 8 SP500 k= 88 (T=500): MAE=44.16mAh AE=-32 (cross 557, by EOL: 557) d1=0.0e+00 [12s]
  ours seed 9 SP300 k=288 (T=300): MAE=105.51mAh AE=None (cross None, by EOL: None) d1=0.0e+00 [17s]
  ours seed 9 SP400 k=188 (T=400): MAE=111.06mAh AE=-83 (cross 506, by EOL: 506) d1=0.0e+00 [14s]
  ours seed 9 SP500 k= 88 (T=500): MAE=37.38mAh AE=None (cross None, by EOL: None) d1=0.0e+00 [11s]
  ours seed10 SP300 k=288 (T=300): MAE=48.11mAh AE=None (cross None, by EOL: None) d1=0.0e+00 [20s]
  ours seed10 SP400 k=188 (T=400): MAE=28.87mAh AE=None (cross None, by EOL: None) d1=0.0e+00 [16s]
  ours seed10 SP500 k= 88 (T=500): MAE=32.82mAh AE=None (cross None, by EOL: None) d1=0.0e+00 [13s]

saved D:/research/degradation_prognostics/Transformer_and_Multi_Scale_Models/src/results/_kt_ours_proto.json
