=== rm  ks=(25, 50, 75, 100)  runs=[1, 2, 3, 4, 5, 6, 7, 8, 9, 10] ===
D:\anaconda\envs\patchformer\lib\site-packages\pytorch_lightning\utilities\parsing.py:269: UserWarning: Attribute 'logging_metrics' is an instance of `nn.Module` and is already saved during checkpointing. It is recommended to ignore them using `self.save_hyperparameters(ignore=['logging_metrics'])`.
  rank_zero_warn(
D:\anaconda\envs\patchformer\lib\site-packages\pytorch_lightning\utilities\parsing.py:269: UserWarning: Attribute 'loss' is an instance of `nn.Module` and is already saved during checkpointing. It is recommended to ignore them using `self.save_hyperparameters(ignore=['loss'])`.
  rank_zero_warn(
  [verify] rm SP300 run1: MAE=0.017151Ah R2=0.9715 decode_err=2.38e-07
D:\anaconda\envs\patchformer\lib\site-packages\pytorch_lightning\utilities\parsing.py:269: UserWarning: Attribute 'logging_metrics' is an instance of `nn.Module` and is already saved during checkpointing. It is recommended to ignore them using `self.save_hyperparameters(ignore=['logging_metrics'])`.
  rank_zero_warn(
D:\anaconda\envs\patchformer\lib\site-packages\pytorch_lightning\utilities\parsing.py:269: UserWarning: Attribute 'loss' is an instance of `nn.Module` and is already saved during checkpointing. It is recommended to ignore them using `self.save_hyperparameters(ignore=['loss'])`.
  rank_zero_warn(
  [verify] rm SP300 run2: MAE=0.017269Ah R2=0.9719 decode_err=2.38e-07
D:\anaconda\envs\patchformer\lib\site-packages\pytorch_lightning\utilities\parsing.py:269: UserWarning: Attribute 'logging_metrics' is an instance of `nn.Module` and is already saved during checkpointing. It is recommended to ignore them using `self.save_hyperparameters(ignore=['logging_metrics'])`.
  rank_zero_warn(
D:\anaconda\envs\patchformer\lib\site-packages\pytorch_lightning\utilities\parsing.py:269: UserWarning: Attribute 'loss' is an instance of `nn.Module` and is already saved during checkpointing. It is recommended to ignore them using `self.save_hyperparameters(ignore=['loss'])`.
  rank_zero_warn(
  [verify] rm SP300 run3: MAE=0.017260Ah R2=0.9721 decode_err=2.38e-07
D:\anaconda\envs\patchformer\lib\site-packages\pytorch_lightning\utilities\parsing.py:269: UserWarning: Attribute 'logging_metrics' is an instance of `nn.Module` and is already saved during checkpointing. It is recommended to ignore them using `self.save_hyperparameters(ignore=['logging_metrics'])`.
  rank_zero_warn(
D:\anaconda\envs\patchformer\lib\site-packages\pytorch_lightning\utilities\parsing.py:269: UserWarning: Attribute 'loss' is an instance of `nn.Module` and is already saved during checkpointing. It is recommended to ignore them using `self.save_hyperparameters(ignore=['loss'])`.
  rank_zero_warn(
  [verify] rm SP300 run4: MAE=0.017594Ah R2=0.9738 decode_err=2.38e-07
D:\anaconda\envs\patchformer\lib\site-packages\pytorch_lightning\utilities\parsing.py:269: UserWarning: Attribute 'logging_metrics' is an instance of `nn.Module` and is already saved during checkpointing. It is recommended to ignore them using `self.save_hyperparameters(ignore=['logging_metrics'])`.
  rank_zero_warn(
D:\anaconda\envs\patchformer\lib\site-packages\pytorch_lightning\utilities\parsing.py:269: UserWarning: Attribute 'loss' is an instance of `nn.Module` and is already saved during checkpointing. It is recommended to ignore them using `self.save_hyperparameters(ignore=['loss'])`.
  rank_zero_warn(
  [verify] rm SP300 run5: MAE=0.017704Ah R2=0.9743 decode_err=2.38e-07
D:\anaconda\envs\patchformer\lib\site-packages\pytorch_lightning\utilities\parsing.py:269: UserWarning: Attribute 'logging_metrics' is an instance of `nn.Module` and is already saved during checkpointing. It is recommended to ignore them using `self.save_hyperparameters(ignore=['logging_metrics'])`.
  rank_zero_warn(
D:\anaconda\envs\patchformer\lib\site-packages\pytorch_lightning\utilities\parsing.py:269: UserWarning: Attribute 'loss' is an instance of `nn.Module` and is already saved during checkpointing. It is recommended to ignore them using `self.save_hyperparameters(ignore=['loss'])`.
  rank_zero_warn(
  [verify] rm SP300 run6: MAE=0.017190Ah R2=0.9716 decode_err=2.38e-07
D:\anaconda\envs\patchformer\lib\site-packages\pytorch_lightning\utilities\parsing.py:269: UserWarning: Attribute 'logging_metrics' is an instance of `nn.Module` and is already saved during checkpointing. It is recommended to ignore them using `self.save_hyperparameters(ignore=['logging_metrics'])`.
  rank_zero_warn(
D:\anaconda\envs\patchformer\lib\site-packages\pytorch_lightning\utilities\parsing.py:269: UserWarning: Attribute 'loss' is an instance of `nn.Module` and is already saved during checkpointing. It is recommended to ignore them using `self.save_hyperparameters(ignore=['loss'])`.
  rank_zero_warn(
  [verify] rm SP300 run7: MAE=0.017606Ah R2=0.9739 decode_err=2.38e-07
D:\anaconda\envs\patchformer\lib\site-packages\pytorch_lightning\utilities\parsing.py:269: UserWarning: Attribute 'logging_metrics' is an instance of `nn.Module` and is already saved during checkpointing. It is recommended to ignore them using `self.save_hyperparameters(ignore=['logging_metrics'])`.
  rank_zero_warn(
D:\anaconda\envs\patchformer\lib\site-packages\pytorch_lightning\utilities\parsing.py:269: UserWarning: Attribute 'loss' is an instance of `nn.Module` and is already saved during checkpointing. It is recommended to ignore them using `self.save_hyperparameters(ignore=['loss'])`.
  rank_zero_warn(
  [verify] rm SP300 run8: MAE=0.017291Ah R2=0.9723 decode_err=2.38e-07
D:\anaconda\envs\patchformer\lib\site-packages\pytorch_lightning\utilities\parsing.py:269: UserWarning: Attribute 'logging_metrics' is an instance of `nn.Module` and is already saved during checkpointing. It is recommended to ignore them using `self.save_hyperparameters(ignore=['logging_metrics'])`.
  rank_zero_warn(
D:\anaconda\envs\patchformer\lib\site-packages\pytorch_lightning\utilities\parsing.py:269: UserWarning: Attribute 'loss' is an instance of `nn.Module` and is already saved during checkpointing. It is recommended to ignore them using `self.save_hyperparameters(ignore=['loss'])`.
  rank_zero_warn(
  [verify] rm SP300 run9: MAE=0.017200Ah R2=0.9715 decode_err=2.98e-07
D:\anaconda\envs\patchformer\lib\site-packages\pytorch_lightning\utilities\parsing.py:269: UserWarning: Attribute 'logging_metrics' is an instance of `nn.Module` and is already saved during checkpointing. It is recommended to ignore them using `self.save_hyperparameters(ignore=['logging_metrics'])`.
  rank_zero_warn(
D:\anaconda\envs\patchformer\lib\site-packages\pytorch_lightning\utilities\parsing.py:269: UserWarning: Attribute 'loss' is an instance of `nn.Module` and is already saved during checkpointing. It is recommended to ignore them using `self.save_hyperparameters(ignore=['loss'])`.
  rank_zero_warn(
  [verify] rm SP300 run10: MAE=0.017276Ah R2=0.9719 decode_err=2.38e-07
  [verify] rm teacher-forced SP300: MAE=0.017354 (ref 0.0174 Ah) R2=0.9725 (ref 0.9725) -> PASS
D:\anaconda\envs\patchformer\lib\site-packages\pytorch_lightning\utilities\parsing.py:269: UserWarning: Attribute 'logging_metrics' is an instance of `nn.Module` and is already saved during checkpointing. It is recommended to ignore them using `self.save_hyperparameters(ignore=['logging_metrics'])`.
  rank_zero_warn(
D:\anaconda\envs\patchformer\lib\site-packages\pytorch_lightning\utilities\parsing.py:269: UserWarning: Attribute 'loss' is an instance of `nn.Module` and is already saved during checkpointing. It is recommended to ignore them using `self.save_hyperparameters(ignore=['loss'])`.
  rank_zero_warn(
  rm run 1 SP500 k= 25 (T=563): MAE=11.88mAh AE=None (cross None, by EOL: None) d1=4.8e-08 [4s]
D:\anaconda\envs\patchformer\lib\site-packages\pytorch_lightning\utilities\parsing.py:269: UserWarning: Attribute 'logging_metrics' is an instance of `nn.Module` and is already saved during checkpointing. It is recommended to ignore them using `self.save_hyperparameters(ignore=['logging_metrics'])`.
  rank_zero_warn(
D:\anaconda\envs\patchformer\lib\site-packages\pytorch_lightning\utilities\parsing.py:269: UserWarning: Attribute 'loss' is an instance of `nn.Module` and is already saved during checkpointing. It is recommended to ignore them using `self.save_hyperparameters(ignore=['loss'])`.
  rank_zero_warn(
  rm run 2 SP500 k= 25 (T=563): MAE=12.78mAh AE=None (cross None, by EOL: None) d1=1.3e-07 [3s]
D:\anaconda\envs\patchformer\lib\site-packages\pytorch_lightning\utilities\parsing.py:269: UserWarning: Attribute 'logging_metrics' is an instance of `nn.Module` and is already saved during checkpointing. It is recommended to ignore them using `self.save_hyperparameters(ignore=['logging_metrics'])`.
  rank_zero_warn(
D:\anaconda\envs\patchformer\lib\site-packages\pytorch_lightning\utilities\parsing.py:269: UserWarning: Attribute 'loss' is an instance of `nn.Module` and is already saved during checkpointing. It is recommended to ignore them using `self.save_hyperparameters(ignore=['loss'])`.
  rank_zero_warn(
  rm run 3 SP500 k= 25 (T=563): MAE=10.84mAh AE=None (cross None, by EOL: None) d1=6.6e-09 [3s]
D:\anaconda\envs\patchformer\lib\site-packages\pytorch_lightning\utilities\parsing.py:269: UserWarning: Attribute 'logging_metrics' is an instance of `nn.Module` and is already saved during checkpointing. It is recommended to ignore them using `self.save_hyperparameters(ignore=['logging_metrics'])`.
  rank_zero_warn(
D:\anaconda\envs\patchformer\lib\site-packages\pytorch_lightning\utilities\parsing.py:269: UserWarning: Attribute 'loss' is an instance of `nn.Module` and is already saved during checkpointing. It is recommended to ignore them using `self.save_hyperparameters(ignore=['loss'])`.
  rank_zero_warn(
  rm run 4 SP500 k= 25 (T=563): MAE=13.39mAh AE=None (cross None, by EOL: None) d1=5.4e-09 [3s]
D:\anaconda\envs\patchformer\lib\site-packages\pytorch_lightning\utilities\parsing.py:269: UserWarning: Attribute 'logging_metrics' is an instance of `nn.Module` and is already saved during checkpointing. It is recommended to ignore them using `self.save_hyperparameters(ignore=['logging_metrics'])`.
  rank_zero_warn(
D:\anaconda\envs\patchformer\lib\site-packages\pytorch_lightning\utilities\parsing.py:269: UserWarning: Attribute 'loss' is an instance of `nn.Module` and is already saved during checkpointing. It is recommended to ignore them using `self.save_hyperparameters(ignore=['loss'])`.
  rank_zero_warn(
  rm run 5 SP500 k= 25 (T=563): MAE=11.71mAh AE=None (cross None, by EOL: None) d1=1.0e-07 [4s]
D:\anaconda\envs\patchformer\lib\site-packages\pytorch_lightning\utilities\parsing.py:269: UserWarning: Attribute 'logging_metrics' is an instance of `nn.Module` and is already saved during checkpointing. It is recommended to ignore them using `self.save_hyperparameters(ignore=['logging_metrics'])`.
  rank_zero_warn(
D:\anaconda\envs\patchformer\lib\site-packages\pytorch_lightning\utilities\parsing.py:269: UserWarning: Attribute 'loss' is an instance of `nn.Module` and is already saved during checkpointing. It is recommended to ignore them using `self.save_hyperparameters(ignore=['loss'])`.
  rank_zero_warn(
  rm run 6 SP500 k= 25 (T=563): MAE=12.26mAh AE=None (cross None, by EOL: None) d1=7.3e-08 [3s]
D:\anaconda\envs\patchformer\lib\site-packages\pytorch_lightning\utilities\parsing.py:269: UserWarning: Attribute 'logging_metrics' is an instance of `nn.Module` and is already saved during checkpointing. It is recommended to ignore them using `self.save_hyperparameters(ignore=['logging_metrics'])`.
  rank_zero_warn(
D:\anaconda\envs\patchformer\lib\site-packages\pytorch_lightning\utilities\parsing.py:269: UserWarning: Attribute 'loss' is an instance of `nn.Module` and is already saved during checkpointing. It is recommended to ignore them using `self.save_hyperparameters(ignore=['loss'])`.
  rank_zero_warn(
  rm run 7 SP500 k= 25 (T=563): MAE=12.14mAh AE=None (cross None, by EOL: None) d1=7.3e-08 [3s]
D:\anaconda\envs\patchformer\lib\site-packages\pytorch_lightning\utilities\parsing.py:269: UserWarning: Attribute 'logging_metrics' is an instance of `nn.Module` and is already saved during checkpointing. It is recommended to ignore them using `self.save_hyperparameters(ignore=['logging_metrics'])`.
  rank_zero_warn(
D:\anaconda\envs\patchformer\lib\site-packages\pytorch_lightning\utilities\parsing.py:269: UserWarning: Attribute 'loss' is an instance of `nn.Module` and is already saved during checkpointing. It is recommended to ignore them using `self.save_hyperparameters(ignore=['loss'])`.
  rank_zero_warn(
  rm run 8 SP500 k= 25 (T=563): MAE=11.91mAh AE=None (cross None, by EOL: None) d1=9.8e-08 [3s]
D:\anaconda\envs\patchformer\lib\site-packages\pytorch_lightning\utilities\parsing.py:269: UserWarning: Attribute 'logging_metrics' is an instance of `nn.Module` and is already saved during checkpointing. It is recommended to ignore them using `self.save_hyperparameters(ignore=['logging_metrics'])`.
  rank_zero_warn(
D:\anaconda\envs\patchformer\lib\site-packages\pytorch_lightning\utilities\parsing.py:269: UserWarning: Attribute 'loss' is an instance of `nn.Module` and is already saved during checkpointing. It is recommended to ignore them using `self.save_hyperparameters(ignore=['loss'])`.
  rank_zero_warn(
  rm run 9 SP500 k= 25 (T=563): MAE=11.13mAh AE=None (cross None, by EOL: None) d1=3.3e-08 [3s]
D:\anaconda\envs\patchformer\lib\site-packages\pytorch_lightning\utilities\parsing.py:269: UserWarning: Attribute 'logging_metrics' is an instance of `nn.Module` and is already saved during checkpointing. It is recommended to ignore them using `self.save_hyperparameters(ignore=['logging_metrics'])`.
  rank_zero_warn(
D:\anaconda\envs\patchformer\lib\site-packages\pytorch_lightning\utilities\parsing.py:269: UserWarning: Attribute 'loss' is an instance of `nn.Module` and is already saved during checkpointing. It is recommended to ignore them using `self.save_hyperparameters(ignore=['loss'])`.
  rank_zero_warn(
  rm run10 SP500 k= 25 (T=563): MAE=11.96mAh AE=None (cross None, by EOL: None) d1=3.8e-08 [3s]
D:\anaconda\envs\patchformer\lib\site-packages\pytorch_lightning\utilities\parsing.py:269: UserWarning: Attribute 'logging_metrics' is an instance of `nn.Module` and is already saved during checkpointing. It is recommended to ignore them using `self.save_hyperparameters(ignore=['logging_metrics'])`.
  rank_zero_warn(
D:\anaconda\envs\patchformer\lib\site-packages\pytorch_lightning\utilities\parsing.py:269: UserWarning: Attribute 'loss' is an instance of `nn.Module` and is already saved during checkpointing. It is recommended to ignore them using `self.save_hyperparameters(ignore=['loss'])`.
  rank_zero_warn(
  rm run 1 SP500 k= 50 (T=538): MAE=27.14mAh AE=-12 (cross 577, by EOL: 577) d1=6.0e-10 [4s]
D:\anaconda\envs\patchformer\lib\site-packages\pytorch_lightning\utilities\parsing.py:269: UserWarning: Attribute 'logging_metrics' is an instance of `nn.Module` and is already saved during checkpointing. It is recommended to ignore them using `self.save_hyperparameters(ignore=['logging_metrics'])`.
  rank_zero_warn(
D:\anaconda\envs\patchformer\lib\site-packages\pytorch_lightning\utilities\parsing.py:269: UserWarning: Attribute 'loss' is an instance of `nn.Module` and is already saved during checkpointing. It is recommended to ignore them using `self.save_hyperparameters(ignore=['loss'])`.
  rank_zero_warn(
  rm run 2 SP500 k= 50 (T=538): MAE=24.73mAh AE=-8 (cross 581, by EOL: 581) d1=1.2e-07 [3s]
D:\anaconda\envs\patchformer\lib\site-packages\pytorch_lightning\utilities\parsing.py:269: UserWarning: Attribute 'logging_metrics' is an instance of `nn.Module` and is already saved during checkpointing. It is recommended to ignore them using `self.save_hyperparameters(ignore=['logging_metrics'])`.
  rank_zero_warn(
D:\anaconda\envs\patchformer\lib\site-packages\pytorch_lightning\utilities\parsing.py:269: UserWarning: Attribute 'loss' is an instance of `nn.Module` and is already saved during checkpointing. It is recommended to ignore them using `self.save_hyperparameters(ignore=['loss'])`.
  rank_zero_warn(
  rm run 3 SP500 k= 50 (T=538): MAE=30.42mAh AE=-15 (cross 574, by EOL: 574) d1=1.8e-09 [4s]
D:\anaconda\envs\patchformer\lib\site-packages\pytorch_lightning\utilities\parsing.py:269: UserWarning: Attribute 'logging_metrics' is an instance of `nn.Module` and is already saved during checkpointing. It is recommended to ignore them using `self.save_hyperparameters(ignore=['logging_metrics'])`.
  rank_zero_warn(
D:\anaconda\envs\patchformer\lib\site-packages\pytorch_lightning\utilities\parsing.py:269: UserWarning: Attribute 'loss' is an instance of `nn.Module` and is already saved during checkpointing. It is recommended to ignore them using `self.save_hyperparameters(ignore=['loss'])`.
  rank_zero_warn(
  rm run 4 SP500 k= 50 (T=538): MAE=23.09mAh AE=-4 (cross 585, by EOL: 585) d1=8.2e-08 [4s]
D:\anaconda\envs\patchformer\lib\site-packages\pytorch_lightning\utilities\parsing.py:269: UserWarning: Attribute 'logging_metrics' is an instance of `nn.Module` and is already saved during checkpointing. It is recommended to ignore them using `self.save_hyperparameters(ignore=['logging_metrics'])`.
  rank_zero_warn(
D:\anaconda\envs\patchformer\lib\site-packages\pytorch_lightning\utilities\parsing.py:269: UserWarning: Attribute 'loss' is an instance of `nn.Module` and is already saved during checkpointing. It is recommended to ignore them using `self.save_hyperparameters(ignore=['loss'])`.
  rank_zero_warn(
  rm run 5 SP500 k= 50 (T=538): MAE=27.08mAh AE=-11 (cross 578, by EOL: 578) d1=4.0e-08 [4s]
D:\anaconda\envs\patchformer\lib\site-packages\pytorch_lightning\utilities\parsing.py:269: UserWarning: Attribute 'logging_metrics' is an instance of `nn.Module` and is already saved during checkpointing. It is recommended to ignore them using `self.save_hyperparameters(ignore=['logging_metrics'])`.
  rank_zero_warn(
D:\anaconda\envs\patchformer\lib\site-packages\pytorch_lightning\utilities\parsing.py:269: UserWarning: Attribute 'loss' is an instance of `nn.Module` and is already saved during checkpointing. It is recommended to ignore them using `self.save_hyperparameters(ignore=['loss'])`.
  rank_zero_warn(
  rm run 6 SP500 k= 50 (T=538): MAE=26.12mAh AE=-10 (cross 579, by EOL: 579) d1=1.1e-07 [5s]
D:\anaconda\envs\patchformer\lib\site-packages\pytorch_lightning\utilities\parsing.py:269: UserWarning: Attribute 'logging_metrics' is an instance of `nn.Module` and is already saved during checkpointing. It is recommended to ignore them using `self.save_hyperparameters(ignore=['logging_metrics'])`.
  rank_zero_warn(
D:\anaconda\envs\patchformer\lib\site-packages\pytorch_lightning\utilities\parsing.py:269: UserWarning: Attribute 'loss' is an instance of `nn.Module` and is already saved during checkpointing. It is recommended to ignore them using `self.save_hyperparameters(ignore=['loss'])`.
  rank_zero_warn(
  rm run 7 SP500 k= 50 (T=538): MAE=26.51mAh AE=-11 (cross 578, by EOL: 578) d1=1.3e-07 [4s]
D:\anaconda\envs\patchformer\lib\site-packages\pytorch_lightning\utilities\parsing.py:269: UserWarning: Attribute 'logging_metrics' is an instance of `nn.Module` and is already saved during checkpointing. It is recommended to ignore them using `self.save_hyperparameters(ignore=['logging_metrics'])`.
  rank_zero_warn(
D:\anaconda\envs\patchformer\lib\site-packages\pytorch_lightning\utilities\parsing.py:269: UserWarning: Attribute 'loss' is an instance of `nn.Module` and is already saved during checkpointing. It is recommended to ignore them using `self.save_hyperparameters(ignore=['loss'])`.
  rank_zero_warn(
  rm run 8 SP500 k= 50 (T=538): MAE=27.16mAh AE=-12 (cross 577, by EOL: 577) d1=2.4e-09 [4s]
D:\anaconda\envs\patchformer\lib\site-packages\pytorch_lightning\utilities\parsing.py:269: UserWarning: Attribute 'logging_metrics' is an instance of `nn.Module` and is already saved during checkpointing. It is recommended to ignore them using `self.save_hyperparameters(ignore=['logging_metrics'])`.
  rank_zero_warn(
D:\anaconda\envs\patchformer\lib\site-packages\pytorch_lightning\utilities\parsing.py:269: UserWarning: Attribute 'loss' is an instance of `nn.Module` and is already saved during checkpointing. It is recommended to ignore them using `self.save_hyperparameters(ignore=['loss'])`.
  rank_zero_warn(
