=== calce W=128 (dataset default 64)  seeds 1..3  SPs [500] ===
  SP500: 2895 windows of 128 cycles (2523 from train cells + 372 test-cell pre-SP)
    [ep   1/100] loss=0.63233  19s, 19.0s/ep, eta 1879s
    [ep   6/100] loss=0.39959  102s, 16.6s/ep, eta 1558s
    [ep  11/100] loss=0.31841  184s, 16.4s/ep, eta 1463s
    [ep  16/100] loss=0.26816  266s, 16.3s/ep, eta 1371s
    [ep  21/100] loss=0.25567  347s, 16.3s/ep, eta 1289s
    [ep  26/100] loss=0.24817  429s, 16.3s/ep, eta 1209s
    [ep  31/100] loss=0.24191  510s, 16.3s/ep, eta 1125s
    [ep  36/100] loss=0.23635  592s, 16.4s/ep, eta 1049s
    [ep  41/100] loss=0.24464  674s, 16.4s/ep, eta 968s
    [ep  46/100] loss=0.22723  756s, 16.3s/ep, eta 881s
    [ep  51/100] loss=0.22620  837s, 16.3s/ep, eta 798s
    [ep  56/100] loss=0.22373  919s, 16.3s/ep, eta 718s
    [ep  61/100] loss=0.22368  1001s, 16.5s/ep, eta 643s
    [ep  66/100] loss=0.21905  1084s, 16.5s/ep, eta 560s
    [ep  71/100] loss=0.21459  1167s, 16.6s/ep, eta 481s
    [ep  76/100] loss=0.20730  1248s, 16.4s/ep, eta 393s
    [ep  81/100] loss=0.20573  1330s, 16.4s/ep, eta 312s
    [ep  86/100] loss=0.20643  1413s, 16.5s/ep, eta 232s
    [ep  91/100] loss=0.21017  1495s, 16.4s/ep, eta 148s
    [ep  96/100] loss=0.20284  1577s, 16.3s/ep, eta 65s
    [ep 100/100] loss=0.20682  1719s, 35.5s/ep, eta 0s
    SP500 seed1: MAE=0.00702 RMSE=0.01535 R2=0.9939 AE=7.0 [1903s]
    [ep   1/100] loss=0.63142  101s, 101.5s/ep, eta 10048s
    [ep   6/100] loss=0.30450  454s, 70.4s/ep, eta 6622s
    [ep  11/100] loss=0.25203  620s, 33.3s/ep, eta 2967s
    [ep  16/100] loss=0.23782  742s, 24.2s/ep, eta 2035s
    [ep  21/100] loss=0.22881  931s, 37.9s/ep, eta 2995s
    [ep  26/100] loss=0.21759  1107s, 35.1s/ep, eta 2600s
    [ep  31/100] loss=0.21512  1301s, 38.9s/ep, eta 2686s
    [ep  36/100] loss=0.20854  1452s, 30.2s/ep, eta 1932s
    [ep  41/100] loss=0.21584  1541s, 17.7s/ep, eta 1046s
    [ep  46/100] loss=0.19898  1626s, 17.0s/ep, eta 917s
    [ep  51/100] loss=0.20227  1712s, 17.2s/ep, eta 841s
    [ep  56/100] loss=0.19541  1796s, 17.0s/ep, eta 746s
    [ep  61/100] loss=0.19317  1883s, 17.2s/ep, eta 672s
    [ep  66/100] loss=0.19448  1967s, 17.0s/ep, eta 578s
    [ep  71/100] loss=0.18808  2051s, 16.8s/ep, eta 487s
    [ep  76/100] loss=0.18910  2139s, 17.5s/ep, eta 419s
    [ep  81/100] loss=0.19013  2224s, 16.9s/ep, eta 322s
    [ep  86/100] loss=0.18459  2308s, 16.9s/ep, eta 237s
    [ep  91/100] loss=0.18876  2395s, 17.5s/ep, eta 157s
    [ep  96/100] loss=0.18233  2480s, 17.0s/ep, eta 68s
    [ep 100/100] loss=0.17614  2548s, 17.0s/ep, eta 0s
    SP500 seed2: MAE=0.00799 RMSE=0.01607 R2=0.9933 AE=2.0 [2579s]
    [ep   1/100] loss=0.63520  17s, 17.0s/ep, eta 1687s
    [ep   6/100] loss=0.33535  102s, 17.0s/ep, eta 1599s
    [ep  11/100] loss=0.29965  185s, 16.6s/ep, eta 1482s
    [ep  16/100] loss=0.27482  273s, 17.5s/ep, eta 1473s
    [ep  21/100] loss=0.27243  359s, 17.3s/ep, eta 1365s
    [ep  26/100] loss=0.25816  444s, 17.0s/ep, eta 1257s
    [ep  31/100] loss=0.24770  529s, 16.9s/ep, eta 1167s
    [ep  36/100] loss=0.23503  615s, 17.3s/ep, eta 1105s
    [ep  41/100] loss=0.22667  700s, 16.9s/ep, eta 1000s
    [ep  46/100] loss=0.22083  785s, 17.0s/ep, eta 916s
    [ep  51/100] loss=0.22156  871s, 17.2s/ep, eta 843s
    [ep  56/100] loss=0.21011  957s, 17.2s/ep, eta 756s
    [ep  61/100] loss=0.20252  1042s, 17.1s/ep, eta 669s
    [ep  66/100] loss=0.20175  1133s, 18.1s/ep, eta 616s
    [ep  71/100] loss=0.20385  1219s, 17.2s/ep, eta 498s
    [ep  76/100] loss=0.19384  1308s, 17.8s/ep, eta 427s
    [ep  81/100] loss=0.18847  1395s, 17.4s/ep, eta 330s
    [ep  86/100] loss=0.18446  1563s, 33.6s/ep, eta 470s
    [ep  91/100] loss=0.18249  1781s, 43.7s/ep, eta 393s
    [ep  96/100] loss=0.17381  2358s, 115.5s/ep, eta 462s
    [ep 100/100] loss=0.17868  2848s, 122.3s/ep, eta 0s
    SP500 seed3: MAE=0.00847 RMSE=0.01840 R2=0.9912 AE=1.0 [2877s]
=== per-SP means over seeds ===
  SP500: MAE=0.00783 R2=0.9928 AE=3.33
