==============================================================================
  CALCE  surrogate augmentation acceptance test
  test cell CS2_35 held out;  detrend win=21, drop/cyc measured over the last 50 cycles before EOL
==============================================================================

  --- i.i.d. noise (the first attempt: ACF destroyed) ---
      cell            sigma   ACF1   ACF2   ACF3  drop/cyc
      ----------------------------------------------------
      CS2_35        0.01155   0.56   0.31   0.12   0.00585   <- REAL
      CS2_36        0.01184   0.30   0.04  -0.06   0.00530   <- REAL
      CS2_36_a01    0.01149  -0.01  -0.02  -0.01   0.01204
      CS2_36_a02    0.01201  -0.02  -0.04   0.01   0.01201
      CS2_36_a03    0.01171  -0.03  -0.03  -0.02   0.01309
      CS2_37        0.01059   0.24   0.03   0.05   0.00350   <- REAL
      CS2_37_a01    0.01044  -0.03   0.01  -0.01   0.00909
      CS2_37_a02    0.01055  -0.00  -0.00  -0.08   0.01084
      CS2_37_a03    0.01038  -0.02   0.02  -0.07   0.01168
      CS2_38        0.01157   0.37   0.16   0.03   0.00335   <- REAL
      CS2_38_a01    0.01130  -0.07  -0.00  -0.03   0.01326
      CS2_38_a02    0.01162  -0.03  -0.06  -0.00   0.01131
      CS2_38_a03    0.01149   0.01  -0.07  -0.03   0.01456

  --- phase-randomized surrogate, globally stationary ---
      cell            sigma   ACF1   ACF2   ACF3  drop/cyc
      ----------------------------------------------------
      CS2_35        0.01155   0.56   0.31   0.12   0.00585   <- REAL
      CS2_36        0.01184   0.30   0.04  -0.06   0.00530   <- REAL
      CS2_36_a01    0.01201   0.31   0.03  -0.08   0.00842
      CS2_36_a02    0.01196   0.30   0.03  -0.08   0.00982
      CS2_36_a03    0.01200   0.31   0.04  -0.07   0.01201
      CS2_37        0.01059   0.24   0.03   0.05   0.00350   <- REAL
      CS2_37_a01    0.01081   0.26   0.04   0.04   0.00938
      CS2_37_a02    0.01088   0.27   0.05   0.05   0.00976
      CS2_37_a03    0.01078   0.26   0.04   0.05   0.01240
      CS2_38        0.01157   0.37   0.16   0.03   0.00335   <- REAL
      CS2_38_a01    0.01173   0.38   0.16   0.01   0.00959
      CS2_38_a02    0.01181   0.38   0.17   0.02   0.00951
      CS2_38_a03    0.01183   0.38   0.17   0.03   0.00804

  --- phase-randomized surrogate + measured local scale ---
      cell            sigma   ACF1   ACF2   ACF3  drop/cyc
      ----------------------------------------------------
      CS2_35        0.01155   0.56   0.31   0.12   0.00585   <- REAL
      CS2_36        0.01184   0.30   0.04  -0.06   0.00530   <- REAL
      CS2_36_a01    0.01179   0.53   0.18  -0.07   0.00521
      CS2_36_a02    0.01182   0.54   0.13  -0.12   0.00532
      CS2_36_a03    0.01101   0.51   0.15  -0.01   0.00642
      CS2_37        0.01059   0.24   0.03   0.05   0.00350   <- REAL
      CS2_37_a01    0.01168   0.61   0.19  -0.08   0.00436
      CS2_37_a02    0.01094   0.62   0.19  -0.07   0.00445
      CS2_37_a03    0.01054   0.51   0.14  -0.12   0.00537
      CS2_38        0.01157   0.37   0.16   0.03   0.00335   <- REAL
      CS2_38_a01    0.01116   0.47   0.05  -0.06   0.00750
      CS2_38_a02    0.01130   0.51   0.05  -0.18   0.00777
      CS2_38_a03    0.01045   0.46   0.03  -0.08   0.00696

  PASS looks like: every synthetic row's ACF1 AND drop/cyc sitting on
  its REAL row.  drop/cyc is the one that matters most -- it is how
  hard the series moves per cycle in the last 50 before EOL, i.e. the
  slope the model has to read, and the quantity the i.i.d. attempt
  inflated 2-4x.
