==============================================================================
  NASA  surrogate augmentation acceptance test
  test cell B0005 held out;  detrend win=21, drop/cyc measured over the last 50 cycles before EOL
==============================================================================

  --- i.i.d. noise (the attempt that failed) ---
      cell            sigma   ACF1   ACF2   ACF3  drop/cyc
      ----------------------------------------------------
      B0005         0.01386   0.57   0.23   0.04   0.01008   <- REAL
      B0006         0.02611   0.61   0.28   0.08   0.01426   <- REAL
      B0006_a01     0.03992   0.39   0.23   0.00   0.03993
      B0006_a02     0.03785   0.24   0.04  -0.09   0.03958
      B0006_a03     0.03420   0.17   0.04  -0.12   0.03578
      B0007         0.01215   0.51   0.25   0.06       nan   <- REAL
      B0007_a01     0.01618   0.33   0.14   0.06   0.01478
      B0007_a02     0.01551   0.16   0.15   0.07       nan
      B0007_a03     0.01626   0.29   0.10   0.03   0.01512
      B0018         0.02294   0.55   0.25   0.04   0.01455   <- REAL
      B0018_a01     0.02952   0.16  -0.02   0.05   0.03018
      B0018_a02     0.03461   0.34   0.19   0.08   0.03005
      B0018_a03     0.03456   0.23   0.09  -0.03   0.03371

  --- phase-randomized surrogate (the fix) ---
      cell            sigma   ACF1   ACF2   ACF3  drop/cyc
      ----------------------------------------------------
      B0005         0.01386   0.57   0.23   0.04   0.01008   <- REAL
      B0006         0.02611   0.61   0.28   0.08   0.01426   <- REAL
      B0006_a01     0.03642   0.65   0.32   0.12   0.02416
      B0006_a02     0.03643   0.55   0.17   0.03   0.02431
      B0006_a03     0.03778   0.63   0.25  -0.07   0.02442
      B0007         0.01215   0.51   0.25   0.06       nan   <- REAL
      B0007_a01     0.01393   0.25   0.02  -0.09       nan
      B0007_a02     0.01981   0.56   0.27   0.01   0.01275
      B0007_a03     0.01777   0.48   0.26   0.04   0.01014
      B0018         0.02294   0.55   0.25   0.04   0.01455   <- REAL
      B0018_a01     0.02986   0.52   0.20   0.00   0.02315
      B0018_a02     0.02982   0.55   0.24  -0.10   0.02686
      B0018_a03     0.03394   0.56   0.18   0.01   0.02628

  PASS looks like: ACF1 and drop/cyc of every synthetic row sitting on
  its REAL row.  The i.i.d. block is there to show what failing looks
  like -- ACF1 = 0 and drop/cyc inflated.
