=== calce W=256 (dataset default 64)  seeds 1..1  SPs [300] ===
  SP300: 2183 windows of 256 cycles (2139 from train cells + 44 test-cell pre-SP)
    [ep   1/100] loss=0.58863  14s, 13.8s/ep, eta 1370s
    [ep   6/100] loss=0.33369  87s, 14.6s/ep, eta 1376s
    [ep  11/100] loss=0.34092  164s, 15.4s/ep, eta 1373s
    [ep  16/100] loss=0.25942  241s, 15.5s/ep, eta 1298s
    [ep  21/100] loss=0.22209  317s, 15.1s/ep, eta 1191s
    [ep  26/100] loss=0.18705  393s, 15.2s/ep, eta 1121s
    [ep  31/100] loss=0.17796  471s, 15.6s/ep, eta 1078s
    [ep  36/100] loss=0.20807  549s, 15.6s/ep, eta 1000s
    [ep  41/100] loss=0.15228  627s, 15.6s/ep, eta 918s
    [ep  46/100] loss=0.16073  704s, 15.6s/ep, eta 840s
    [ep  51/100] loss=0.14563  783s, 15.6s/ep, eta 766s
    [ep  56/100] loss=0.15954  848s, 13.1s/ep, eta 577s
    [ep  61/100] loss=0.14584  911s, 12.6s/ep, eta 493s
    [ep  66/100] loss=0.14058  974s, 12.5s/ep, eta 426s
    [ep  71/100] loss=0.15657  1038s, 12.7s/ep, eta 369s
    [ep  76/100] loss=0.14431  1119s, 16.2s/ep, eta 390s
    [ep  81/100] loss=0.13684  1213s, 18.9s/ep, eta 358s
    [ep  86/100] loss=0.13137  1303s, 18.0s/ep, eta 252s
    [ep  91/100] loss=0.13009  1379s, 15.2s/ep, eta 137s
    [ep  96/100] loss=0.14119  1456s, 15.3s/ep, eta 61s
    [ep 100/100] loss=0.13215  1517s, 15.3s/ep, eta 0s
    SP300 seed1: MAE=0.00733 RMSE=0.01346 R2=0.9959 AE=2.0 [1611s]
=== per-SP means over seeds ===
  SP300: MAE=0.00733 R2=0.9959 AE=2.00
