training calce seed44 (N=2715, W=64) ...
    ep0 loss=0.4600
    ep25 loss=0.4428
    ep50 loss=0.2119
    ep75 loss=0.2780
  [calce seed44] MAE=0.0065 R2=0.9959 regen=0.233 AE=7
  saved ../checkpoints/full_calce_seed44.pt
training nasa seed44 (N=378, W=30) ...
    ep0 loss=0.7667
    ep25 loss=0.3449
    ep50 loss=0.2098
    ep75 loss=0.2589
  [nasa seed44] MAE=0.0081 R2=0.9936 regen=0.080 AE=0
  saved ../checkpoints/full_nasa_seed44.pt
training mit seed44 (N=3364, W=64) ...
    ep0 loss=0.4277
    ep25 loss=1.0573
    ep50 loss=0.2716
    ep75 loss=0.1729
  [mit seed44] MAE=0.0009 R2=1.0000 regen=0.000 AE=0
  saved ../checkpoints/full_mit_seed44.pt
training panasonic seed44 (N=1786, W=30) ...
    ep0 loss=0.7170
    ep25 loss=0.1778
    ep50 loss=0.1915
    ep75 loss=0.2094
  [panasonic seed44] MAE=0.0035 R2=0.9988 regen=0.082 AE=1
  saved ../checkpoints/full_panasonic_seed44.pt
training tju seed44 (N=1713, W=64) ...
    ep0 loss=0.1577
    ep25 loss=0.1495
    ep50 loss=0.0834
    ep75 loss=0.0826
  [tju seed44] MAE=0.0010 R2=1.0000 regen=0.010 AE=0
  saved ../checkpoints/full_tju_seed44.pt
