This is pdfTeX, Version 3.141592653-2.6-1.40.28 (TeX Live 2025) (preloaded format=pdflatex)
 restricted \write18 enabled.
entering extended mode
(./main.tex
LaTeX2e <2025-11-01>
L3 programming layer <2025-12-29>
(d:/software/texlive/2025/texmf-dist/tex/latex/elsarticle/elsarticle.cls
Document Class: elsarticle 2026/01/09, 3.5: Elsevier Ltd
(d:/software/texlive/2025/texmf-dist/tex/latex/base/fontenc.sty)
(d:/software/texlive/2025/texmf-dist/tex/latex/l3kernel/expl3.sty
(d:/software/texlive/2025/texmf-dist/tex/latex/l3backend/l3backend-pdftex.def))
 (d:/software/texlive/2025/texmf-dist/tex/latex/l3packages/xparse/xparse.sty)
(d:/software/texlive/2025/texmf-dist/tex/latex/etoolbox/etoolbox.sty)
(d:/software/texlive/2025/texmf-dist/tex/latex/base/article.cls
Document Class: article 2025/01/22 v1.4n Standard LaTeX document class
(d:/software/texlive/2025/texmf-dist/tex/latex/base/size12.clo))
(d:/software/texlive/2025/texmf-dist/tex/latex/graphics/graphicx.sty
(d:/software/texlive/2025/texmf-dist/tex/latex/graphics/keyval.sty)
(d:/software/texlive/2025/texmf-dist/tex/latex/graphics/graphics.sty
(d:/software/texlive/2025/texmf-dist/tex/latex/graphics/trig.sty)
(d:/software/texlive/2025/texmf-dist/tex/latex/graphics-cfg/graphics.cfg)
(d:/software/texlive/2025/texmf-dist/tex/latex/graphics-def/pdftex.def)))
(./main.spl) (d:/software/texlive/2025/texmf-dist/tex/latex/natbib/natbib.sty))
 (d:/software/texlive/2025/texmf-dist/tex/latex/amsmath/amsmath.sty
For additional information on amsmath, use the `?' option.
(d:/software/texlive/2025/texmf-dist/tex/latex/amsmath/amstext.sty
(d:/software/texlive/2025/texmf-dist/tex/latex/amsmath/amsgen.sty))
(d:/software/texlive/2025/texmf-dist/tex/latex/amsmath/amsbsy.sty)
(d:/software/texlive/2025/texmf-dist/tex/latex/amsmath/amsopn.sty))
(d:/software/texlive/2025/texmf-dist/tex/latex/amsfonts/amssymb.sty
(d:/software/texlive/2025/texmf-dist/tex/latex/amsfonts/amsfonts.sty))
(d:/software/texlive/2025/texmf-dist/tex/latex/booktabs/booktabs.sty)
(d:/software/texlive/2025/texmf-dist/tex/latex/multirow/multirow.sty)
(d:/software/texlive/2025/texmf-dist/tex/latex/hyperref/hyperref.sty
(d:/software/texlive/2025/texmf-dist/tex/generic/iftex/iftex.sty)
(d:/software/texlive/2025/texmf-dist/tex/latex/kvsetkeys/kvsetkeys.sty)
(d:/software/texlive/2025/texmf-dist/tex/generic/kvdefinekeys/kvdefinekeys.sty)
 (d:/software/texlive/2025/texmf-dist/tex/generic/pdfescape/pdfescape.sty
(d:/software/texlive/2025/texmf-dist/tex/generic/ltxcmds/ltxcmds.sty)
(d:/software/texlive/2025/texmf-dist/tex/generic/pdftexcmds/pdftexcmds.sty
(d:/software/texlive/2025/texmf-dist/tex/generic/infwarerr/infwarerr.sty)))
(d:/software/texlive/2025/texmf-dist/tex/latex/hycolor/hycolor.sty)
(d:/software/texlive/2025/texmf-dist/tex/latex/hyperref/nameref.sty
(d:/software/texlive/2025/texmf-dist/tex/latex/refcount/refcount.sty)
(d:/software/texlive/2025/texmf-dist/tex/generic/gettitlestring/gettitlestring.
sty (d:/software/texlive/2025/texmf-dist/tex/latex/kvoptions/kvoptions.sty)))
(d:/software/texlive/2025/texmf-dist/tex/generic/stringenc/stringenc.sty)
(d:/software/texlive/2025/texmf-dist/tex/latex/hyperref/pd1enc.def)
(d:/software/texlive/2025/texmf-dist/tex/generic/intcalc/intcalc.sty)
(d:/software/texlive/2025/texmf-dist/tex/latex/hyperref/puenc.def)
(d:/software/texlive/2025/texmf-dist/tex/latex/url/url.sty)
(d:/software/texlive/2025/texmf-dist/tex/generic/bitset/bitset.sty
(d:/software/texlive/2025/texmf-dist/tex/generic/bigintcalc/bigintcalc.sty)))
(d:/software/texlive/2025/texmf-dist/tex/latex/hyperref/hpdftex.def
(d:/software/texlive/2025/texmf-dist/tex/latex/rerunfilecheck/rerunfilecheck.st
y
(d:/software/texlive/2025/texmf-dist/tex/generic/uniquecounter/uniquecounter.st
y))) (d:/software/texlive/2025/texmf-dist/tex/latex/algorithms/algorithm.sty
(d:/software/texlive/2025/texmf-dist/tex/latex/float/float.sty)
(d:/software/texlive/2025/texmf-dist/tex/latex/base/ifthen.sty))
(d:/software/texlive/2025/texmf-dist/tex/latex/algorithmicx/algpseudocode.sty
(d:/software/texlive/2025/texmf-dist/tex/latex/algorithmicx/algorithmicx.sty
Document Style algorithmicx 1.2 - a greatly improved `algorithmic' style
)
Document Style - pseudocode environments for use with the `algorithmicx' style
) (d:/software/texlive/2025/texmf-dist/tex/latex/xcolor/xcolor.sty
(d:/software/texlive/2025/texmf-dist/tex/latex/graphics-cfg/color.cfg)
(d:/software/texlive/2025/texmf-dist/tex/latex/graphics/mathcolor.ltx))
(./main.aux)
(d:/software/texlive/2025/texmf-dist/tex/context/base/mkii/supp-pdf.mkii
[Loading MPS to PDF converter (version 2006.09.02).]
) (d:/software/texlive/2025/texmf-dist/tex/latex/epstopdf-pkg/epstopdf-base.sty
(d:/software/texlive/2025/texmf-dist/tex/latex/latexconfig/epstopdf-sys.cfg))
(./main.out) (./main.out)
(d:/software/texlive/2025/texmf-dist/tex/latex/amsfonts/umsa.fd)
(d:/software/texlive/2025/texmf-dist/tex/latex/amsfonts/umsb.fd)
Overfull \hbox (0.1353pt too wide) in paragraph at lines 61--73
\T1/cmr/m/n/12 robustness set-ting tested---direct ev-i-dence that the mech-a-n
ism earns its place.

Package hyperref Warning: Token not allowed in a PDF string (Unicode):
(hyperref)                removing `\<def>-command' on input line 81.


Package hyperref Warning: Token not allowed in a PDF string (Unicode):
(hyperref)                removing `\cnotenum' on input line 81.


Package hyperref Warning: Token not allowed in a PDF string (Unicode):
(hyperref)                removing `\<def>-command' on input line 81.


Package hyperref Warning: Token not allowed in a PDF string (Unicode):
(hyperref)                removing `\@corref' on input line 81.

[1{d:/software/texlive/2025/texmf-var/fonts/map/pdftex/updmap/pdftex.map}{d:/so
ftware/texlive/2025/texmf-dist/fonts/enc/dvips/cm-super/cm-super-t1.enc}]
(./sections/01_intro.tex [2] [3
pdfTeX warning (ext4): destination with the same identifier (name{figure.1}) ha
s been already used, duplicate ignored
<argument> ...shipout:D \box_use:N \l_shipout_box 
                                                  \__shipout_drop_firstpage_...
l.70 
      <./figures/fig_applications.png (PNG copy)>]
Overfull \hbox (6.33092pt too wide) in paragraph at lines 79--100
\T1/cmr/m/n/12 based approaches---equivalent-circuit mod-els, ex-tended and un-
scented Kalman
[4] [5]
Overfull \hbox (0.67764pt too wide) in paragraph at lines 176--183
[]\T1/cmr/bx/n/12 Decision-grade un-cer-tainty at one for-ward pass. \T1/cmr/m/
n/12 A sin-gle pinball-
) (./sections/02_related.tex [6] [7
pdfTeX warning (ext4): destination with the same identifier (name{figure.2}) ha
s been already used, duplicate ignored
<argument> ...shipout:D \box_use:N \l_shipout_box 
                                                  \__shipout_drop_firstpage_...
l.1 \section
            {Related Work} <./figures/fig_overview.png (PNG copy)>] [8]
[9]) (./sections/03_method.tex [10] [11] [12
pdfTeX warning (ext4): destination with the same identifier (name{figure.3}) ha
s been already used, duplicate ignored
<argument> ...shipout:D \box_use:N \l_shipout_box 
                                                  \__shipout_drop_firstpage_...
l.120 \end{equation}
                     <./figures/fig_arch_main.png (PNG copy)>] [13
pdfTeX warning (ext4): destination with the same identifier (name{figure.4}) ha
s been already used, duplicate ignored
<argument> ...shipout:D \box_use:N \l_shipout_box 
                                                  \__shipout_drop_firstpage_...
l.152 \begin{equation}
                       <./figures/fig_gdn2_block.png (PNG copy)>] [14] [15
pdfTeX warning (ext4): destination with the same identifier (name{figure.5}) ha
s been already used, duplicate ignored
<argument> ...shipout:D \box_use:N \l_shipout_box 
                                                  \__shipout_drop_firstpage_...
l.215 
       <./figures/fig_phys_ir.png (PNG copy)>]) (./sections/04_experiments.tex
[16] [17
pdfTeX warning (ext4): destination with the same identifier (name{table.1}) has
 been already used, duplicate ignored
<argument> ...shipout:D \box_use:N \l_shipout_box 
                                                  \__shipout_drop_firstpage_...
l.70 
     ]
Overfull \hbox (2.77078pt too wide) in paragraph at lines 74--81
[]\T1/cmr/m/n/12 Figure []6[] shows rep-re-sen-ta-tive SOH tra-jec-to-ries with
 sliding-window single-
[18
pdfTeX warning (ext4): destination with the same identifier (name{figure.6}) ha
s been already used, duplicate ignored
<argument> ...shipout:D \box_use:N \l_shipout_box 
                                                  \__shipout_drop_firstpage_...
l.147 
       <./figures/fig_traj.pdf>] [19
pdfTeX warning (ext4): destination with the same identifier (name{table.2}) has
 been already used, duplicate ignored
<argument> ...shipout:D \box_use:N \l_shipout_box 
                                                  \__shipout_drop_firstpage_...
l.172 
      ] [20
pdfTeX warning (ext4): destination with the same identifier (name{figure.7}) ha
s been already used, duplicate ignored
<argument> ...shipout:D \box_use:N \l_shipout_box 
                                                  \__shipout_drop_firstpage_...
l.223 
      
pdfTeX warning (ext4): destination with the same identifier (name{table.3}) has
 been already used, duplicate ignored
<argument> ...shipout:D \box_use:N \l_shipout_box 
                                                  \__shipout_drop_firstpage_...
l.223 
       <./figures/fig_compare.pdf>]
Underfull \hbox (badness 1983) in paragraph at lines 242--242
[]\T1/cmr/m/n/10 Table 4: []NASA (SP 50/70/90): com-par-i-son with pub-lished t
ra-jec-tory re-sults.
[21
pdfTeX warning (ext4): destination with the same identifier (name{table.4}) has
 been already used, duplicate ignored
<argument> ...shipout:D \box_use:N \l_shipout_box 
                                                  \__shipout_drop_firstpage_...
l.282 
      ] [22
pdfTeX warning (ext4): destination with the same identifier (name{table.5}) has
 been already used, duplicate ignored
<argument> ...shipout:D \box_use:N \l_shipout_box 
                                                  \__shipout_drop_firstpage_...
l.348 
      ]
Underfull \hbox (badness 1270) in paragraph at lines 354--354
[]\T1/cmr/m/n/10 Table 6: []TJU (SP 200/300/400): com-par-i-son with pub-lished
 tra-jec-tory re-sults.
[23
pdfTeX warning (ext4): destination with the same identifier (name{figure.8}) ha
s been already used, duplicate ignored
<argument> ...shipout:D \box_use:N \l_shipout_box 
                                                  \__shipout_drop_firstpage_...
l.440 
       <./figures/fig_regen.pdf>] [24
pdfTeX warning (ext4): destination with the same identifier (name{table.6}) has
 been already used, duplicate ignored
<argument> ...shipout:D \box_use:N \l_shipout_box 
                                                  \__shipout_drop_firstpage_...
l.440 
      
pdfTeX warning (ext4): destination with the same identifier (name{table.7}) has
 been already used, duplicate ignored
<argument> ...shipout:D \box_use:N \l_shipout_box 
                                                  \__shipout_drop_firstpage_...
l.440 
      ] [25
pdfTeX warning (ext4): destination with the same identifier (name{table.8}) has
 been already used, duplicate ignored
<argument> ...shipout:D \box_use:N \l_shipout_box 
                                                  \__shipout_drop_firstpage_...
l.506 
      ]
Overfull \hbox (7.0076pt too wide) in paragraph at lines 537--546
\OT1/cmr/m/n/12 0\OML/cmm/m/it/12 :\OT1/cmr/m/n/12 232$ \T1/cmr/m/n/12 for the 
free head on CALCE). The learned rate com-po-nent $[]\OT1/cmr/m/n/12 (\OT1/cmr/
bx/n/12 w[]h\OT1/cmr/m/n/12 )$
[26
pdfTeX warning (ext4): destination with the same identifier (name{figure.9}) ha
s been already used, duplicate ignored
<argument> ...shipout:D \box_use:N \l_shipout_box 
                                                  \__shipout_drop_firstpage_...
l.546 
       <./figures/fig_extrap.pdf>] [27
pdfTeX warning (ext4): destination with the same identifier (name{figure.10}) h
as been already used, duplicate ignored
<argument> ...shipout:D \box_use:N \l_shipout_box 
                                                  \__shipout_drop_firstpage_...
l.546 
      
pdfTeX warning (ext4): destination with the same identifier (name{table.9}) has
 been already used, duplicate ignored
<argument> ...shipout:D \box_use:N \l_shipout_box 
                                                  \__shipout_drop_firstpage_...
l.546 
       <./figures/fig_robust.pdf>] [28
pdfTeX warning (ext4): destination with the same identifier (name{figure.11}) h
as been already used, duplicate ignored
<argument> ...shipout:D \box_use:N \l_shipout_box 
                                                  \__shipout_drop_firstpage_...
l.587 
       <./figures/fig_stages.pdf>] [29
pdfTeX warning (ext4): destination with the same identifier (name{figure.12}) h
as been already used, duplicate ignored
<argument> ...shipout:D \box_use:N \l_shipout_box 
                                                  \__shipout_drop_firstpage_...
l.631 
      
pdfTeX warning (ext4): destination with the same identifier (name{table.10}) ha
s been already used, duplicate ignored
<argument> ...shipout:D \box_use:N \l_shipout_box 
                                                  \__shipout_drop_firstpage_...
l.631 
       <./figures/fig_uq_band.pdf>] [30
pdfTeX warning (ext4): destination with the same identifier (name{figure.13}) h
as been already used, duplicate ignored
<argument> ...shipout:D \box_use:N \l_shipout_box 
                                                  \__shipout_drop_firstpage_...
l.683 
       <./figures/fig_deploy.png (PNG copy)>]) [31
pdfTeX warning (ext4): destination with the same identifier (name{table.11}) ha
s been already used, duplicate ignored
<argument> ...shipout:D \box_use:N \l_shipout_box 
                                                  \__shipout_drop_firstpage_...
l.87 \clearpage
               ] (./sections/05_conclusion.tex)
Overfull \hbox (62.23396pt too wide) in paragraph at lines 92--99
\T1/cmr/m/n/12 avail-able at []$\T1/cmtt/m/n/12 https : / / github . com / wang
yuanxty / MultiScaleLinearAttentionNetwork$[]\T1/cmr/m/n/12 . 
[32] (./main.bbl [33] [34] [35] [36] [37] [38]) [39] (./main.aux) )
(see the transcript file for additional information)<d:/software/texlive/2025/t
exmf-dist/fonts/type1/public/amsfonts/cm/cmbx10.pfb><d:/software/texlive/2025/t
exmf-dist/fonts/type1/public/amsfonts/cm/cmbx12.pfb><d:/software/texlive/2025/t
exmf-dist/fonts/type1/public/amsfonts/cm/cmex10.pfb><d:/software/texlive/2025/t
exmf-dist/fonts/type1/public/amsfonts/cm/cmmi10.pfb><d:/software/texlive/2025/t
exmf-dist/fonts/type1/public/amsfonts/cm/cmmi12.pfb><d:/software/texlive/2025/t
exmf-dist/fonts/type1/public/amsfonts/cm/cmmi6.pfb><d:/software/texlive/2025/te
xmf-dist/fonts/type1/public/amsfonts/cm/cmmi7.pfb><d:/software/texlive/2025/tex
mf-dist/fonts/type1/public/amsfonts/cm/cmmi8.pfb><d:/software/texlive/2025/texm
f-dist/fonts/type1/public/amsfonts/cm/cmmib10.pfb><d:/software/texlive/2025/tex
mf-dist/fonts/type1/public/amsfonts/cm/cmr10.pfb><d:/software/texlive/2025/texm
f-dist/fonts/type1/public/amsfonts/cm/cmr12.pfb><d:/software/texlive/2025/texmf
-dist/fonts/type1/public/amsfonts/cm/cmr6.pfb><d:/software/texlive/2025/texmf-d
ist/fonts/type1/public/amsfonts/cm/cmr7.pfb><d:/software/texlive/2025/texmf-dis
t/fonts/type1/public/amsfonts/cm/cmr8.pfb><d:/software/texlive/2025/texmf-dist/
fonts/type1/public/amsfonts/cm/cmsy10.pfb><d:/software/texlive/2025/texmf-dist/
fonts/type1/public/amsfonts/cm/cmsy6.pfb><d:/software/texlive/2025/texmf-dist/f
onts/type1/public/amsfonts/cm/cmsy7.pfb><d:/software/texlive/2025/texmf-dist/fo
nts/type1/public/amsfonts/cm/cmsy8.pfb><d:/software/texlive/2025/texmf-dist/fon
ts/type1/public/amsfonts/symbols/msbm10.pfb><d:/software/texlive/2025/texmf-dis
t/fonts/type1/public/cm-super/sfbx0800.pfb><d:/software/texlive/2025/texmf-dist
/fonts/type1/public/cm-super/sfbx1000.pfb><d:/software/texlive/2025/texmf-dist/
fonts/type1/public/cm-super/sfbx1200.pfb><d:/software/texlive/2025/texmf-dist/f
onts/type1/public/cm-super/sfrm0800.pfb><d:/software/texlive/2025/texmf-dist/fo
nts/type1/public/cm-super/sfrm1000.pfb><d:/software/texlive/2025/texmf-dist/fon
ts/type1/public/cm-super/sfrm1200.pfb><d:/software/texlive/2025/texmf-dist/font
s/type1/public/cm-super/sfrm1728.pfb><d:/software/texlive/2025/texmf-dist/fonts
/type1/public/cm-super/sfti0700.pfb><d:/software/texlive/2025/texmf-dist/fonts/
type1/public/cm-super/sfti0800.pfb><d:/software/texlive/2025/texmf-dist/fonts/t
ype1/public/cm-super/sfti1000.pfb><d:/software/texlive/2025/texmf-dist/fonts/ty
pe1/public/cm-super/sfti1200.pfb><d:/software/texlive/2025/texmf-dist/fonts/typ
e1/public/cm-super/sftt1000.pfb><d:/software/texlive/2025/texmf-dist/fonts/type
1/public/cm-super/sftt1200.pfb>
Output written on main.pdf (39 pages, 9173061 bytes).
Transcript written on main.log.
