This is pdfTeX, Version 3.141592653-2.6-1.40.28 (TeX Live 2025) (preloaded format=pdflatex)
 restricted \write18 enabled.
entering extended mode
(./main.tex
LaTeX2e <2025-11-01>
L3 programming layer <2025-12-29>
(d:/software/texlive/2025/texmf-dist/tex/latex/elsarticle/elsarticle.cls
Document Class: elsarticle 2026/01/09, 3.5: Elsevier Ltd
(d:/software/texlive/2025/texmf-dist/tex/latex/base/fontenc.sty)
(d:/software/texlive/2025/texmf-dist/tex/latex/l3kernel/expl3.sty
(d:/software/texlive/2025/texmf-dist/tex/latex/l3backend/l3backend-pdftex.def))
 (d:/software/texlive/2025/texmf-dist/tex/latex/l3packages/xparse/xparse.sty)
(d:/software/texlive/2025/texmf-dist/tex/latex/etoolbox/etoolbox.sty)
(d:/software/texlive/2025/texmf-dist/tex/latex/base/article.cls
Document Class: article 2025/01/22 v1.4n Standard LaTeX document class
(d:/software/texlive/2025/texmf-dist/tex/latex/base/size12.clo))
(d:/software/texlive/2025/texmf-dist/tex/latex/graphics/graphicx.sty
(d:/software/texlive/2025/texmf-dist/tex/latex/graphics/keyval.sty)
(d:/software/texlive/2025/texmf-dist/tex/latex/graphics/graphics.sty
(d:/software/texlive/2025/texmf-dist/tex/latex/graphics/trig.sty)
(d:/software/texlive/2025/texmf-dist/tex/latex/graphics-cfg/graphics.cfg)
(d:/software/texlive/2025/texmf-dist/tex/latex/graphics-def/pdftex.def)))
(./main.spl) (d:/software/texlive/2025/texmf-dist/tex/latex/natbib/natbib.sty))
 (d:/software/texlive/2025/texmf-dist/tex/latex/amsmath/amsmath.sty
For additional information on amsmath, use the `?' option.
(d:/software/texlive/2025/texmf-dist/tex/latex/amsmath/amstext.sty
(d:/software/texlive/2025/texmf-dist/tex/latex/amsmath/amsgen.sty))
(d:/software/texlive/2025/texmf-dist/tex/latex/amsmath/amsbsy.sty)
(d:/software/texlive/2025/texmf-dist/tex/latex/amsmath/amsopn.sty))
(d:/software/texlive/2025/texmf-dist/tex/latex/amsfonts/amssymb.sty
(d:/software/texlive/2025/texmf-dist/tex/latex/amsfonts/amsfonts.sty))
(d:/software/texlive/2025/texmf-dist/tex/latex/booktabs/booktabs.sty)
(d:/software/texlive/2025/texmf-dist/tex/latex/multirow/multirow.sty)
(d:/software/texlive/2025/texmf-dist/tex/latex/hyperref/hyperref.sty
(d:/software/texlive/2025/texmf-dist/tex/generic/iftex/iftex.sty)
(d:/software/texlive/2025/texmf-dist/tex/latex/kvsetkeys/kvsetkeys.sty)
(d:/software/texlive/2025/texmf-dist/tex/generic/kvdefinekeys/kvdefinekeys.sty)
 (d:/software/texlive/2025/texmf-dist/tex/generic/pdfescape/pdfescape.sty
(d:/software/texlive/2025/texmf-dist/tex/generic/ltxcmds/ltxcmds.sty)
(d:/software/texlive/2025/texmf-dist/tex/generic/pdftexcmds/pdftexcmds.sty
(d:/software/texlive/2025/texmf-dist/tex/generic/infwarerr/infwarerr.sty)))
(d:/software/texlive/2025/texmf-dist/tex/latex/hycolor/hycolor.sty)
(d:/software/texlive/2025/texmf-dist/tex/latex/hyperref/nameref.sty
(d:/software/texlive/2025/texmf-dist/tex/latex/refcount/refcount.sty)
(d:/software/texlive/2025/texmf-dist/tex/generic/gettitlestring/gettitlestring.
sty (d:/software/texlive/2025/texmf-dist/tex/latex/kvoptions/kvoptions.sty)))
(d:/software/texlive/2025/texmf-dist/tex/generic/stringenc/stringenc.sty)
(d:/software/texlive/2025/texmf-dist/tex/latex/hyperref/pd1enc.def)
(d:/software/texlive/2025/texmf-dist/tex/generic/intcalc/intcalc.sty)
(d:/software/texlive/2025/texmf-dist/tex/latex/hyperref/puenc.def)
(d:/software/texlive/2025/texmf-dist/tex/latex/url/url.sty)
(d:/software/texlive/2025/texmf-dist/tex/generic/bitset/bitset.sty
(d:/software/texlive/2025/texmf-dist/tex/generic/bigintcalc/bigintcalc.sty)))
(d:/software/texlive/2025/texmf-dist/tex/latex/hyperref/hpdftex.def
(d:/software/texlive/2025/texmf-dist/tex/latex/rerunfilecheck/rerunfilecheck.st
y
(d:/software/texlive/2025/texmf-dist/tex/generic/uniquecounter/uniquecounter.st
y))) (d:/software/texlive/2025/texmf-dist/tex/latex/algorithms/algorithm.sty
(d:/software/texlive/2025/texmf-dist/tex/latex/float/float.sty)
(d:/software/texlive/2025/texmf-dist/tex/latex/base/ifthen.sty))
(d:/software/texlive/2025/texmf-dist/tex/latex/algorithmicx/algpseudocode.sty
(d:/software/texlive/2025/texmf-dist/tex/latex/algorithmicx/algorithmicx.sty
Document Style algorithmicx 1.2 - a greatly improved `algorithmic' style
)
Document Style - pseudocode environments for use with the `algorithmicx' style
) (d:/software/texlive/2025/texmf-dist/tex/latex/xcolor/xcolor.sty
(d:/software/texlive/2025/texmf-dist/tex/latex/graphics-cfg/color.cfg)
(d:/software/texlive/2025/texmf-dist/tex/latex/graphics/mathcolor.ltx))
(./main.aux)
(d:/software/texlive/2025/texmf-dist/tex/context/base/mkii/supp-pdf.mkii
[Loading MPS to PDF converter (version 2006.09.02).]
) (d:/software/texlive/2025/texmf-dist/tex/latex/epstopdf-pkg/epstopdf-base.sty
(d:/software/texlive/2025/texmf-dist/tex/latex/latexconfig/epstopdf-sys.cfg))
(./main.out) (./main.out)
(d:/software/texlive/2025/texmf-dist/tex/latex/amsfonts/umsa.fd)
(d:/software/texlive/2025/texmf-dist/tex/latex/amsfonts/umsb.fd)

Package hyperref Warning: Token not allowed in a PDF string (Unicode):
(hyperref)                removing `\<def>-command' on input line 69.


Package hyperref Warning: Token not allowed in a PDF string (Unicode):
(hyperref)                removing `\cnotenum' on input line 69.


Package hyperref Warning: Token not allowed in a PDF string (Unicode):
(hyperref)                removing `\<def>-command' on input line 69.


Package hyperref Warning: Token not allowed in a PDF string (Unicode):
(hyperref)                removing `\@corref' on input line 69.

[1{d:/software/texlive/2025/texmf-var/fonts/map/pdftex/updmap/pdftex.map}{d:/so
ftware/texlive/2025/texmf-dist/fonts/enc/dvips/cm-super/cm-super-t1.enc}]
(./sections/01_intro.tex
Overfull \hbox (6.33092pt too wide) in paragraph at lines 15--36
\T1/cmr/m/n/12 based approaches---equivalent-circuit mod-els, ex-tended and un-
scented Kalman
[2]
Overfull \hbox (3.54259pt too wide) in paragraph at lines 66--73
[]\T1/cmr/bx/n/12 Multi-scale branches with per-layer gated cross-scale ex-chan
ge.

Overfull \hbox (17.03818pt too wide) in paragraph at lines 66--73
\T1/cmr/m/n/12 tery degra-da-tion and show that the op-ti-mal ar-chi-tec-ture i
s data-dependent:

Overfull \hbox (0.84897pt too wide) in paragraph at lines 75--83
\T1/cmr/m/n/12 Arrhenius-and-internal-resistance de-cay model is in-jected into
 the train-
) (./sections/02_related.tex [3] [4]) (./sections/03_method.tex [5] [6]
[7
pdfTeX warning (ext4): destination with the same identifier (name{figure.1}) ha
s been already used, duplicate ignored
<argument> ...shipout:D \box_use:N \l_shipout_box 
                                                  \__shipout_drop_firstpage_...
l.121 \end{equation}
                     <./figures/fig_arch_main.png (PNG copy)>] [8
pdfTeX warning (ext4): destination with the same identifier (name{figure.2}) ha
s been already used, duplicate ignored
<argument> ...shipout:D \box_use:N \l_shipout_box 
                                                  \__shipout_drop_firstpage_...
l.153 \begin{equation}
                       <./figures/fig_gdn2_block.png (PNG copy)>]

LaTeX Warning: Reference `fig:phys_ir' on page 9 undefined on input line 181.

[9] [10
pdfTeX warning (ext4): destination with the same identifier (name{figure.3}) ha
s been already used, duplicate ignored
<argument> ...shipout:D \box_use:N \l_shipout_box 
                                                  \__shipout_drop_firstpage_...
l.216 
       <./figures/fig_phys_ir.png (PNG copy)>]) (./sections/04_experiments.tex
[11] [12
pdfTeX warning (ext4): destination with the same identifier (name{table.1}) has
 been already used, duplicate ignored
<argument> ...shipout:D \box_use:N \l_shipout_box 
                                                  \__shipout_drop_firstpage_...
l.88 
     ]
Overfull \hbox (3.48444pt too wide) in paragraph at lines 169--172
\T1/cmr/m/n/12 sen-tial: xchg re-duces MAE by 53% ver-sus single-scale (0.0034 
vs. 0.0072)
[13
pdfTeX warning (ext4): destination with the same identifier (name{figure.4}) ha
s been already used, duplicate ignored
<argument> ...shipout:D \box_use:N \l_shipout_box 
                                                  \__shipout_drop_firstpage_...
l.172 \item \textbf
                   {Cross-battery heterogeneous data (MIT, TJU):}{d:/software/t
exlive/2025/texmf-dist/fonts/enc/dvips/cm-super/cm-super-ts1.enc} <./figures/fi
g_traj.pdf>] [14
pdfTeX warning (ext4): destination with the same identifier (name{table.2}) has
 been already used, duplicate ignored
<argument> ...shipout:D \box_use:N \l_shipout_box 
                                                  \__shipout_drop_firstpage_...
l.172 \item \textbf
                   {Cross-battery heterogeneous data (MIT, TJU):}
pdfTeX warning (ext4): destination with the same identifier (name{figure.5}) ha
s been already used, duplicate ignored
<argument> ...shipout:D \box_use:N \l_shipout_box 
                                                  \__shipout_drop_firstpage_...
l.172 \item \textbf
                   {Cross-battery heterogeneous data (MIT, TJU):} <./figures/fi
g_k32.pdf>]
Overfull \hbox (18.33894pt too wide) in paragraph at lines 172--175
[]\T1/cmr/bx/n/12 Cross-battery het-ero-ge-neous data (MIT, TJU): \T1/cmr/m/n/1
2 multi-scale branches

Overfull \hbox (11.75174pt too wide) in paragraph at lines 177--182
\T1/cmr/m/n/12 tracks the lo-cal ca-pac-ity rises, whereas single-scale and non
-interacting branches

Overfull \hbox (73.04765pt too wide) in paragraph at lines 256--305
 [][] 

Overfull \hbox (28.70317pt too wide) in paragraph at lines 333--348
\T1/cmr/m/n/12 within 0.005 (NASA: 0.9891/0.9786/0.9754 vs. Patch-Former 0.9924
/0.9835/0.9663;
[15
pdfTeX warning (ext4): destination with the same identifier (name{table.3}) has
 been already used, duplicate ignored
<argument> ...shipout:D \box_use:N \l_shipout_box 
                                                  \__shipout_drop_firstpage_...
l.348 
      ] [16
pdfTeX warning (ext4): destination with the same identifier (name{figure.6}) ha
s been already used, duplicate ignored
<argument> ...shipout:D \box_use:N \l_shipout_box 
                                                  \__shipout_drop_firstpage_...
l.348 
      
pdfTeX warning (ext4): destination with the same identifier (name{table.4}) has
 been already used, duplicate ignored
<argument> ...shipout:D \box_use:N \l_shipout_box 
                                                  \__shipout_drop_firstpage_...
l.348 
       <./figures/fig_regen.pdf>] [17
pdfTeX warning (ext4): destination with the same identifier (name{table.5}) has
 been already used, duplicate ignored
<argument> ...shipout:D \box_use:N \l_shipout_box 
                                                  \__shipout_drop_firstpage_...
l.348 
      ] [18
pdfTeX warning (ext4): destination with the same identifier (name{figure.7}) ha
s been already used, duplicate ignored
<argument> ...shipout:D \box_use:N \l_shipout_box 
                                                  \__shipout_drop_firstpage_...
l.368 
       <./figures/fig_ablation.pdf>] [19
pdfTeX warning (ext4): destination with the same identifier (name{figure.8}) ha
s been already used, duplicate ignored
<argument> ...shipout:D \box_use:N \l_shipout_box 
                                                  \__shipout_drop_firstpage_...
l.368 
      
pdfTeX warning (ext4): destination with the same identifier (name{figure.9}) ha
s been already used, duplicate ignored
<argument> ...shipout:D \box_use:N \l_shipout_box 
                                                  \__shipout_drop_firstpage_...
l.368 
       <./figures/fig_metrics_sp.pdf> <./figures/fig_compare.pdf>] [20
pdfTeX warning (ext4): destination with the same identifier (name{table.6}) has
 been already used, duplicate ignored
<argument> ...shipout:D \box_use:N \l_shipout_box 
                                                  \__shipout_drop_firstpage_...
l.456 
      ] [21
pdfTeX warning (ext4): destination with the same identifier (name{figure.10}) h
as been already used, duplicate ignored
<argument> ...shipout:D \box_use:N \l_shipout_box 
                                                  \__shipout_drop_firstpage_...
l.456 
      
pdfTeX warning (ext4): destination with the same identifier (name{table.7}) has
 been already used, duplicate ignored
<argument> ...shipout:D \box_use:N \l_shipout_box 
                                                  \__shipout_drop_firstpage_...
l.456 
      
pdfTeX warning (ext4): destination with the same identifier (name{figure.11}) h
as been already used, duplicate ignored
<argument> ...shipout:D \box_use:N \l_shipout_box 
                                                  \__shipout_drop_firstpage_...
l.456 
       <./figures/fig_horizon.pdf> <./figures/fig_stages.pdf>] [22
pdfTeX warning (ext4): destination with the same identifier (name{figure.12}) h
as been already used, duplicate ignored
<argument> ...shipout:D \box_use:N \l_shipout_box 
                                                  \__shipout_drop_firstpage_...
l.499 F
       igure~\ref{fig:deploy} shows the complete edge-deployment story:
pdfTeX warning (ext4): destination with the same identifier (name{table.8}) has
 been already used, duplicate ignored
<argument> ...shipout:D \box_use:N \l_shipout_box 
                                                  \__shipout_drop_firstpage_...
l.499 F
       igure~\ref{fig:deploy} shows the complete edge-deployment story: <./figu
res/fig_quantile.pdf>]) [23
pdfTeX warning (ext4): destination with the same identifier (name{figure.13}) h
as been already used, duplicate ignored
<argument> ...shipout:D \box_use:N \l_shipout_box 
                                                  \__shipout_drop_firstpage_...
l.75 \clearpage
               
pdfTeX warning (ext4): destination with the same identifier (name{table.9}) has
 been already used, duplicate ignored
<argument> ...shipout:D \box_use:N \l_shipout_box 
                                                  \__shipout_drop_firstpage_...
l.75 \clearpage
                <./figures/fig_deploy.png (PNG copy)>]
(./sections/05_conclusion.tex) (./main.bbl [24] [25] [26] [27] [28] [29])
[30] (./main.aux)

LaTeX Warning: There were undefined references.


LaTeX Warning: Label(s) may have changed. Rerun to get cross-references right.


Package rerunfilecheck Warning: File `main.out' has changed.
(rerunfilecheck)                Rerun to get outlines right
(rerunfilecheck)                or use package `bookmark'.

 )
(see the transcript file for additional information)
pdfTeX warning (dest): name{figure.16} has been referenced but does not exist, 
replaced by a fixed one

<d:/software/texlive/2025/texmf-dist/fonts/type1/public/amsfonts/cm/cmbx10.pfb>
<d:/software/texlive/2025/texmf-dist/fonts/type1/public/amsfonts/cm/cmbx12.pfb>
<d:/software/texlive/2025/texmf-dist/fonts/type1/public/amsfonts/cm/cmex10.pfb>
<d:/software/texlive/2025/texmf-dist/fonts/type1/public/amsfonts/cm/cmmi10.pfb>
<d:/software/texlive/2025/texmf-dist/fonts/type1/public/amsfonts/cm/cmmi12.pfb>
<d:/software/texlive/2025/texmf-dist/fonts/type1/public/amsfonts/cm/cmmi6.pfb><
d:/software/texlive/2025/texmf-dist/fonts/type1/public/amsfonts/cm/cmmi7.pfb><d
:/software/texlive/2025/texmf-dist/fonts/type1/public/amsfonts/cm/cmmi8.pfb><d:
/software/texlive/2025/texmf-dist/fonts/type1/public/amsfonts/cm/cmmib10.pfb><d
:/software/texlive/2025/texmf-dist/fonts/type1/public/amsfonts/cm/cmr10.pfb><d:
/software/texlive/2025/texmf-dist/fonts/type1/public/amsfonts/cm/cmr12.pfb><d:/
software/texlive/2025/texmf-dist/fonts/type1/public/amsfonts/cm/cmr6.pfb><d:/so
ftware/texlive/2025/texmf-dist/fonts/type1/public/amsfonts/cm/cmr7.pfb><d:/soft
ware/texlive/2025/texmf-dist/fonts/type1/public/amsfonts/cm/cmr8.pfb><d:/softwa
re/texlive/2025/texmf-dist/fonts/type1/public/amsfonts/cm/cmsy10.pfb><d:/softwa
re/texlive/2025/texmf-dist/fonts/type1/public/amsfonts/cm/cmsy6.pfb><d:/softwar
e/texlive/2025/texmf-dist/fonts/type1/public/amsfonts/cm/cmsy7.pfb><d:/software
/texlive/2025/texmf-dist/fonts/type1/public/amsfonts/cm/cmsy8.pfb><d:/software/
texlive/2025/texmf-dist/fonts/type1/public/amsfonts/symbols/msbm10.pfb><d:/soft
ware/texlive/2025/texmf-dist/fonts/type1/public/cm-super/sfbx0800.pfb><d:/softw
are/texlive/2025/texmf-dist/fonts/type1/public/cm-super/sfbx1000.pfb><d:/softwa
re/texlive/2025/texmf-dist/fonts/type1/public/cm-super/sfbx1200.pfb><d:/softwar
e/texlive/2025/texmf-dist/fonts/type1/public/cm-super/sfrm0800.pfb><d:/software
/texlive/2025/texmf-dist/fonts/type1/public/cm-super/sfrm1000.pfb><d:/software/
texlive/2025/texmf-dist/fonts/type1/public/cm-super/sfrm1200.pfb><d:/software/t
exlive/2025/texmf-dist/fonts/type1/public/cm-super/sfrm1728.pfb><d:/software/te
xlive/2025/texmf-dist/fonts/type1/public/cm-super/sfti0700.pfb><d:/software/tex
live/2025/texmf-dist/fonts/type1/public/cm-super/sfti0800.pfb><d:/software/texl
ive/2025/texmf-dist/fonts/type1/public/cm-super/sfti1000.pfb><d:/software/texli
ve/2025/texmf-dist/fonts/type1/public/cm-super/sfti1200.pfb><d:/software/texliv
e/2025/texmf-dist/fonts/type1/public/cm-super/sftt1000.pfb><d:/software/texlive
/2025/texmf-dist/fonts/type1/public/cm-super/sftt1200.pfb>
Output written on main.pdf (30 pages, 6614279 bytes).
Transcript written on main.log.
