\BOOKMARK [1][-]{section.1}{\376\377\000I\000n\000t\000r\000o\000d\000u\000c\000t\000i\000o\000n}{}% 1
\BOOKMARK [1][-]{section.2}{\376\377\000R\000e\000l\000a\000t\000e\000d\000\040\000W\000o\000r\000k}{}% 2
\BOOKMARK [2][-]{subsection.2.1}{\376\377\000M\000o\000d\000e\000l\000-\000b\000a\000s\000e\000d\000\040\000a\000n\000d\000\040\000t\000r\000a\000d\000i\000t\000i\000o\000n\000a\000l\000\040\000m\000a\000c\000h\000i\000n\000e\000-\000l\000e\000a\000r\000n\000i\000n\000g\000\040\000m\000e\000t\000h\000o\000d\000s}{section.2}% 3
\BOOKMARK [2][-]{subsection.2.2}{\376\377\000D\000e\000e\000p\000\040\000s\000e\000q\000u\000e\000n\000c\000e\000\040\000m\000o\000d\000e\000l\000s\000\040\000f\000o\000r\000\040\000b\000a\000t\000t\000e\000r\000y\000\040\000p\000r\000o\000g\000n\000o\000s\000t\000i\000c\000s}{section.2}% 4
\BOOKMARK [2][-]{subsection.2.3}{\376\377\000S\000t\000a\000t\000e\000\040\000s\000p\000a\000c\000e\000\040\000m\000o\000d\000e\000l\000s}{section.2}% 5
\BOOKMARK [2][-]{subsection.2.4}{\376\377\000G\000r\000e\000y\000\040\000s\000y\000s\000t\000e\000m\000\040\000m\000o\000d\000e\000l\000s}{section.2}% 6
\BOOKMARK [2][-]{subsection.2.5}{\376\377\000P\000h\000y\000s\000i\000c\000s\000-\000i\000n\000f\000o\000r\000m\000e\000d\000\040\000b\000a\000t\000t\000e\000r\000y\000\040\000m\000o\000d\000e\000l\000i\000n\000g}{section.2}% 7
\BOOKMARK [2][-]{subsection.2.6}{\376\377\000L\000i\000n\000e\000a\000r\000\040\000a\000t\000t\000e\000n\000t\000i\000o\000n\000\040\000a\000n\000d\000\040\000r\000e\000c\000u\000r\000r\000e\000n\000t\000\040\000m\000i\000x\000i\000n\000g}{section.2}% 8
\BOOKMARK [1][-]{section.3}{\376\377\000M\000e\000t\000h\000o\000d}{}% 9
\BOOKMARK [2][-]{subsection.3.1}{\376\377\000P\000r\000o\000b\000l\000e\000m\000\040\000f\000o\000r\000m\000u\000l\000a\000t\000i\000o\000n\000\040\000a\000n\000d\000\040\000i\000n\000p\000u\000t\000\040\000d\000e\000s\000i\000g\000n}{section.3}% 10
\BOOKMARK [2][-]{subsection.3.2}{\376\377\000G\000a\000t\000e\000d\000\040\000D\000e\000l\000t\000a\000N\000e\000t\000-\0002\000\040\000b\000a\000c\000k\000b\000o\000n\000e}{section.3}% 11
\BOOKMARK [2][-]{subsection.3.3}{\376\377\000M\000u\000l\000t\000i\000-\000s\000c\000a\000l\000e\000\040\000b\000r\000a\000n\000c\000h\000e\000s\000\040\000w\000i\000t\000h\000\040\000p\000e\000r\000-\000l\000a\000y\000e\000r\000\040\000c\000r\000o\000s\000s\000-\000s\000c\000a\000l\000e\000\040\000e\000x\000c\000h\000a\000n\000g\000e}{section.3}% 12
\BOOKMARK [2][-]{subsection.3.4}{\376\377\000P\000h\000y\000s\000i\000c\000s\000-\000c\000o\000n\000s\000i\000s\000t\000e\000n\000t\000\040\000e\000x\000t\000e\000n\000s\000i\000o\000n\000:\000\040\000t\000h\000e\000\040\000r\000a\000t\000e\000\040\000h\000e\000a\000d}{section.3}% 13
\BOOKMARK [2][-]{subsection.3.5}{\376\377\000R\000e\000a\000d\000o\000u\000t\000\040\000a\000n\000d\000\040\000t\000r\000a\000i\000n\000i\000n\000g\000\040\000p\000r\000o\000t\000o\000c\000o\000l}{section.3}% 14
\BOOKMARK [2][-]{subsection.3.6}{\376\377\000U\000n\000c\000e\000r\000t\000a\000i\000n\000t\000y\000\040\000q\000u\000a\000n\000t\000i\000f\000i\000c\000a\000t\000i\000o\000n\000\040\000w\000i\000t\000h\000\040\000c\000o\000n\000f\000o\000r\000m\000a\000l\000\040\000c\000a\000l\000i\000b\000r\000a\000t\000i\000o\000n}{section.3}% 15
\BOOKMARK [1][-]{section.4}{\376\377\000E\000x\000p\000e\000r\000i\000m\000e\000n\000t\000s}{}% 16
\BOOKMARK [2][-]{subsection.4.1}{\376\377\000D\000a\000t\000a\000s\000e\000t\000s}{section.4}% 17
\BOOKMARK [2][-]{subsection.4.2}{\376\377\000E\000v\000a\000l\000u\000a\000t\000i\000o\000n\000\040\000p\000r\000o\000t\000o\000c\000o\000l}{section.4}% 18
\BOOKMARK [2][-]{subsection.4.3}{\376\377\000M\000a\000i\000n\000\040\000r\000e\000s\000u\000l\000t\000s}{section.4}% 19
\BOOKMARK [3][-]{subsubsection.4.3.1}{\376\377\000C\000A\000L\000C\000E\000:\000\040\000l\000o\000n\000g\000-\000t\000e\000r\000m\000\040\000m\000o\000n\000o\000t\000o\000n\000i\000c\000\040\000m\000o\000n\000i\000t\000o\000r\000i\000n\000g}{subsection.4.3}% 20
\BOOKMARK [3][-]{subsubsection.4.3.2}{\376\377\000N\000A\000S\000A\000:\000\040\000s\000h\000o\000r\000t\000-\000h\000i\000s\000t\000o\000r\000y\000\040\000r\000a\000p\000i\000d\000\040\000a\000s\000s\000e\000s\000s\000m\000e\000n\000t}{subsection.4.3}% 21
\BOOKMARK [3][-]{subsubsection.4.3.3}{\376\377\000M\000I\000T\000:\000\040\000c\000r\000o\000s\000s\000-\000c\000e\000l\000l\000\040\000f\000l\000e\000e\000t\000\040\000s\000c\000r\000e\000e\000n\000i\000n\000g}{subsection.4.3}% 22
\BOOKMARK [3][-]{subsubsection.4.3.4}{\376\377\000P\000A\000N\000A\000S\000O\000N\000I\000C\000:\000\040\000r\000e\000g\000e\000n\000e\000r\000a\000t\000i\000o\000n\000-\000r\000i\000c\000h\000\040\000f\000l\000e\000e\000t\000\040\000o\000p\000e\000r\000a\000t\000i\000o\000n}{subsection.4.3}% 23
\BOOKMARK [3][-]{subsubsection.4.3.5}{\376\377\000T\000J\000U\000:\000\040\000l\000o\000n\000g\000-\000l\000i\000f\000e\000\040\000c\000y\000c\000l\000e\000\040\000c\000o\000u\000n\000t\000i\000n\000g}{subsection.4.3}% 24
\BOOKMARK [2][-]{subsection.4.4}{\376\377\000A\000b\000l\000a\000t\000i\000o\000n\000\040\000s\000t\000u\000d\000i\000e\000s}{section.4}% 25
\BOOKMARK [2][-]{subsection.4.5}{\376\377\000P\000h\000y\000s\000i\000c\000s\000\040\000e\000x\000t\000e\000n\000s\000i\000o\000n\000\040\000a\000n\000d\000\040\000i\000n\000t\000e\000r\000p\000r\000e\000t\000a\000b\000i\000l\000i\000t\000y}{section.4}% 26
\BOOKMARK [3][-]{subsubsection.4.5.1}{\376\377\000U\000n\000s\000e\000e\000n\000-\000t\000a\000i\000l\000\040\000e\000x\000t\000r\000a\000p\000o\000l\000a\000t\000i\000o\000n}{subsection.4.5}% 27
\BOOKMARK [3][-]{subsubsection.4.5.2}{\376\377\000C\000o\000r\000r\000u\000p\000t\000e\000d\000-\000i\000n\000p\000u\000t\000\040\000r\000o\000b\000u\000s\000t\000n\000e\000s\000s}{subsection.4.5}% 28
\BOOKMARK [3][-]{subsubsection.4.5.3}{\376\377\000I\000n\000t\000e\000r\000p\000r\000e\000t\000a\000b\000i\000l\000i\000t\000y\000\040\000o\000f\000\040\000t\000h\000e\000\040\000r\000a\000t\000e\000\040\000h\000e\000a\000d}{subsection.4.5}% 29
\BOOKMARK [2][-]{subsection.4.6}{\376\377\000U\000n\000c\000e\000r\000t\000a\000i\000n\000t\000y\000\040\000q\000u\000a\000n\000t\000i\000f\000i\000c\000a\000t\000i\000o\000n}{section.4}% 30
\BOOKMARK [2][-]{subsection.4.7}{\376\377\000D\000e\000p\000l\000o\000y\000m\000e\000n\000t}{section.4}% 31
\BOOKMARK [2][-]{subsection.4.8}{\376\377\000L\000i\000m\000i\000t\000a\000t\000i\000o\000n\000s}{section.4}% 32
\BOOKMARK [1][-]{section.5}{\376\377\000C\000o\000n\000c\000l\000u\000s\000i\000o\000n}{}% 33
